Archive member included to satisfy reference by file (symbol)

/opt/microchip/xc8/v2.10/avr/bin/../lib/gcc/avr/5.4.0/avrxmega3/libgcc.a(_udivmodqi4.o)
                              dist/AWS_IOT/production/__pa_temp_4517/socket.o (__udivmodqi4)
/opt/microchip/xc8/v2.10/avr/bin/../lib/gcc/avr/5.4.0/avrxmega3/libgcc.a(_udivmodhi4.o)
                              dist/AWS_IOT/production/__pa_temp_4517/atcacert_def.o (__udivmodhi4)
/opt/microchip/xc8/v2.10/avr/bin/../lib/gcc/avr/5.4.0/avrxmega3/libgcc.a(_divmodhi4.o)
                              dist/AWS_IOT/production/__pa_temp_4517/atcacert_client.o (__divmodhi4)
/opt/microchip/xc8/v2.10/avr/bin/../lib/gcc/avr/5.4.0/avrxmega3/libgcc.a(_udivmodsi4.o)
                              dist/AWS_IOT/production/__pa_temp_4517/atcacert_date.o (__udivmodsi4)
/opt/microchip/xc8/v2.10/avr/bin/../lib/gcc/avr/5.4.0/avrxmega3/libgcc.a(_divmodsi4.o)
                              dist/AWS_IOT/production/__pa_temp_4517/sensors_handling.o (__divmodsi4)
/opt/microchip/xc8/v2.10/avr/bin/../lib/gcc/avr/5.4.0/avrxmega3/libgcc.a(_exit.o)
                              /opt/microchip/mplabx/v5.30/packs/Microchip/ATmega_DFP/2.0.12/gcc/dev/atmega4808/avrxmega3/crtatmega4808.o (exit)
/opt/microchip/xc8/v2.10/avr/bin/../lib/gcc/avr/5.4.0/avrxmega3/libgcc.a(_tablejump2.o)
                              dist/AWS_IOT/production/__pa_temp_4517/atcacert_def.o (__tablejump2__)
/opt/microchip/xc8/v2.10/avr/bin/../lib/gcc/avr/5.4.0/avrxmega3/libgcc.a(_copy_data.o)
                              dist/AWS_IOT/production/__pa_temp_4517/cli.o (__do_copy_data)
/opt/microchip/xc8/v2.10/avr/bin/../lib/gcc/avr/5.4.0/avrxmega3/libgcc.a(_bswapsi2.o)
                              dist/AWS_IOT/production/__pa_temp_4517/atcacert_date.o (__bswapsi2)
/opt/microchip/xc8/v2.10/avr/bin/../lib/gcc/avr/5.4.0/avrxmega3/libgcc.a(_umulhisi3.o)
                              dist/AWS_IOT/production/__pa_temp_4517/mqtt_core.o (__umulhisi3)
/opt/microchip/xc8/v2.10/avr/bin/../lib/gcc/avr/5.4.0/avrxmega3/libgcc.a(_usmulhisi3.o)
                              dist/AWS_IOT/production/__pa_temp_4517/atcacert_date.o (__usmulhisi3)
/opt/microchip/xc8/v2.10/avr/bin/../lib/gcc/avr/5.4.0/avrxmega3/libgcc.a(_muluhisi3.o)
                              dist/AWS_IOT/production/__pa_temp_4517/atcacert_date.o (__muluhisi3)
/opt/microchip/xc8/v2.10/avr/bin/../lib/gcc/avr/5.4.0/avrxmega3/libgcc.a(_mulshisi3.o)
                              dist/AWS_IOT/production/__pa_temp_4517/atcacert_date.o (__mulshisi3)
/opt/microchip/xc8/v2.10/avr/bin/../lib/gcc/avr/5.4.0/../../../../avr/lib/avrxmega3/libc.a(atoi_M.o)
                              dist/AWS_IOT/production/__pa_temp_4517/cli.o (atoi)
/opt/microchip/xc8/v2.10/avr/bin/../lib/gcc/avr/5.4.0/../../../../avr/lib/avrxmega3/libc.a(tolower.o)
                              dist/AWS_IOT/production/__pa_temp_4517/atca_helpers.o (tolower)
/opt/microchip/xc8/v2.10/avr/bin/../lib/gcc/avr/5.4.0/../../../../avr/lib/avrxmega3/libc.a(toupper.o)
                              dist/AWS_IOT/production/__pa_temp_4517/atca_helpers.o (toupper)
/opt/microchip/xc8/v2.10/avr/bin/../lib/gcc/avr/5.4.0/../../../../avr/lib/avrxmega3/libc.a(strtok.o)
                              dist/AWS_IOT/production/__pa_temp_4517/cli.o (strtok)
/opt/microchip/xc8/v2.10/avr/bin/../lib/gcc/avr/5.4.0/../../../../avr/lib/avrxmega3/libc.a(memcmp.o)
                              dist/AWS_IOT/production/__pa_temp_4517/mqtt_service.o (memcmp)
/opt/microchip/xc8/v2.10/avr/bin/../lib/gcc/avr/5.4.0/../../../../avr/lib/avrxmega3/libc.a(memcpy.o)
                              dist/AWS_IOT/production/__pa_temp_4517/atcacert_client.o (memcpy)
/opt/microchip/xc8/v2.10/avr/bin/../lib/gcc/avr/5.4.0/../../../../avr/lib/avrxmega3/libc.a(memmove.o)
                              dist/AWS_IOT/production/__pa_temp_4517/atcacert_client.o (memmove)
/opt/microchip/xc8/v2.10/avr/bin/../lib/gcc/avr/5.4.0/../../../../avr/lib/avrxmega3/libc.a(memset.o)
                              dist/AWS_IOT/production/__pa_temp_4517/atcacert_def.o (memset)
/opt/microchip/xc8/v2.10/avr/bin/../lib/gcc/avr/5.4.0/../../../../avr/lib/avrxmega3/libc.a(strchr.o)
                              dist/AWS_IOT/production/__pa_temp_4517/cli.o (strchr)
/opt/microchip/xc8/v2.10/avr/bin/../lib/gcc/avr/5.4.0/../../../../avr/lib/avrxmega3/libc.a(strcmp.o)
                              dist/AWS_IOT/production/__pa_temp_4517/cli.o (strcmp)
/opt/microchip/xc8/v2.10/avr/bin/../lib/gcc/avr/5.4.0/../../../../avr/lib/avrxmega3/libc.a(strcpy.o)
                              dist/AWS_IOT/production/__pa_temp_4517/cli.o (strcpy)
/opt/microchip/xc8/v2.10/avr/bin/../lib/gcc/avr/5.4.0/../../../../avr/lib/avrxmega3/libc.a(strncmp.o)
                              dist/AWS_IOT/production/__pa_temp_4517/wifi_service.o (strncmp)
/opt/microchip/xc8/v2.10/avr/bin/../lib/gcc/avr/5.4.0/../../../../avr/lib/avrxmega3/libc.a(strncpy.o)
                              dist/AWS_IOT/production/__pa_temp_4517/cli.o (strncpy)
[...]
Memory Configuration

Name             Origin             Length             Attributes
text             0x00000000         0x0000c000         xr
data             0x00802800         0x00001800         rw !x
eeprom           0x00810000         0x00000100         rw !x
fuse             0x00820000         0x00000009         rw !x
lock             0x00830000         0x00000400         rw !x
signature        0x00840000         0x00000400         rw !x
user_signatures  0x00850000         0x00000400         rw !x
*default*        0x00000000         0xffffffff

Linker script and memory map

LOAD dist/AWS_IOT/production/__pa_temp_4517/libgcc_a__negsi2.o
LOAD dist/AWS_IOT/production/__pa_temp_4517/libc_a_puts.o
LOAD dist/AWS_IOT/production/__pa_temp_4517/libc_a_fputc.o
LOAD dist/AWS_IOT/production/__pa_temp_4517/libc_a_atol.o
Address of section .data set to 0x802800
                0x00004000                __RODATA_PM_OFFSET__ = 0x4000
LOAD /opt/microchip/mplabx/v5.30/packs/Microchip/ATmega_DFP/2.0.12/gcc/dev/atmega4808/avrxmega3/crtatmega4808.o
                0x00000001                __MPLAB_BUILD = 0x1
LOAD dist/AWS_IOT/production/__pa_temp_4517/cli.o
LOAD dist/AWS_IOT/production/__pa_temp_4517/crypto_client.o
LOAD dist/AWS_IOT/production/__pa_temp_4517/cloud_service.o
LOAD dist/AWS_IOT/production/__pa_temp_4517/wifi_service.o
LOAD dist/AWS_IOT/production/__pa_temp_4517/mqtt_service.o
LOAD dist/AWS_IOT/production/__pa_temp_4517/aws_cloud_service.o
LOAD build/AWS_IOT/production/mcc_generated_files/credentials_storage/credentials_storage.o
LOAD dist/AWS_IOT/production/__pa_temp_4517/atcacert_client.o
LOAD dist/AWS_IOT/production/__pa_temp_4517/atcacert_date.o
LOAD dist/AWS_IOT/production/__pa_temp_4517/atcacert_def.o
LOAD dist/AWS_IOT/production/__pa_temp_4517/atcacert_der.o
LOAD dist/AWS_IOT/production/__pa_temp_4517/atcacert_host_hw.o
LOAD dist/AWS_IOT/production/__pa_temp_4517/atcacert_host_sw.o
LOAD dist/AWS_IOT/production/__pa_temp_4517/atcacert_pem.o
LOAD dist/AWS_IOT/production/__pa_temp_4517/atca_basic.o
LOAD dist/AWS_IOT/production/__pa_temp_4517/atca_basic_checkmac.o
LOAD dist/AWS_IOT/production/__pa_temp_4517/atca_basic_counter.o
LOAD dist/AWS_IOT/production/__pa_temp_4517/atca_basic_derivekey.o
LOAD dist/AWS_IOT/production/__pa_temp_4517/atca_basic_ecdh.o
LOAD dist/AWS_IOT/production/__pa_temp_4517/atca_basic_gendig.o
LOAD dist/AWS_IOT/production/__pa_temp_4517/atca_basic_genkey.o
LOAD dist/AWS_IOT/production/__pa_temp_4517/atca_basic_hmac.o
LOAD dist/AWS_IOT/production/__pa_temp_4517/atca_basic_info.o
LOAD dist/AWS_IOT/production/__pa_temp_4517/atca_basic_kdf.o
LOAD dist/AWS_IOT/production/__pa_temp_4517/atca_basic_lock.o
LOAD dist/AWS_IOT/production/__pa_temp_4517/atca_basic_mac.o
LOAD dist/AWS_IOT/production/__pa_temp_4517/atca_basic_nonce.o
LOAD dist/AWS_IOT/production/__pa_temp_4517/atca_basic_privwrite.o
LOAD dist/AWS_IOT/production/__pa_temp_4517/atca_basic_random.o
LOAD dist/AWS_IOT/production/__pa_temp_4517/atca_basic_read.o
LOAD dist/AWS_IOT/production/__pa_temp_4517/atca_basic_secureboot.o
LOAD dist/AWS_IOT/production/__pa_temp_4517/atca_basic_selftest.o
LOAD dist/AWS_IOT/production/__pa_temp_4517/atca_basic_sha.o
LOAD dist/AWS_IOT/production/__pa_temp_4517/atca_basic_sign.o
LOAD dist/AWS_IOT/production/__pa_temp_4517/atca_basic_updateextra.o
LOAD dist/AWS_IOT/production/__pa_temp_4517/atca_basic_verify.o
LOAD dist/AWS_IOT/production/__pa_temp_4517/atca_basic_write.o
LOAD dist/AWS_IOT/production/__pa_temp_4517/atca_helpers.o
LOAD dist/AWS_IOT/production/__pa_temp_4517/sha1_routines.o
LOAD dist/AWS_IOT/production/__pa_temp_4517/sha2_routines.o
LOAD build/AWS_IOT/production/mcc_generated_files/CryptoAuthenticationLibrary/crypto/atca_crypto_sw_ecdsa.o
LOAD build/AWS_IOT/production/mcc_generated_files/CryptoAuthenticationLibrary/crypto/atca_crypto_sw_rand.o
LOAD dist/AWS_IOT/production/__pa_temp_4517/atca_crypto_sw_sha1.o
LOAD dist/AWS_IOT/production/__pa_temp_4517/atca_crypto_sw_sha2.o
LOAD dist/AWS_IOT/production/__pa_temp_4517/atca_hal.o
LOAD dist/AWS_IOT/production/__pa_temp_4517/atca_i2c_hal.o
LOAD dist/AWS_IOT/production/__pa_temp_4517/hal_i2c_timer.o
LOAD dist/AWS_IOT/production/__pa_temp_4517/atca_host.o
LOAD dist/AWS_IOT/production/__pa_temp_4517/atca_jwt.o
LOAD build/AWS_IOT/production/mcc_generated_files/CryptoAuthenticationLibrary/atca_cfgs.o
LOAD dist/AWS_IOT/production/__pa_temp_4517/atca_command.o
LOAD build/AWS_IOT/production/mcc_generated_files/CryptoAuthenticationLibrary/atca_device.o
LOAD dist/AWS_IOT/production/__pa_temp_4517/atca_execution.o
LOAD dist/AWS_IOT/production/__pa_temp_4517/atca_iface.o
LOAD build/AWS_IOT/production/mcc_generated_files/drivers/spi_master.o
LOAD dist/AWS_IOT/production/__pa_temp_4517/timeout.o
LOAD dist/AWS_IOT/production/__pa_temp_4517/i2c_simple_master.o
LOAD dist/AWS_IOT/production/__pa_temp_4517/mqtt_comm_layer.o
LOAD dist/AWS_IOT/production/__pa_temp_4517/mqtt_core.o
LOAD dist/AWS_IOT/production/__pa_temp_4517/mqtt_exchange_buffer.o
LOAD build/AWS_IOT/production/mcc_generated_files/mqtt/mqtt_packetTransfer_interface.o
LOAD dist/AWS_IOT/production/__pa_temp_4517/mqtt_winc_adapter.o
LOAD dist/AWS_IOT/production/__pa_temp_4517/pin_manager.o
LOAD build/AWS_IOT/production/mcc_generated_files/src/cpuint.o
LOAD build/AWS_IOT/production/mcc_generated_files/src/spi0.o
LOAD build/AWS_IOT/production/mcc_generated_files/src/protected_io.o
LOAD build/AWS_IOT/production/mcc_generated_files/src/rtc.o
LOAD dist/AWS_IOT/production/__pa_temp_4517/twi0_master.o
LOAD build/AWS_IOT/production/mcc_generated_files/src/adc0.o
LOAD build/AWS_IOT/production/mcc_generated_files/src/usart2.o
LOAD dist/AWS_IOT/production/__pa_temp_4517/winc_spi.o
LOAD dist/AWS_IOT/production/__pa_temp_4517/winc_adapter.o
LOAD dist/AWS_IOT/production/__pa_temp_4517/winc_hif.o
LOAD dist/AWS_IOT/production/__pa_temp_4517/winc_asic.o
LOAD dist/AWS_IOT/production/__pa_temp_4517/winc_drv.o
LOAD dist/AWS_IOT/production/__pa_temp_4517/m2m_ssl.o
LOAD dist/AWS_IOT/production/__pa_temp_4517/m2m_wifi.o
LOAD build/AWS_IOT/production/mcc_generated_files/winc/m2m/m2m_periph.o
LOAD dist/AWS_IOT/production/__pa_temp_4517/m2m_ota.o
LOAD dist/AWS_IOT/production/__pa_temp_4517/m2m_fwinfo.o
LOAD build/AWS_IOT/production/mcc_generated_files/winc/m2m/m2m_crypto.o
LOAD dist/AWS_IOT/production/__pa_temp_4517/socket.o
LOAD dist/AWS_IOT/production/__pa_temp_4517/flexible_flash.o
LOAD dist/AWS_IOT/production/__pa_temp_4517/spi_flash.o
LOAD build/AWS_IOT/production/mcc_generated_files/mcc.o
LOAD build/AWS_IOT/production/mcc_generated_files/delay.o
LOAD build/AWS_IOT/production/mcc_generated_files/device_config.o
LOAD dist/AWS_IOT/production/__pa_temp_4517/application_manager.o
LOAD dist/AWS_IOT/production/__pa_temp_4517/debug_print.o
LOAD build/AWS_IOT/production/mcc_generated_files/led.o
LOAD dist/AWS_IOT/production/__pa_temp_4517/sensors_handling.o
LOAD dist/AWS_IOT/production/__pa_temp_4517/time_service.o
LOAD build/AWS_IOT/production/mcc_generated_files/CryptoAuthenticationLibrary/CryptoAuth_init.o
LOAD build/AWS_IOT/production/main.o
START GROUP
LOAD /opt/microchip/xc8/v2.10/avr/bin/../lib/gcc/avr/5.4.0/../../../../avr/lib/avrxmega3/libm.a
END GROUP
START GROUP
LOAD /opt/microchip/xc8/v2.10/avr/bin/../lib/gcc/avr/5.4.0/avrxmega3/libgcc.a
LOAD /opt/microchip/xc8/v2.10/avr/bin/../lib/gcc/avr/5.4.0/../../../../avr/lib/avrxmega3/libm.a
LOAD /opt/microchip/xc8/v2.10/avr/bin/../lib/gcc/avr/5.4.0/../../../../avr/lib/avrxmega3/libc.a
LOAD /opt/microchip/mplabx/v5.30/packs/Microchip/ATmega_DFP/2.0.12/gcc/dev/atmega4808/avrxmega3/libatmega4808.a
END GROUP
                [0x00000000]                __TEXT_REGION_ORIGIN__ = DEFINED (__TEXT_REGION_ORIGIN__)?__TEXT_REGION_ORIGIN__:0x0
                [0x00802800]                __DATA_REGION_ORIGIN__ = DEFINED (__DATA_REGION_ORIGIN__)?__DATA_REGION_ORIGIN__:0x802000
                [0x0000c000]                __TEXT_REGION_LENGTH__ = DEFINED (__TEXT_REGION_LENGTH__)?__TEXT_REGION_LENGTH__:0x100000
                [0x00001800]                __DATA_REGION_LENGTH__ = DEFINED (__DATA_REGION_LENGTH__)?__DATA_REGION_LENGTH__:0xffa0
                [0x00000100]                __EEPROM_REGION_LENGTH__ = DEFINED (__EEPROM_REGION_LENGTH__)?__EEPROM_REGION_LENGTH__:0x10000
                [0x00000009]                __FUSE_REGION_LENGTH__ = DEFINED (__FUSE_REGION_LENGTH__)?__FUSE_REGION_LENGTH__:0x400
                0x00000400                __LOCK_REGION_LENGTH__ = DEFINED (__LOCK_REGION_LENGTH__)?__LOCK_REGION_LENGTH__:0x400
                0x00000400                __SIGNATURE_REGION_LENGTH__ = DEFINED (__SIGNATURE_REGION_LENGTH__)?__SIGNATURE_REGION_LENGTH__:0x400
                0x00000400                __USER_SIGNATURE_REGION_LENGTH__ = DEFINED (__USER_SIGNATURE_REGION_LENGTH__)?__USER_SIGNATURE_REGION_LENGTH__:0x400
                0x00008000                __RODATA_PM_OFFSET__ = DEFINED (__RODATA_PM_OFFSET__)?__RODATA_PM_OFFSET__:0x8000

.hash
 *(.hash)

.dynsym
 *(.dynsym)

.dynstr
 *(.dynstr)

.gnu.version
 *(.gnu.version)

.gnu.version_d
 *(.gnu.version_d)

.gnu.version_r
 *(.gnu.version_r)

.rel.init
 *(.rel.init)

.rela.init
 *(.rela.init)

.rel.text
 *(.rel.text)
 *(.rel.text.*)
 *(.rel.gnu.linkonce.t*)

.rela.text
 *(.rela.text)
 *(.rela.text.*)
 *(.rela.gnu.linkonce.t*)

.rel.fini
 *(.rel.fini)

.rela.fini
 *(.rela.fini)

.rel.rodata
 *(.rel.rodata)
 *(.rel.rodata.*)
 *(.rel.gnu.linkonce.r*)

.rela.rodata
 *(.rela.rodata)
 *(.rela.rodata.*)
 *(.rela.gnu.linkonce.r*)

.rel.data
 *(.rel.data)
 *(.rel.data.*)
 *(.rel.gnu.linkonce.d*)

.rela.data
 *(.rela.data)
 *(.rela.data.*)
 *(.rela.gnu.linkonce.d*)

.rel.ctors
 *(.rel.ctors)

.rela.ctors
 *(.rela.ctors)

.rel.dtors
 *(.rel.dtors)

.rela.dtors
 *(.rela.dtors)

.rel.got
 *(.rel.got)

.rela.got
 *(.rela.got)

.rel.bss
 *(.rel.bss)

.rela.bss
 *(.rela.bss)

.rel.plt
 *(.rel.plt)

.rela.plt
 *(.rela.plt)

.text           0x00000000      0x438
 *(.vectors)
 .vectors       0x00000000       0x90 /opt/microchip/mplabx/v5.30/packs/Microchip/ATmega_DFP/2.0.12/gcc/dev/atmega4808/avrxmega3/crtatmega4808.o
                0x00000000                __vectors
                0x00000000                __vector_default
 *(.vectors)
 *(.progmem.gcc*)
 .progmem.gcc_sw_table.LED_service
                0x00000090       0x40 build/AWS_IOT/production/mcc_generated_files/led.o
 *(.dinit)
 .dinit         0x000000d0      0x313 data_init
                0x000003e4                . = ALIGN (0x2)
 *fill*         0x000003e3        0x1 
                0x000003e4                __trampolines_start = .
 *(.trampolines)
 .trampolines   0x000003e4        0x0 linker stubs
 *(.trampolines*)
                0x000003e4                __trampolines_end = .
 *libprintf_flt.a:*(.progmem.data)
 *libc.a:*(.progmem.data)
                0x000003e4                . = ALIGN (0x2)
 *(.jumptables)
 *(.jumptables*)
 *(.lowtext)
 *(.lowtext*)
                0x000003e4                __ctors_start = .
 *(.ctors)
                0x000003e4                __ctors_end = .
                0x000003e4                __dtors_start = .
 *(.dtors)
                0x000003e4                __dtors_end = .
 SORT(*)(.ctors)
 SORT(*)(.dtors)
 *(.init0)
 .init0         0x000003e4        0x0 /opt/microchip/mplabx/v5.30/packs/Microchip/ATmega_DFP/2.0.12/gcc/dev/atmega4808/avrxmega3/crtatmega4808.o
                0x000003e4                __init
 *(.init0)
 *(.init1)
 *(.init1)
 *(.init2)
 .init2         0x000003e4        0xc /opt/microchip/mplabx/v5.30/packs/Microchip/ATmega_DFP/2.0.12/gcc/dev/atmega4808/avrxmega3/crtatmega4808.o
 *(.init2)
 *(.init3)
 *(.init3)
 *(.init4)
 .init4         0x000003f0       0x3c /opt/microchip/xc8/v2.10/avr/bin/../lib/gcc/avr/5.4.0/avrxmega3/libgcc.a(_copy_data.o)
                0x000003f0                __do_copy_data
                0x0000041e                __do_clear_bss
 *(.init4)
 *(.init5)
 *(.init5)
 *(.init6)
 *(.init6)
 *(.init7)
 *(.init7)
 *(.init8)
 *(.init8)
 *(.init9)
 .init9         0x0000042c        0x8 /opt/microchip/mplabx/v5.30/packs/Microchip/ATmega_DFP/2.0.12/gcc/dev/atmega4808/avrxmega3/crtatmega4808.o
 *(.init9)
                0x00000434                . = ALIGN (0x2)
 *(.fini9)
 .fini9         0x00000434        0x0 /opt/microchip/xc8/v2.10/avr/bin/../lib/gcc/avr/5.4.0/avrxmega3/libgcc.a(_exit.o)
                0x00000434                exit
                0x00000434                _exit
 *(.fini9)
 *(.fini8)
 *(.fini8)
 *(.fini7)
 *(.fini7)
 *(.fini6)
 *(.fini6)
 *(.fini5)
 *(.fini5)
 *(.fini4)
 *(.fini4)
 *(.fini3)
 *(.fini3)
 *(.fini2)
 *(.fini2)
 *(.fini1)
 *(.fini1)
 *(.fini0)
 .fini0         0x00000434        0x4 /opt/microchip/xc8/v2.10/avr/bin/../lib/gcc/avr/5.4.0/avrxmega3/libgcc.a(_exit.o)
 *(.fini0)
                0x00000438                _etext = .

.rodata         0x00804438      0x66e load address 0x00000438
 *(.rodata)
 .rodata        0x00804438      0x207 dist/AWS_IOT/production/__pa_temp_4517/cli.o
 .rodata        0x0080463f       0x41 dist/AWS_IOT/production/__pa_temp_4517/crypto_client.o
 .rodata        0x00804680       0xe4 dist/AWS_IOT/production/__pa_temp_4517/wifi_service.o
 .rodata        0x00804764        0x8 dist/AWS_IOT/production/__pa_temp_4517/atca_hal.o
 .rodata        0x0080476c       0xbb dist/AWS_IOT/production/__pa_temp_4517/application_manager.o
 .rodata        0x00804827       0xbd dist/AWS_IOT/production/__pa_temp_4517/debug_print.o
 *(.rodata*)
 .rodata.commands
                0x008048e4       0x20 dist/AWS_IOT/production/__pa_temp_4517/cli.o
                0x008048e4                commands
 .rodata.device_execution_time_608_m2
                0x00804904       0x42 dist/AWS_IOT/production/__pa_temp_4517/atca_execution.o
 .rodata.device_execution_time_608_m1
                0x00804946       0x42 dist/AWS_IOT/production/__pa_temp_4517/atca_execution.o
 .rodata.device_execution_time_608_m0
                0x00804988       0x42 dist/AWS_IOT/production/__pa_temp_4517/atca_execution.o
 .rodata.device_execution_time_508
                0x008049ca       0x3c dist/AWS_IOT/production/__pa_temp_4517/atca_execution.o
 .rodata.device_execution_time_108
                0x00804a06       0x39 dist/AWS_IOT/production/__pa_temp_4517/atca_execution.o
 .rodata.device_execution_time_204
                0x00804a3f       0x2a dist/AWS_IOT/production/__pa_temp_4517/atca_execution.o
 .rodata.spiMaster
                0x00804a69       0x14 build/AWS_IOT/production/mcc_generated_files/drivers/spi_master.o
                0x00804a69                spiMaster
 .rodata.u8CmdBuf.3402
                0x00804a7d        0x9 dist/AWS_IOT/production/__pa_temp_4517/winc_spi.o
 .rodata.gHifCallbacks
                0x00804a86        0xe dist/AWS_IOT/production/__pa_temp_4517/winc_hif.o
 .rodata.level_strings
                0x00804a94        0x8 dist/AWS_IOT/production/__pa_temp_4517/debug_print.o
 .rodata.severity_strings
                0x00804a9c        0xa dist/AWS_IOT/production/__pa_temp_4517/debug_print.o
 *(.gnu.linkonce.r*)

.data           0x00802800        0x0 load address 0x00000aa6
                [!provide]                PROVIDE (__data_start, .)
 *(.gnu.linkonce.d*)
                0x00802800                . = ALIGN (0x2)
                0x00802800                _edata = .
                [!provide]                PROVIDE (__data_end, .)

.bss            0x00802800      0x142
                [!provide]                PROVIDE (__bss_start, .)
 *(COMMON)
 COMMON         0x00802800        0x9 dist/AWS_IOT/production/__pa_temp_4517/crypto_client.o
                0x00802800                g_serial_number
 COMMON         0x00802809       0x10 dist/AWS_IOT/production/__pa_temp_4517/cloud_service.o
                0x00802809                cloudStatus
                0x0080280a                mqttBrokerIP
                0x0080280e                shared_networking_params
                0x0080280f                cloud_packetReceiveCallBackTable
 COMMON         0x00802819       0x16 dist/AWS_IOT/production/__pa_temp_4517/wifi_service.o
                0x00802819                prevNTPServerName
                0x0080282d                callback_funcPtr
 COMMON         0x0080282f       0x29 dist/AWS_IOT/production/__pa_temp_4517/mqtt_service.o
                0x0080282f                cid
 COMMON         0x00802858        0x4 dist/AWS_IOT/production/__pa_temp_4517/aws_cloud_service.o
                0x00802858                imqtt_publishReceiveCallBackTable
 COMMON         0x0080285c       0x54 build/AWS_IOT/production/mcc_generated_files/credentials_storage/credentials_storage.o
                0x0080285c                ssid
                0x0080287b                pass
                0x0080289a                ntpServerName
                0x008028ae                authType
 COMMON         0x008028b0       0x1b dist/AWS_IOT/production/__pa_temp_4517/atca_basic.o
                0x008028b0                g_atcab_device
                0x008028b4                g_atcab_iface
                0x008028c7                g_atcab_command
 COMMON         0x008028cb        0x2 build/AWS_IOT/production/mcc_generated_files/mqtt/mqtt_packetTransfer_interface.o
                0x008028cb                publishRecvCallback
 COMMON         0x008028cd       0x65 dist/AWS_IOT/production/__pa_temp_4517/application_manager.o
                0x008028cd                mqttSubscribeTopic
                0x00802931                retValCryptoClientSerialNumber
 COMMON         0x00802932        0x6 /opt/microchip/xc8/v2.10/avr/bin/../lib/gcc/avr/5.4.0/../../../../avr/lib/avrxmega3/libc.a(iob.o)
                0x00802932                __iob
 COMMON         0x00802938        0x4 /opt/microchip/xc8/v2.10/avr/bin/../lib/gcc/avr/5.4.0/../../../../avr/lib/avrxmega3/libc.a(system_time.o)
                0x00802938                __system_time
 COMMON         0x0080293c        0x4 /opt/microchip/xc8/v2.10/avr/bin/../lib/gcc/avr/5.4.0/../../../../avr/lib/avrxmega3/libc.a(utc_offset.o)
                0x0080293c                __utc_offset
 COMMON         0x00802940        0x2 /opt/microchip/xc8/v2.10/avr/bin/../lib/gcc/avr/5.4.0/../../../../avr/lib/avrxmega3/libc.a(dst_pointer.o)
                0x00802940                __dst_ptr
                [!provide]                PROVIDE (__bss_end, .)
                0x00000aa6                __data_load_start = LOADADDR (.data)
                0x00000aa6                __data_load_end = (__data_load_start + SIZEOF (.data))

.noinit         0x00802942        0x0
                [!provide]                PROVIDE (__noinit_start, .)
 *(.noinit*)
                [!provide]                PROVIDE (__noinit_end, .)
                0x00802942                _end = .

.eeprom         0x00810000        0x0
 *(.eeprom*)
                0x00810000                __eeprom_end = .

.fuse           0x00820000        0x9
 *(.fuse)
 .fuse          0x00820000        0x9 build/AWS_IOT/production/mcc_generated_files/device_config.o
                0x00820000                __fuse
 *(.lfuse)
 *(.hfuse)
 *(.efuse)

.lock
 *(.lock*)

.signature
 *(.signature*)

.user_signatures
 *(.user_signatures*)

.stab
 *(.stab)

.stabstr
 *(.stabstr)

.stab.excl
 *(.stab.excl)

.stab.exclstr
 *(.stab.exclstr)

.stab.index
 *(.stab.index)

.stab.indexstr
 *(.stab.indexstr)

.comment        0x00000000       0x5b
 *(.comment)
 .comment       0x00000000       0x2c dist/AWS_IOT/production/__pa_temp_4517/libc_a_puts.o
                                 0x2d (size before relaxing)
 .comment       0x0000002c       0x2d dist/AWS_IOT/production/__pa_temp_4517/libc_a_fputc.o
 .comment       0x0000002c       0x2f dist/AWS_IOT/production/__pa_temp_4517/cli.o
                                 0x30 (size before relaxing)
 .comment       0x0000005b       0x30 dist/AWS_IOT/production/__pa_temp_4517/crypto_client.o
 .comment       0x0000005b       0x30 dist/AWS_IOT/production/__pa_temp_4517/cloud_service.o
 .comment       0x0000005b       0x30 dist/AWS_IOT/production/__pa_temp_4517/wifi_service.o
 .comment       0x0000005b       0x30 dist/AWS_IOT/production/__pa_temp_4517/mqtt_service.o
 .comment       0x0000005b       0x30 dist/AWS_IOT/production/__pa_temp_4517/aws_cloud_service.o
 .comment       0x0000005b       0x30 build/AWS_IOT/production/mcc_generated_files/credentials_storage/credentials_storage.o
 .comment       0x0000005b       0x30 dist/AWS_IOT/production/__pa_temp_4517/atcacert_client.o
 .comment       0x0000005b       0x30 dist/AWS_IOT/production/__pa_temp_4517/atcacert_date.o
 .comment       0x0000005b       0x30 dist/AWS_IOT/production/__pa_temp_4517/atcacert_def.o
 .comment       0x0000005b       0x30 dist/AWS_IOT/production/__pa_temp_4517/atca_basic.o
 .comment       0x0000005b       0x30 dist/AWS_IOT/production/__pa_temp_4517/atca_basic_ecdh.o
 .comment       0x0000005b       0x30 dist/AWS_IOT/production/__pa_temp_4517/atca_basic_genkey.o
 .comment       0x0000005b       0x30 dist/AWS_IOT/production/__pa_temp_4517/atca_basic_lock.o
 .comment       0x0000005b       0x30 dist/AWS_IOT/production/__pa_temp_4517/atca_basic_nonce.o
 .comment       0x0000005b       0x30 dist/AWS_IOT/production/__pa_temp_4517/atca_basic_random.o
 .comment       0x0000005b       0x30 dist/AWS_IOT/production/__pa_temp_4517/atca_basic_read.o
 .comment       0x0000005b       0x30 dist/AWS_IOT/production/__pa_temp_4517/atca_basic_secureboot.o
 .comment       0x0000005b       0x30 dist/AWS_IOT/production/__pa_temp_4517/atca_basic_sha.o
 .comment       0x0000005b       0x30 dist/AWS_IOT/production/__pa_temp_4517/atca_basic_sign.o
 .comment       0x0000005b       0x30 dist/AWS_IOT/production/__pa_temp_4517/atca_basic_updateextra.o
 .comment       0x0000005b       0x30 dist/AWS_IOT/production/__pa_temp_4517/atca_basic_verify.o
 .comment       0x0000005b       0x30 dist/AWS_IOT/production/__pa_temp_4517/atca_basic_write.o
 .comment       0x0000005b       0x30 dist/AWS_IOT/production/__pa_temp_4517/sha1_routines.o
 .comment       0x0000005b       0x30 dist/AWS_IOT/production/__pa_temp_4517/atca_hal.o
 .comment       0x0000005b       0x30 dist/AWS_IOT/production/__pa_temp_4517/atca_i2c_hal.o
 .comment       0x0000005b       0x30 dist/AWS_IOT/production/__pa_temp_4517/hal_i2c_timer.o
 .comment       0x0000005b       0x30 dist/AWS_IOT/production/__pa_temp_4517/atca_command.o
 .comment       0x0000005b       0x30 build/AWS_IOT/production/mcc_generated_files/CryptoAuthenticationLibrary/atca_device.o
 .comment       0x0000005b       0x30 dist/AWS_IOT/production/__pa_temp_4517/atca_execution.o
 .comment       0x0000005b       0x30 dist/AWS_IOT/production/__pa_temp_4517/atca_iface.o
 .comment       0x0000005b       0x30 build/AWS_IOT/production/mcc_generated_files/drivers/spi_master.o
 .comment       0x0000005b       0x30 dist/AWS_IOT/production/__pa_temp_4517/timeout.o
 .comment       0x0000005b       0x30 dist/AWS_IOT/production/__pa_temp_4517/i2c_simple_master.o
 .comment       0x0000005b       0x30 dist/AWS_IOT/production/__pa_temp_4517/mqtt_comm_layer.o
 .comment       0x0000005b       0x30 dist/AWS_IOT/production/__pa_temp_4517/mqtt_core.o
 .comment       0x0000005b       0x30 dist/AWS_IOT/production/__pa_temp_4517/mqtt_exchange_buffer.o
 .comment       0x0000005b       0x30 build/AWS_IOT/production/mcc_generated_files/mqtt/mqtt_packetTransfer_interface.o
 .comment       0x0000005b       0x30 dist/AWS_IOT/production/__pa_temp_4517/mqtt_winc_adapter.o
 .comment       0x0000005b       0x30 dist/AWS_IOT/production/__pa_temp_4517/pin_manager.o
 .comment       0x0000005b       0x30 build/AWS_IOT/production/mcc_generated_files/src/cpuint.o
 .comment       0x0000005b       0x30 build/AWS_IOT/production/mcc_generated_files/src/spi0.o
 .comment       0x0000005b       0x30 build/AWS_IOT/production/mcc_generated_files/src/rtc.o
 .comment       0x0000005b       0x30 dist/AWS_IOT/production/__pa_temp_4517/twi0_master.o
 .comment       0x0000005b       0x30 build/AWS_IOT/production/mcc_generated_files/src/adc0.o
 .comment       0x0000005b       0x30 build/AWS_IOT/production/mcc_generated_files/src/usart2.o
 .comment       0x0000005b       0x30 dist/AWS_IOT/production/__pa_temp_4517/winc_spi.o
 .comment       0x0000005b       0x30 dist/AWS_IOT/production/__pa_temp_4517/winc_adapter.o
 .comment       0x0000005b       0x30 dist/AWS_IOT/production/__pa_temp_4517/winc_hif.o
 .comment       0x0000005b       0x30 dist/AWS_IOT/production/__pa_temp_4517/winc_asic.o
 .comment       0x0000005b       0x30 dist/AWS_IOT/production/__pa_temp_4517/winc_drv.o
 .comment       0x0000005b       0x30 dist/AWS_IOT/production/__pa_temp_4517/m2m_ssl.o
 .comment       0x0000005b       0x30 dist/AWS_IOT/production/__pa_temp_4517/m2m_wifi.o
 .comment       0x0000005b       0x30 dist/AWS_IOT/production/__pa_temp_4517/m2m_ota.o
 .comment       0x0000005b       0x30 dist/AWS_IOT/production/__pa_temp_4517/m2m_fwinfo.o
 .comment       0x0000005b       0x30 dist/AWS_IOT/production/__pa_temp_4517/socket.o
 .comment       0x0000005b       0x30 dist/AWS_IOT/production/__pa_temp_4517/spi_flash.o
 .comment       0x0000005b       0x30 build/AWS_IOT/production/mcc_generated_files/mcc.o
 .comment       0x0000005b       0x30 build/AWS_IOT/production/mcc_generated_files/delay.o
 .comment       0x0000005b       0x30 build/AWS_IOT/production/mcc_generated_files/device_config.o
 .comment       0x0000005b       0x30 dist/AWS_IOT/production/__pa_temp_4517/application_manager.o
 .comment       0x0000005b       0x30 dist/AWS_IOT/production/__pa_temp_4517/debug_print.o
 .comment       0x0000005b       0x30 build/AWS_IOT/production/mcc_generated_files/led.o
 .comment       0x0000005b       0x30 dist/AWS_IOT/production/__pa_temp_4517/sensors_handling.o
 .comment       0x0000005b       0x30 dist/AWS_IOT/production/__pa_temp_4517/time_service.o
 .comment       0x0000005b       0x30 build/AWS_IOT/production/mcc_generated_files/CryptoAuthenticationLibrary/CryptoAuth_init.o
 .comment       0x0000005b       0x30 build/AWS_IOT/production/main.o
 .comment       0x0000005b       0x2d /opt/microchip/xc8/v2.10/avr/bin/../lib/gcc/avr/5.4.0/../../../../avr/lib/avrxmega3/libc.a(atoi_M.o)
 .comment       0x0000005b       0x2d /opt/microchip/xc8/v2.10/avr/bin/../lib/gcc/avr/5.4.0/../../../../avr/lib/avrxmega3/libc.a(strtok.o)
 .comment       0x0000005b       0x2d /opt/microchip/xc8/v2.10/avr/bin/../lib/gcc/avr/5.4.0/../../../../avr/lib/avrxmega3/libc.a(iob.o)
 .comment       0x0000005b       0x2d /opt/microchip/xc8/v2.10/avr/bin/../lib/gcc/avr/5.4.0/../../../../avr/lib/avrxmega3/libc.a(printf.o)
 .comment       0x0000005b       0x2d /opt/microchip/xc8/v2.10/avr/bin/../lib/gcc/avr/5.4.0/../../../../avr/lib/avrxmega3/libc.a(sprintf.o)
 .comment       0x0000005b       0x2d /opt/microchip/xc8/v2.10/avr/bin/../lib/gcc/avr/5.4.0/../../../../avr/lib/avrxmega3/libc.a(vprintf.o)
 .comment       0x0000005b       0x2d /opt/microchip/xc8/v2.10/avr/bin/../lib/gcc/avr/5.4.0/../../../../avr/lib/avrxmega3/libc.a(difftime.o)
 .comment       0x0000005b       0x2d /opt/microchip/xc8/v2.10/avr/bin/../lib/gcc/avr/5.4.0/../../../../avr/lib/avrxmega3/libc.a(localtime_r.o)
 .comment       0x0000005b       0x2d /opt/microchip/xc8/v2.10/avr/bin/../lib/gcc/avr/5.4.0/../../../../avr/lib/avrxmega3/libc.a(mktime.o)
 .comment       0x0000005b       0x2d /opt/microchip/xc8/v2.10/avr/bin/../lib/gcc/avr/5.4.0/../../../../avr/lib/avrxmega3/libc.a(set_system_time.o)
 .comment       0x0000005b       0x2d /opt/microchip/xc8/v2.10/avr/bin/../lib/gcc/avr/5.4.0/../../../../avr/lib/avrxmega3/libc.a(system_time.o)
 .comment       0x0000005b       0x2d /opt/microchip/xc8/v2.10/avr/bin/../lib/gcc/avr/5.4.0/../../../../avr/lib/avrxmega3/libc.a(utc_offset.o)
 .comment       0x0000005b       0x2d /opt/microchip/xc8/v2.10/avr/bin/../lib/gcc/avr/5.4.0/../../../../avr/lib/avrxmega3/libc.a(vfprintf_std.o)
 .comment       0x0000005b       0x2d /opt/microchip/xc8/v2.10/avr/bin/../lib/gcc/avr/5.4.0/../../../../avr/lib/avrxmega3/libc.a(dst_pointer.o)
 .comment       0x0000005b       0x2d /opt/microchip/xc8/v2.10/avr/bin/../lib/gcc/avr/5.4.0/../../../../avr/lib/avrxmega3/libc.a(gmtime_r.o)
 .comment       0x0000005b       0x2d /opt/microchip/xc8/v2.10/avr/bin/../lib/gcc/avr/5.4.0/../../../../avr/lib/avrxmega3/libc.a(mk_gmtime.o)
 .comment       0x0000005b       0x2d /opt/microchip/xc8/v2.10/avr/bin/../lib/gcc/avr/5.4.0/../../../../avr/lib/avrxmega3/libc.a(isLeap.o)

.note.gnu.build-id
 *(.note.gnu.build-id)

.debug
 *(.debug)

.line
 *(.line)

.debug_srcinfo
 *(.debug_srcinfo)

.debug_sfnames
 *(.debug_sfnames)

.debug_aranges  0x00000000     0x1d08
 *(.debug_aranges)
 .debug_aranges
                0x00000000       0x70 dist/AWS_IOT/production/__pa_temp_4517/cli.o
 .debug_aranges
                0x00000070       0x58 dist/AWS_IOT/production/__pa_temp_4517/crypto_client.o
 .debug_aranges
                0x000000c8       0x70 dist/AWS_IOT/production/__pa_temp_4517/cloud_service.o
 .debug_aranges
                0x00000138       0x70 dist/AWS_IOT/production/__pa_temp_4517/wifi_service.o
 .debug_aranges
                0x000001a8       0x50 dist/AWS_IOT/production/__pa_temp_4517/mqtt_service.o
 .debug_aranges
                0x000001f8       0x60 dist/AWS_IOT/production/__pa_temp_4517/aws_cloud_service.o
 .debug_aranges
                0x00000258       0x20 build/AWS_IOT/production/mcc_generated_files/credentials_storage/credentials_storage.o
 .debug_aranges
                0x00000278       0x48 dist/AWS_IOT/production/__pa_temp_4517/atcacert_client.o
 .debug_aranges
                0x000002c0       0xb0 dist/AWS_IOT/production/__pa_temp_4517/atcacert_date.o
 .debug_aranges
                0x00000370      0x158 dist/AWS_IOT/production/__pa_temp_4517/atcacert_def.o
 .debug_aranges
                0x000004c8       0x80 dist/AWS_IOT/production/__pa_temp_4517/atca_basic.o
 .debug_aranges
                0x00000548       0x48 dist/AWS_IOT/production/__pa_temp_4517/atca_basic_ecdh.o
 .debug_aranges
                0x00000590       0x30 dist/AWS_IOT/production/__pa_temp_4517/atca_basic_genkey.o
 .debug_aranges
                0x000005c0       0x48 dist/AWS_IOT/production/__pa_temp_4517/atca_basic_lock.o
 .debug_aranges
                0x00000608       0x38 dist/AWS_IOT/production/__pa_temp_4517/atca_basic_nonce.o
 .debug_aranges
                0x00000640       0x20 dist/AWS_IOT/production/__pa_temp_4517/atca_basic_random.o
 .debug_aranges
                0x00000660       0x68 dist/AWS_IOT/production/__pa_temp_4517/atca_basic_read.o
 .debug_aranges
                0x000006c8       0x28 dist/AWS_IOT/production/__pa_temp_4517/atca_basic_secureboot.o
 .debug_aranges
                0x000006f0       0x90 dist/AWS_IOT/production/__pa_temp_4517/atca_basic_sha.o
 .debug_aranges
                0x00000780       0x30 dist/AWS_IOT/production/__pa_temp_4517/atca_basic_sign.o
 .debug_aranges
                0x000007b0       0x20 dist/AWS_IOT/production/__pa_temp_4517/atca_basic_updateextra.o
 .debug_aranges
                0x000007d0       0x58 dist/AWS_IOT/production/__pa_temp_4517/atca_basic_verify.o
 .debug_aranges
                0x00000828       0x50 dist/AWS_IOT/production/__pa_temp_4517/atca_basic_write.o
 .debug_aranges
                0x00000878       0x40 dist/AWS_IOT/production/__pa_temp_4517/sha1_routines.o
 .debug_aranges
                0x000008b8       0x30 dist/AWS_IOT/production/__pa_temp_4517/atca_hal.o
 .debug_aranges
                0x000008e8       0x60 dist/AWS_IOT/production/__pa_temp_4517/atca_i2c_hal.o
 .debug_aranges
                0x00000948       0x28 dist/AWS_IOT/production/__pa_temp_4517/hal_i2c_timer.o
 .debug_aranges
                0x00000970      0x110 dist/AWS_IOT/production/__pa_temp_4517/atca_command.o
 .debug_aranges
                0x00000a80       0x38 build/AWS_IOT/production/mcc_generated_files/CryptoAuthenticationLibrary/atca_device.o
 .debug_aranges
                0x00000ab8       0x28 dist/AWS_IOT/production/__pa_temp_4517/atca_execution.o
 .debug_aranges
                0x00000ae0       0x70 dist/AWS_IOT/production/__pa_temp_4517/atca_iface.o
 .debug_aranges
                0x00000b50       0x28 build/AWS_IOT/production/mcc_generated_files/drivers/spi_master.o
 .debug_aranges
                0x00000b78       0xc0 dist/AWS_IOT/production/__pa_temp_4517/timeout.o
 .debug_aranges
                0x00000c38       0x78 dist/AWS_IOT/production/__pa_temp_4517/i2c_simple_master.o
 .debug_aranges
                0x00000cb0       0x48 dist/AWS_IOT/production/__pa_temp_4517/mqtt_comm_layer.o
 .debug_aranges
                0x00000cf8       0xb0 dist/AWS_IOT/production/__pa_temp_4517/mqtt_core.o
 .debug_aranges
                0x00000da8       0x38 dist/AWS_IOT/production/__pa_temp_4517/mqtt_exchange_buffer.o
 .debug_aranges
                0x00000de0       0x28 build/AWS_IOT/production/mcc_generated_files/mqtt/mqtt_packetTransfer_interface.o
 .debug_aranges
                0x00000e08       0xc8 dist/AWS_IOT/production/__pa_temp_4517/mqtt_winc_adapter.o
 .debug_aranges
                0x00000ed0       0xd0 dist/AWS_IOT/production/__pa_temp_4517/pin_manager.o
 .debug_aranges
                0x00000fa0       0x20 build/AWS_IOT/production/mcc_generated_files/src/cpuint.o
 .debug_aranges
                0x00000fc0       0x90 build/AWS_IOT/production/mcc_generated_files/src/spi0.o
 .debug_aranges
                0x00001050       0x20 build/AWS_IOT/production/mcc_generated_files/src/protected_io.o
 .debug_aranges
                0x00001070       0x90 build/AWS_IOT/production/mcc_generated_files/src/rtc.o
 .debug_aranges
                0x00001100      0x1e0 dist/AWS_IOT/production/__pa_temp_4517/twi0_master.o
 .debug_aranges
                0x000012e0       0xa8 build/AWS_IOT/production/mcc_generated_files/src/adc0.o
 .debug_aranges
                0x00001388       0xc0 build/AWS_IOT/production/mcc_generated_files/src/usart2.o
 .debug_aranges
                0x00001448       0x98 dist/AWS_IOT/production/__pa_temp_4517/winc_spi.o
 .debug_aranges
                0x000014e0       0x78 dist/AWS_IOT/production/__pa_temp_4517/winc_adapter.o
 .debug_aranges
                0x00001558       0x68 dist/AWS_IOT/production/__pa_temp_4517/winc_hif.o
 .debug_aranges
                0x000015c0       0x68 dist/AWS_IOT/production/__pa_temp_4517/winc_asic.o
 .debug_aranges
                0x00001628       0x30 dist/AWS_IOT/production/__pa_temp_4517/winc_drv.o
 .debug_aranges
                0x00001658       0x60 dist/AWS_IOT/production/__pa_temp_4517/m2m_ssl.o
 .debug_aranges
                0x000016b8      0x240 dist/AWS_IOT/production/__pa_temp_4517/m2m_wifi.o
 .debug_aranges
                0x000018f8       0x88 dist/AWS_IOT/production/__pa_temp_4517/m2m_ota.o
 .debug_aranges
                0x00001980       0x28 dist/AWS_IOT/production/__pa_temp_4517/m2m_fwinfo.o
 .debug_aranges
                0x000019a8       0xc8 dist/AWS_IOT/production/__pa_temp_4517/socket.o
 .debug_aranges
                0x00001a70       0x60 dist/AWS_IOT/production/__pa_temp_4517/spi_flash.o
 .debug_aranges
                0x00001ad0       0x50 build/AWS_IOT/production/mcc_generated_files/mcc.o
 .debug_aranges
                0x00001b20       0x28 build/AWS_IOT/production/mcc_generated_files/delay.o
 .debug_aranges
                0x00001b48       0x18 build/AWS_IOT/production/mcc_generated_files/device_config.o
 .debug_aranges
                0x00001b60       0x48 dist/AWS_IOT/production/__pa_temp_4517/application_manager.o
 .debug_aranges
                0x00001ba8       0x38 dist/AWS_IOT/production/__pa_temp_4517/debug_print.o
 .debug_aranges
                0x00001be0       0x50 build/AWS_IOT/production/mcc_generated_files/led.o
 .debug_aranges
                0x00001c30       0x28 dist/AWS_IOT/production/__pa_temp_4517/sensors_handling.o
 .debug_aranges
                0x00001c58       0x70 dist/AWS_IOT/production/__pa_temp_4517/time_service.o
 .debug_aranges
                0x00001cc8       0x20 build/AWS_IOT/production/mcc_generated_files/CryptoAuthenticationLibrary/CryptoAuth_init.o
 .debug_aranges
                0x00001ce8       0x20 build/AWS_IOT/production/main.o

.debug_pubnames
 *(.debug_pubnames)

.debug_info     0x00000000    0x4a68e
 *(.debug_info .gnu.linkonce.wi.*)
 .debug_info    0x00000000     0x229c /opt/microchip/mplabx/v5.30/packs/Microchip/ATmega_DFP/2.0.12/gcc/dev/atmega4808/avrxmega3/crtatmega4808.o
 .debug_info    0x0000229c     0x11fe dist/AWS_IOT/production/__pa_temp_4517/cli.o
 .debug_info    0x0000349a     0x1955 dist/AWS_IOT/production/__pa_temp_4517/crypto_client.o
 .debug_info    0x00004def     0x1897 dist/AWS_IOT/production/__pa_temp_4517/cloud_service.o
 .debug_info    0x00006686     0x1e6d dist/AWS_IOT/production/__pa_temp_4517/wifi_service.o
 .debug_info    0x000084f3      0xced dist/AWS_IOT/production/__pa_temp_4517/mqtt_service.o
 .debug_info    0x000091e0     0x13c7 dist/AWS_IOT/production/__pa_temp_4517/aws_cloud_service.o
 .debug_info    0x0000a5a7      0x331 build/AWS_IOT/production/mcc_generated_files/credentials_storage/credentials_storage.o
 .debug_info    0x0000a8d8     0x18d2 dist/AWS_IOT/production/__pa_temp_4517/atcacert_client.o
 .debug_info    0x0000c1aa     0x1a5d dist/AWS_IOT/production/__pa_temp_4517/atcacert_date.o
 .debug_info    0x0000dc07     0x4703 dist/AWS_IOT/production/__pa_temp_4517/atcacert_def.o
 .debug_info    0x0001230a     0x1218 dist/AWS_IOT/production/__pa_temp_4517/atca_basic.o
 .debug_info    0x00013522     0x121c dist/AWS_IOT/production/__pa_temp_4517/atca_basic_ecdh.o
 .debug_info    0x0001473e      0xe82 dist/AWS_IOT/production/__pa_temp_4517/atca_basic_genkey.o
 .debug_info    0x000155c0      0xeca dist/AWS_IOT/production/__pa_temp_4517/atca_basic_lock.o
 .debug_info    0x0001648a      0xefc dist/AWS_IOT/production/__pa_temp_4517/atca_basic_nonce.o
 .debug_info    0x00017386      0xd1c dist/AWS_IOT/production/__pa_temp_4517/atca_basic_random.o
 .debug_info    0x000180a2     0x1b3d dist/AWS_IOT/production/__pa_temp_4517/atca_basic_read.o
 .debug_info    0x00019bdf     0x1317 dist/AWS_IOT/production/__pa_temp_4517/atca_basic_secureboot.o
 .debug_info    0x0001aef6     0x19df dist/AWS_IOT/production/__pa_temp_4517/atca_basic_sha.o
 .debug_info    0x0001c8d5      0xf41 dist/AWS_IOT/production/__pa_temp_4517/atca_basic_sign.o
 .debug_info    0x0001d816      0xd35 dist/AWS_IOT/production/__pa_temp_4517/atca_basic_updateextra.o
 .debug_info    0x0001e54b     0x17dd dist/AWS_IOT/production/__pa_temp_4517/atca_basic_verify.o
 .debug_info    0x0001fd28     0x19c5 dist/AWS_IOT/production/__pa_temp_4517/atca_basic_write.o
 .debug_info    0x000216ed      0x6b3 dist/AWS_IOT/production/__pa_temp_4517/sha1_routines.o
 .debug_info    0x00021da0      0xd6a dist/AWS_IOT/production/__pa_temp_4517/atca_hal.o
 .debug_info    0x00022b0a      0xfcd dist/AWS_IOT/production/__pa_temp_4517/atca_i2c_hal.o
 .debug_info    0x00023ad7      0x3c1 dist/AWS_IOT/production/__pa_temp_4517/hal_i2c_timer.o
 .debug_info    0x00023e98     0x1284 dist/AWS_IOT/production/__pa_temp_4517/atca_command.o
 .debug_info    0x0002511c      0xcf8 build/AWS_IOT/production/mcc_generated_files/CryptoAuthenticationLibrary/atca_device.o
 .debug_info    0x00025e14     0x1006 dist/AWS_IOT/production/__pa_temp_4517/atca_execution.o
 .debug_info    0x00026e1a      0xfec dist/AWS_IOT/production/__pa_temp_4517/atca_iface.o
 .debug_info    0x00027e06      0x4df build/AWS_IOT/production/mcc_generated_files/drivers/spi_master.o
 .debug_info    0x000282e5      0xd72 dist/AWS_IOT/production/__pa_temp_4517/timeout.o
 .debug_info    0x00029057      0xc32 dist/AWS_IOT/production/__pa_temp_4517/i2c_simple_master.o
 .debug_info    0x00029c89      0x63a dist/AWS_IOT/production/__pa_temp_4517/mqtt_comm_layer.o
 .debug_info    0x0002a2c3     0x30f7 dist/AWS_IOT/production/__pa_temp_4517/mqtt_core.o
 .debug_info    0x0002d3ba      0x4c9 dist/AWS_IOT/production/__pa_temp_4517/mqtt_exchange_buffer.o
 .debug_info    0x0002d883      0x34f build/AWS_IOT/production/mcc_generated_files/mqtt/mqtt_packetTransfer_interface.o
 .debug_info    0x0002dbd2     0x2464 dist/AWS_IOT/production/__pa_temp_4517/mqtt_winc_adapter.o
 .debug_info    0x00030036     0x11c6 dist/AWS_IOT/production/__pa_temp_4517/pin_manager.o
 .debug_info    0x000311fc      0x3c8 build/AWS_IOT/production/mcc_generated_files/src/cpuint.o
 .debug_info    0x000315c4      0x78b build/AWS_IOT/production/mcc_generated_files/src/spi0.o
 .debug_info    0x00031d4f       0x95 build/AWS_IOT/production/mcc_generated_files/src/protected_io.o
 .debug_info    0x00031de4      0x89e build/AWS_IOT/production/mcc_generated_files/src/rtc.o
 .debug_info    0x00032682     0x1978 dist/AWS_IOT/production/__pa_temp_4517/twi0_master.o
 .debug_info    0x00033ffa      0xb12 build/AWS_IOT/production/mcc_generated_files/src/adc0.o
 .debug_info    0x00034b0c      0xb0c build/AWS_IOT/production/mcc_generated_files/src/usart2.o
 .debug_info    0x00035618      0xe36 dist/AWS_IOT/production/__pa_temp_4517/winc_spi.o
 .debug_info    0x0003644e      0xb2b dist/AWS_IOT/production/__pa_temp_4517/winc_adapter.o
 .debug_info    0x00036f79      0xb49 dist/AWS_IOT/production/__pa_temp_4517/winc_hif.o
 .debug_info    0x00037ac2      0xddc dist/AWS_IOT/production/__pa_temp_4517/winc_asic.o
 .debug_info    0x0003889e      0x552 dist/AWS_IOT/production/__pa_temp_4517/winc_drv.o
 .debug_info    0x00038df0      0xfe3 dist/AWS_IOT/production/__pa_temp_4517/m2m_ssl.o
 .debug_info    0x00039dd3     0x5ab4 dist/AWS_IOT/production/__pa_temp_4517/m2m_wifi.o
 .debug_info    0x0003f887     0x18ea dist/AWS_IOT/production/__pa_temp_4517/m2m_ota.o
 .debug_info    0x00041171      0x65b dist/AWS_IOT/production/__pa_temp_4517/m2m_fwinfo.o
 .debug_info    0x000417cc     0x248d dist/AWS_IOT/production/__pa_temp_4517/socket.o
 .debug_info    0x00043c59     0x14ea dist/AWS_IOT/production/__pa_temp_4517/spi_flash.o
 .debug_info    0x00045143      0xa55 build/AWS_IOT/production/mcc_generated_files/mcc.o
 .debug_info    0x00045b98      0x3fa build/AWS_IOT/production/mcc_generated_files/delay.o
 .debug_info    0x00045f92      0x7dc build/AWS_IOT/production/mcc_generated_files/device_config.o
 .debug_info    0x0004676e     0x13c3 dist/AWS_IOT/production/__pa_temp_4517/application_manager.o
 .debug_info    0x00047b31      0x65b dist/AWS_IOT/production/__pa_temp_4517/debug_print.o
 .debug_info    0x0004818c      0xa30 build/AWS_IOT/production/mcc_generated_files/led.o
 .debug_info    0x00048bbc      0x338 dist/AWS_IOT/production/__pa_temp_4517/sensors_handling.o
 .debug_info    0x00048ef4      0x871 dist/AWS_IOT/production/__pa_temp_4517/time_service.o
 .debug_info    0x00049765      0xc9d build/AWS_IOT/production/mcc_generated_files/CryptoAuthenticationLibrary/CryptoAuth_init.o
 .debug_info    0x0004a402      0x28c build/AWS_IOT/production/main.o

.debug_abbrev   0x00000000     0xa9a1
 *(.debug_abbrev)
 .debug_abbrev  0x00000000     0x20c2 /opt/microchip/mplabx/v5.30/packs/Microchip/ATmega_DFP/2.0.12/gcc/dev/atmega4808/avrxmega3/crtatmega4808.o
 .debug_abbrev  0x000020c2      0x424 dist/AWS_IOT/production/__pa_temp_4517/cli.o
 .debug_abbrev  0x000024e6      0x2e4 dist/AWS_IOT/production/__pa_temp_4517/crypto_client.o
 .debug_abbrev  0x000027ca      0x408 dist/AWS_IOT/production/__pa_temp_4517/cloud_service.o
 .debug_abbrev  0x00002bd2      0x314 dist/AWS_IOT/production/__pa_temp_4517/wifi_service.o
 .debug_abbrev  0x00002ee6      0x292 dist/AWS_IOT/production/__pa_temp_4517/mqtt_service.o
 .debug_abbrev  0x00003178      0x261 dist/AWS_IOT/production/__pa_temp_4517/aws_cloud_service.o
 .debug_abbrev  0x000033d9       0x5c build/AWS_IOT/production/mcc_generated_files/credentials_storage/credentials_storage.o
 .debug_abbrev  0x00003435      0x285 dist/AWS_IOT/production/__pa_temp_4517/atcacert_client.o
 .debug_abbrev  0x000036ba      0x324 dist/AWS_IOT/production/__pa_temp_4517/atcacert_date.o
 .debug_abbrev  0x000039de      0x3a9 dist/AWS_IOT/production/__pa_temp_4517/atcacert_def.o
 .debug_abbrev  0x00003d87      0x23b dist/AWS_IOT/production/__pa_temp_4517/atca_basic.o
 .debug_abbrev  0x00003fc2      0x1dc dist/AWS_IOT/production/__pa_temp_4517/atca_basic_ecdh.o
 .debug_abbrev  0x0000419e      0x18a dist/AWS_IOT/production/__pa_temp_4517/atca_basic_genkey.o
 .debug_abbrev  0x00004328      0x187 dist/AWS_IOT/production/__pa_temp_4517/atca_basic_lock.o
 .debug_abbrev  0x000044af      0x18e dist/AWS_IOT/production/__pa_temp_4517/atca_basic_nonce.o
 .debug_abbrev  0x0000463d      0x158 dist/AWS_IOT/production/__pa_temp_4517/atca_basic_random.o
 .debug_abbrev  0x00004795      0x35d dist/AWS_IOT/production/__pa_temp_4517/atca_basic_read.o
 .debug_abbrev  0x00004af2      0x1d2 dist/AWS_IOT/production/__pa_temp_4517/atca_basic_secureboot.o
 .debug_abbrev  0x00004cc4      0x2cb dist/AWS_IOT/production/__pa_temp_4517/atca_basic_sha.o
 .debug_abbrev  0x00004f8f      0x1c7 dist/AWS_IOT/production/__pa_temp_4517/atca_basic_sign.o
 .debug_abbrev  0x00005156      0x158 dist/AWS_IOT/production/__pa_temp_4517/atca_basic_updateextra.o
 .debug_abbrev  0x000052ae      0x2b0 dist/AWS_IOT/production/__pa_temp_4517/atca_basic_verify.o
 .debug_abbrev  0x0000555e      0x336 dist/AWS_IOT/production/__pa_temp_4517/atca_basic_write.o
 .debug_abbrev  0x00005894       0xf4 dist/AWS_IOT/production/__pa_temp_4517/sha1_routines.o
 .debug_abbrev  0x00005988      0x1aa dist/AWS_IOT/production/__pa_temp_4517/atca_hal.o
 .debug_abbrev  0x00005b32      0x1cd dist/AWS_IOT/production/__pa_temp_4517/atca_i2c_hal.o
 .debug_abbrev  0x00005cff      0x10d dist/AWS_IOT/production/__pa_temp_4517/hal_i2c_timer.o
 .debug_abbrev  0x00005e0c      0x1ab dist/AWS_IOT/production/__pa_temp_4517/atca_command.o
 .debug_abbrev  0x00005fb7      0x147 build/AWS_IOT/production/mcc_generated_files/CryptoAuthenticationLibrary/atca_device.o
 .debug_abbrev  0x000060fe      0x1b5 dist/AWS_IOT/production/__pa_temp_4517/atca_execution.o
 .debug_abbrev  0x000062b3      0x204 dist/AWS_IOT/production/__pa_temp_4517/atca_iface.o
 .debug_abbrev  0x000064b7      0x12c build/AWS_IOT/production/mcc_generated_files/drivers/spi_master.o
 .debug_abbrev  0x000065e3      0x2f5 dist/AWS_IOT/production/__pa_temp_4517/timeout.o
 .debug_abbrev  0x000068d8      0x14e dist/AWS_IOT/production/__pa_temp_4517/i2c_simple_master.o
 .debug_abbrev  0x00006a26      0x16a dist/AWS_IOT/production/__pa_temp_4517/mqtt_comm_layer.o
 .debug_abbrev  0x00006b90      0x36a dist/AWS_IOT/production/__pa_temp_4517/mqtt_core.o
 .debug_abbrev  0x00006efa       0xee dist/AWS_IOT/production/__pa_temp_4517/mqtt_exchange_buffer.o
 .debug_abbrev  0x00006fe8       0x9b build/AWS_IOT/production/mcc_generated_files/mqtt/mqtt_packetTransfer_interface.o
 .debug_abbrev  0x00007083      0x3ba dist/AWS_IOT/production/__pa_temp_4517/mqtt_winc_adapter.o
 .debug_abbrev  0x0000743d      0x1a7 dist/AWS_IOT/production/__pa_temp_4517/pin_manager.o
 .debug_abbrev  0x000075e4       0xfa build/AWS_IOT/production/mcc_generated_files/src/cpuint.o
 .debug_abbrev  0x000076de      0x1f3 build/AWS_IOT/production/mcc_generated_files/src/spi0.o
 .debug_abbrev  0x000078d1       0x14 build/AWS_IOT/production/mcc_generated_files/src/protected_io.o
 .debug_abbrev  0x000078e5      0x152 build/AWS_IOT/production/mcc_generated_files/src/rtc.o
 .debug_abbrev  0x00007a37      0x3d8 dist/AWS_IOT/production/__pa_temp_4517/twi0_master.o
 .debug_abbrev  0x00007e0f      0x23a build/AWS_IOT/production/mcc_generated_files/src/adc0.o
 .debug_abbrev  0x00008049      0x305 build/AWS_IOT/production/mcc_generated_files/src/usart2.o
 .debug_abbrev  0x0000834e      0x297 dist/AWS_IOT/production/__pa_temp_4517/winc_spi.o
 .debug_abbrev  0x000085e5      0x20e dist/AWS_IOT/production/__pa_temp_4517/winc_adapter.o
 .debug_abbrev  0x000087f3      0x20d dist/AWS_IOT/production/__pa_temp_4517/winc_hif.o
 .debug_abbrev  0x00008a00      0x1de dist/AWS_IOT/production/__pa_temp_4517/winc_asic.o
 .debug_abbrev  0x00008bde       0xac dist/AWS_IOT/production/__pa_temp_4517/winc_drv.o
 .debug_abbrev  0x00008c8a      0x244 dist/AWS_IOT/production/__pa_temp_4517/m2m_ssl.o
 .debug_abbrev  0x00008ece      0x3c8 dist/AWS_IOT/production/__pa_temp_4517/m2m_wifi.o
 .debug_abbrev  0x00009296      0x26c dist/AWS_IOT/production/__pa_temp_4517/m2m_ota.o
 .debug_abbrev  0x00009502      0x141 dist/AWS_IOT/production/__pa_temp_4517/m2m_fwinfo.o
 .debug_abbrev  0x00009643      0x358 dist/AWS_IOT/production/__pa_temp_4517/socket.o
 .debug_abbrev  0x0000999b      0x1d1 dist/AWS_IOT/production/__pa_temp_4517/spi_flash.o
 .debug_abbrev  0x00009b6c      0x172 build/AWS_IOT/production/mcc_generated_files/mcc.o
 .debug_abbrev  0x00009cde      0x11e build/AWS_IOT/production/mcc_generated_files/delay.o
 .debug_abbrev  0x00009dfc       0x85 build/AWS_IOT/production/mcc_generated_files/device_config.o
 .debug_abbrev  0x00009e81      0x348 dist/AWS_IOT/production/__pa_temp_4517/application_manager.o
 .debug_abbrev  0x0000a1c9      0x18e dist/AWS_IOT/production/__pa_temp_4517/debug_print.o
 .debug_abbrev  0x0000a357      0x21e build/AWS_IOT/production/mcc_generated_files/led.o
 .debug_abbrev  0x0000a575       0x90 dist/AWS_IOT/production/__pa_temp_4517/sensors_handling.o
 .debug_abbrev  0x0000a605      0x205 dist/AWS_IOT/production/__pa_temp_4517/time_service.o
 .debug_abbrev  0x0000a80a      0x13a build/AWS_IOT/production/mcc_generated_files/CryptoAuthenticationLibrary/CryptoAuth_init.o
 .debug_abbrev  0x0000a944       0x5d build/AWS_IOT/production/main.o

.debug_line     0x00000000    0x12038
 *(.debug_line .debug_line.* .debug_line_end)
 .debug_line    0x00000000      0x16f /opt/microchip/mplabx/v5.30/packs/Microchip/ATmega_DFP/2.0.12/gcc/dev/atmega4808/avrxmega3/crtatmega4808.o
 .debug_line    0x0000016f      0x5f8 dist/AWS_IOT/production/__pa_temp_4517/cli.o
 .debug_line    0x00000767      0x4e5 dist/AWS_IOT/production/__pa_temp_4517/crypto_client.o
 .debug_line    0x00000c4c      0x60f dist/AWS_IOT/production/__pa_temp_4517/cloud_service.o
 .debug_line    0x0000125b      0x613 dist/AWS_IOT/production/__pa_temp_4517/wifi_service.o
 .debug_line    0x0000186e      0x2d5 dist/AWS_IOT/production/__pa_temp_4517/mqtt_service.o
 .debug_line    0x00001b43      0x578 dist/AWS_IOT/production/__pa_temp_4517/aws_cloud_service.o
 .debug_line    0x000020bb       0x7d build/AWS_IOT/production/mcc_generated_files/credentials_storage/credentials_storage.o
 .debug_line    0x00002138      0x53f dist/AWS_IOT/production/__pa_temp_4517/atcacert_client.o
 .debug_line    0x00002677      0xb7d dist/AWS_IOT/production/__pa_temp_4517/atcacert_date.o
 .debug_line    0x000031f4     0x14cb dist/AWS_IOT/production/__pa_temp_4517/atcacert_def.o
 .debug_line    0x000046bf      0x492 dist/AWS_IOT/production/__pa_temp_4517/atca_basic.o
 .debug_line    0x00004b51      0x360 dist/AWS_IOT/production/__pa_temp_4517/atca_basic_ecdh.o
 .debug_line    0x00004eb1      0x1cd dist/AWS_IOT/production/__pa_temp_4517/atca_basic_genkey.o
 .debug_line    0x0000507e      0x1f2 dist/AWS_IOT/production/__pa_temp_4517/atca_basic_lock.o
 .debug_line    0x00005270      0x231 dist/AWS_IOT/production/__pa_temp_4517/atca_basic_nonce.o
 .debug_line    0x000054a1      0x193 dist/AWS_IOT/production/__pa_temp_4517/atca_basic_random.o
 .debug_line    0x00005634      0x626 dist/AWS_IOT/production/__pa_temp_4517/atca_basic_read.o
 .debug_line    0x00005c5a      0x310 dist/AWS_IOT/production/__pa_temp_4517/atca_basic_secureboot.o
 .debug_line    0x00005f6a      0x574 dist/AWS_IOT/production/__pa_temp_4517/atca_basic_sha.o
 .debug_line    0x000064de      0x20d dist/AWS_IOT/production/__pa_temp_4517/atca_basic_sign.o
 .debug_line    0x000066eb      0x186 dist/AWS_IOT/production/__pa_temp_4517/atca_basic_updateextra.o
 .debug_line    0x00006871      0x4b1 dist/AWS_IOT/production/__pa_temp_4517/atca_basic_verify.o
 .debug_line    0x00006d22      0x64a dist/AWS_IOT/production/__pa_temp_4517/atca_basic_write.o
 .debug_line    0x0000736c      0x332 dist/AWS_IOT/production/__pa_temp_4517/sha1_routines.o
 .debug_line    0x0000769e      0x1de dist/AWS_IOT/production/__pa_temp_4517/atca_hal.o
 .debug_line    0x0000787c      0x328 dist/AWS_IOT/production/__pa_temp_4517/atca_i2c_hal.o
 .debug_line    0x00007ba4      0x12b dist/AWS_IOT/production/__pa_temp_4517/hal_i2c_timer.o
 .debug_line    0x00007ccf      0x779 dist/AWS_IOT/production/__pa_temp_4517/atca_command.o
 .debug_line    0x00008448      0x199 build/AWS_IOT/production/mcc_generated_files/CryptoAuthenticationLibrary/atca_device.o
 .debug_line    0x000085e1      0x28d dist/AWS_IOT/production/__pa_temp_4517/atca_execution.o
 .debug_line    0x0000886e      0x2c1 dist/AWS_IOT/production/__pa_temp_4517/atca_iface.o
 .debug_line    0x00008b2f      0x137 build/AWS_IOT/production/mcc_generated_files/drivers/spi_master.o
 .debug_line    0x00008c66      0x59b dist/AWS_IOT/production/__pa_temp_4517/timeout.o
 .debug_line    0x00009201      0x393 dist/AWS_IOT/production/__pa_temp_4517/i2c_simple_master.o
 .debug_line    0x00009594      0x276 dist/AWS_IOT/production/__pa_temp_4517/mqtt_comm_layer.o
 .debug_line    0x0000980a      0xb31 dist/AWS_IOT/production/__pa_temp_4517/mqtt_core.o
 .debug_line    0x0000a33b      0x1e6 dist/AWS_IOT/production/__pa_temp_4517/mqtt_exchange_buffer.o
 .debug_line    0x0000a521       0xda build/AWS_IOT/production/mcc_generated_files/mqtt/mqtt_packetTransfer_interface.o
 .debug_line    0x0000a5fb      0x769 dist/AWS_IOT/production/__pa_temp_4517/mqtt_winc_adapter.o
 .debug_line    0x0000ad64      0x528 dist/AWS_IOT/production/__pa_temp_4517/pin_manager.o
 .debug_line    0x0000b28c      0x168 build/AWS_IOT/production/mcc_generated_files/src/cpuint.o
 .debug_line    0x0000b3f4      0x350 build/AWS_IOT/production/mcc_generated_files/src/spi0.o
 .debug_line    0x0000b744       0x66 build/AWS_IOT/production/mcc_generated_files/src/protected_io.o
 .debug_line    0x0000b7aa      0x2f3 build/AWS_IOT/production/mcc_generated_files/src/rtc.o
 .debug_line    0x0000ba9d      0x9f2 dist/AWS_IOT/production/__pa_temp_4517/twi0_master.o
 .debug_line    0x0000c48f      0x33e build/AWS_IOT/production/mcc_generated_files/src/adc0.o
 .debug_line    0x0000c7cd      0x42b build/AWS_IOT/production/mcc_generated_files/src/usart2.o
 .debug_line    0x0000cbf8      0x556 dist/AWS_IOT/production/__pa_temp_4517/winc_spi.o
 .debug_line    0x0000d14e      0x3be dist/AWS_IOT/production/__pa_temp_4517/winc_adapter.o
 .debug_line    0x0000d50c      0x36d dist/AWS_IOT/production/__pa_temp_4517/winc_hif.o
 .debug_line    0x0000d879      0x369 dist/AWS_IOT/production/__pa_temp_4517/winc_asic.o
 .debug_line    0x0000dbe2      0x1b6 dist/AWS_IOT/production/__pa_temp_4517/winc_drv.o
 .debug_line    0x0000dd98      0x3f5 dist/AWS_IOT/production/__pa_temp_4517/m2m_ssl.o
 .debug_line    0x0000e18d     0x111e dist/AWS_IOT/production/__pa_temp_4517/m2m_wifi.o
 .debug_line    0x0000f2ab      0x517 dist/AWS_IOT/production/__pa_temp_4517/m2m_ota.o
 .debug_line    0x0000f7c2      0x1d3 dist/AWS_IOT/production/__pa_temp_4517/m2m_fwinfo.o
 .debug_line    0x0000f995      0xd3f dist/AWS_IOT/production/__pa_temp_4517/socket.o
 .debug_line    0x000106d4      0x4b7 dist/AWS_IOT/production/__pa_temp_4517/spi_flash.o
 .debug_line    0x00010b8b      0x346 build/AWS_IOT/production/mcc_generated_files/mcc.o
 .debug_line    0x00010ed1      0x10f build/AWS_IOT/production/mcc_generated_files/delay.o
 .debug_line    0x00010fe0       0xcd build/AWS_IOT/production/mcc_generated_files/device_config.o
 .debug_line    0x000110ad      0x597 dist/AWS_IOT/production/__pa_temp_4517/application_manager.o
 .debug_line    0x00011644      0x15e dist/AWS_IOT/production/__pa_temp_4517/debug_print.o
 .debug_line    0x000117a2      0x382 build/AWS_IOT/production/mcc_generated_files/led.o
 .debug_line    0x00011b24      0x11c dist/AWS_IOT/production/__pa_temp_4517/sensors_handling.o
 .debug_line    0x00011c40      0x222 dist/AWS_IOT/production/__pa_temp_4517/time_service.o
 .debug_line    0x00011e62      0x165 build/AWS_IOT/production/mcc_generated_files/CryptoAuthenticationLibrary/CryptoAuth_init.o
 .debug_line    0x00011fc7       0x71 build/AWS_IOT/production/main.o

.debug_frame    0x00000000     0x64f8
 *(.debug_frame)
 .debug_frame   0x00000000      0x170 dist/AWS_IOT/production/__pa_temp_4517/cli.o
 .debug_frame   0x00000170      0x1e0 dist/AWS_IOT/production/__pa_temp_4517/crypto_client.o
 .debug_frame   0x00000350       0xf8 dist/AWS_IOT/production/__pa_temp_4517/cloud_service.o
 .debug_frame   0x00000448      0x160 dist/AWS_IOT/production/__pa_temp_4517/wifi_service.o
 .debug_frame   0x000005a8       0xe8 dist/AWS_IOT/production/__pa_temp_4517/mqtt_service.o
 .debug_frame   0x00000690       0xe8 dist/AWS_IOT/production/__pa_temp_4517/aws_cloud_service.o
 .debug_frame   0x00000778       0x24 build/AWS_IOT/production/mcc_generated_files/credentials_storage/credentials_storage.o
 .debug_frame   0x0000079c      0x1ec dist/AWS_IOT/production/__pa_temp_4517/atcacert_client.o
 .debug_frame   0x00000988      0x364 dist/AWS_IOT/production/__pa_temp_4517/atcacert_date.o
 .debug_frame   0x00000cec      0xa04 dist/AWS_IOT/production/__pa_temp_4517/atcacert_def.o
 .debug_frame   0x000016f0      0x158 dist/AWS_IOT/production/__pa_temp_4517/atca_basic.o
 .debug_frame   0x00001848      0x178 dist/AWS_IOT/production/__pa_temp_4517/atca_basic_ecdh.o
 .debug_frame   0x000019c0       0x64 dist/AWS_IOT/production/__pa_temp_4517/atca_basic_genkey.o
 .debug_frame   0x00001a24       0x90 dist/AWS_IOT/production/__pa_temp_4517/atca_basic_lock.o
 .debug_frame   0x00001ab4       0x90 dist/AWS_IOT/production/__pa_temp_4517/atca_basic_nonce.o
 .debug_frame   0x00001b44       0x40 dist/AWS_IOT/production/__pa_temp_4517/atca_basic_random.o
 .debug_frame   0x00001b84      0x2d4 dist/AWS_IOT/production/__pa_temp_4517/atca_basic_read.o
 .debug_frame   0x00001e58       0xb8 dist/AWS_IOT/production/__pa_temp_4517/atca_basic_secureboot.o
 .debug_frame   0x00001f10      0x338 dist/AWS_IOT/production/__pa_temp_4517/atca_basic_sha.o
 .debug_frame   0x00002248       0x84 dist/AWS_IOT/production/__pa_temp_4517/atca_basic_sign.o
 .debug_frame   0x000022cc       0x40 dist/AWS_IOT/production/__pa_temp_4517/atca_basic_updateextra.o
 .debug_frame   0x0000230c      0x228 dist/AWS_IOT/production/__pa_temp_4517/atca_basic_verify.o
 .debug_frame   0x00002534      0x220 dist/AWS_IOT/production/__pa_temp_4517/atca_basic_write.o
 .debug_frame   0x00002754      0x178 dist/AWS_IOT/production/__pa_temp_4517/sha1_routines.o
 .debug_frame   0x000028cc       0x60 dist/AWS_IOT/production/__pa_temp_4517/atca_hal.o
 .debug_frame   0x0000292c      0x110 dist/AWS_IOT/production/__pa_temp_4517/atca_i2c_hal.o
 .debug_frame   0x00002a3c       0x34 dist/AWS_IOT/production/__pa_temp_4517/hal_i2c_timer.o
 .debug_frame   0x00002a70      0x238 dist/AWS_IOT/production/__pa_temp_4517/atca_command.o
 .debug_frame   0x00002ca8       0x68 build/AWS_IOT/production/mcc_generated_files/CryptoAuthenticationLibrary/atca_device.o
 .debug_frame   0x00002d10       0x74 dist/AWS_IOT/production/__pa_temp_4517/atca_execution.o
 .debug_frame   0x00002d84      0x110 dist/AWS_IOT/production/__pa_temp_4517/atca_iface.o
 .debug_frame   0x00002e94       0x34 build/AWS_IOT/production/mcc_generated_files/drivers/spi_master.o
 .debug_frame   0x00002ec8      0x29c dist/AWS_IOT/production/__pa_temp_4517/timeout.o
 .debug_frame   0x00003164      0x18c dist/AWS_IOT/production/__pa_temp_4517/i2c_simple_master.o
 .debug_frame   0x000032f0       0x90 dist/AWS_IOT/production/__pa_temp_4517/mqtt_comm_layer.o
 .debug_frame   0x00003380      0x248 dist/AWS_IOT/production/__pa_temp_4517/mqtt_core.o
 .debug_frame   0x000035c8       0x94 dist/AWS_IOT/production/__pa_temp_4517/mqtt_exchange_buffer.o
 .debug_frame   0x0000365c       0x34 build/AWS_IOT/production/mcc_generated_files/mqtt/mqtt_packetTransfer_interface.o
 .debug_frame   0x00003690      0x31c dist/AWS_IOT/production/__pa_temp_4517/mqtt_winc_adapter.o
 .debug_frame   0x000039ac      0x300 dist/AWS_IOT/production/__pa_temp_4517/pin_manager.o
 .debug_frame   0x00003cac       0x24 build/AWS_IOT/production/mcc_generated_files/src/cpuint.o
 .debug_frame   0x00003cd0      0x114 build/AWS_IOT/production/mcc_generated_files/src/spi0.o
 .debug_frame   0x00003de4      0x1b4 build/AWS_IOT/production/mcc_generated_files/src/rtc.o
 .debug_frame   0x00003f98      0x3dc dist/AWS_IOT/production/__pa_temp_4517/twi0_master.o
 .debug_frame   0x00004374      0x18c build/AWS_IOT/production/mcc_generated_files/src/adc0.o
 .debug_frame   0x00004500      0x210 build/AWS_IOT/production/mcc_generated_files/src/usart2.o
 .debug_frame   0x00004710      0x2ac dist/AWS_IOT/production/__pa_temp_4517/winc_spi.o
 .debug_frame   0x000049bc      0x170 dist/AWS_IOT/production/__pa_temp_4517/winc_adapter.o
 .debug_frame   0x00004b2c      0x16c dist/AWS_IOT/production/__pa_temp_4517/winc_hif.o
 .debug_frame   0x00004c98      0x194 dist/AWS_IOT/production/__pa_temp_4517/winc_asic.o
 .debug_frame   0x00004e2c       0x58 dist/AWS_IOT/production/__pa_temp_4517/winc_drv.o
 .debug_frame   0x00004e84      0x190 dist/AWS_IOT/production/__pa_temp_4517/m2m_ssl.o
 .debug_frame   0x00005014      0x8a8 dist/AWS_IOT/production/__pa_temp_4517/m2m_wifi.o
 .debug_frame   0x000058bc      0x184 dist/AWS_IOT/production/__pa_temp_4517/m2m_ota.o
 .debug_frame   0x00005a40       0x54 dist/AWS_IOT/production/__pa_temp_4517/m2m_fwinfo.o
 .debug_frame   0x00005a94      0x350 dist/AWS_IOT/production/__pa_temp_4517/socket.o
 .debug_frame   0x00005de4      0x26c dist/AWS_IOT/production/__pa_temp_4517/spi_flash.o
 .debug_frame   0x00006050       0x94 build/AWS_IOT/production/mcc_generated_files/mcc.o
 .debug_frame   0x000060e4       0x34 build/AWS_IOT/production/mcc_generated_files/delay.o
 .debug_frame   0x00006118      0x198 dist/AWS_IOT/production/__pa_temp_4517/application_manager.o
 .debug_frame   0x000062b0       0x64 dist/AWS_IOT/production/__pa_temp_4517/debug_print.o
 .debug_frame   0x00006314       0x84 build/AWS_IOT/production/mcc_generated_files/led.o
 .debug_frame   0x00006398       0x34 dist/AWS_IOT/production/__pa_temp_4517/sensors_handling.o
 .debug_frame   0x000063cc       0xe4 dist/AWS_IOT/production/__pa_temp_4517/time_service.o
 .debug_frame   0x000064b0       0x24 build/AWS_IOT/production/mcc_generated_files/CryptoAuthenticationLibrary/CryptoAuth_init.o
 .debug_frame   0x000064d4       0x24 build/AWS_IOT/production/main.o

.debug_str      0x00000000     0x3711
 *(.debug_str)
 .debug_str     0x00000000      0xecd /opt/microchip/mplabx/v5.30/packs/Microchip/ATmega_DFP/2.0.12/gcc/dev/atmega4808/avrxmega3/crtatmega4808.o
 .debug_str     0x00000ecd       0xe7 dist/AWS_IOT/production/__pa_temp_4517/cli.o
 .debug_str     0x00000fb4      0x150 dist/AWS_IOT/production/__pa_temp_4517/crypto_client.o
 .debug_str     0x00001104      0x1d3 dist/AWS_IOT/production/__pa_temp_4517/cloud_service.o
 .debug_str     0x000012d7      0x21c dist/AWS_IOT/production/__pa_temp_4517/wifi_service.o
 .debug_str     0x000014f3       0xd9 dist/AWS_IOT/production/__pa_temp_4517/mqtt_service.o
 .debug_str     0x000015cc      0x172 dist/AWS_IOT/production/__pa_temp_4517/aws_cloud_service.o
 .debug_str     0x0000173e        0x0 build/AWS_IOT/production/mcc_generated_files/credentials_storage/credentials_storage.o
 .debug_str     0x0000173e      0x19f dist/AWS_IOT/production/__pa_temp_4517/atcacert_client.o
 .debug_str     0x000018dd       0x83 dist/AWS_IOT/production/__pa_temp_4517/atcacert_date.o
 .debug_str     0x00001960      0x2d6 dist/AWS_IOT/production/__pa_temp_4517/atcacert_def.o
 .debug_str     0x00001c36       0x9d dist/AWS_IOT/production/__pa_temp_4517/atca_basic.o
 .debug_str     0x00001cd3       0x6d dist/AWS_IOT/production/__pa_temp_4517/atca_basic_ecdh.o
 .debug_str     0x00001d40       0x30 dist/AWS_IOT/production/__pa_temp_4517/atca_basic_genkey.o
 .debug_str     0x00001d70       0x21 dist/AWS_IOT/production/__pa_temp_4517/atca_basic_lock.o
 .debug_str     0x00001d91       0x25 dist/AWS_IOT/production/__pa_temp_4517/atca_basic_nonce.o
 .debug_str     0x00001db6       0x1e dist/AWS_IOT/production/__pa_temp_4517/atca_basic_random.o
 .debug_str     0x00001dd4       0xc6 dist/AWS_IOT/production/__pa_temp_4517/atca_basic_read.o
 .debug_str     0x00001e9a       0xbf dist/AWS_IOT/production/__pa_temp_4517/atca_basic_secureboot.o
 .debug_str     0x00001f59       0x7d dist/AWS_IOT/production/__pa_temp_4517/atca_basic_sha.o
 .debug_str     0x00001fd6       0x4b dist/AWS_IOT/production/__pa_temp_4517/atca_basic_sign.o
 .debug_str     0x00002021       0x23 dist/AWS_IOT/production/__pa_temp_4517/atca_basic_updateextra.o
 .debug_str     0x00002044       0xb7 dist/AWS_IOT/production/__pa_temp_4517/atca_basic_verify.o
 .debug_str     0x000020fb       0xd7 dist/AWS_IOT/production/__pa_temp_4517/atca_basic_write.o
 .debug_str     0x000021d2        0x0 dist/AWS_IOT/production/__pa_temp_4517/sha1_routines.o
 .debug_str     0x000021d2       0x4f dist/AWS_IOT/production/__pa_temp_4517/atca_hal.o
 .debug_str     0x00002221       0x63 dist/AWS_IOT/production/__pa_temp_4517/atca_i2c_hal.o
 .debug_str     0x00002284       0x26 dist/AWS_IOT/production/__pa_temp_4517/hal_i2c_timer.o
 .debug_str     0x000022aa       0x1a dist/AWS_IOT/production/__pa_temp_4517/atca_command.o
 .debug_str     0x000022c4       0x2f build/AWS_IOT/production/mcc_generated_files/CryptoAuthenticationLibrary/atca_device.o
 .debug_str     0x000022f3       0x5f dist/AWS_IOT/production/__pa_temp_4517/atca_execution.o
 .debug_str     0x00002352       0x7d dist/AWS_IOT/production/__pa_temp_4517/atca_iface.o
 .debug_str     0x000023cf       0x17 build/AWS_IOT/production/mcc_generated_files/drivers/spi_master.o
 .debug_str     0x000023e6       0xaa dist/AWS_IOT/production/__pa_temp_4517/timeout.o
 .debug_str     0x00002490       0x8b dist/AWS_IOT/production/__pa_temp_4517/i2c_simple_master.o
 .debug_str     0x0000251b       0x67 dist/AWS_IOT/production/__pa_temp_4517/mqtt_comm_layer.o
 .debug_str     0x00002582      0x14a dist/AWS_IOT/production/__pa_temp_4517/mqtt_core.o
 .debug_str     0x000026cc        0xe dist/AWS_IOT/production/__pa_temp_4517/mqtt_exchange_buffer.o
 .debug_str     0x000026da        0x0 build/AWS_IOT/production/mcc_generated_files/mqtt/mqtt_packetTransfer_interface.o
 .debug_str     0x000026da       0x58 dist/AWS_IOT/production/__pa_temp_4517/mqtt_winc_adapter.o
 .debug_str     0x00002732       0x60 dist/AWS_IOT/production/__pa_temp_4517/pin_manager.o
 .debug_str     0x00002792       0x13 build/AWS_IOT/production/mcc_generated_files/src/cpuint.o
 .debug_str     0x000027a5       0x17 build/AWS_IOT/production/mcc_generated_files/src/spi0.o
 .debug_str     0x000027bc        0x9 build/AWS_IOT/production/mcc_generated_files/src/rtc.o
 .debug_str     0x000027c5        0xf dist/AWS_IOT/production/__pa_temp_4517/twi0_master.o
 .debug_str     0x000027d4        0x8 build/AWS_IOT/production/mcc_generated_files/src/adc0.o
 .debug_str     0x000027dc        0x0 build/AWS_IOT/production/mcc_generated_files/src/usart2.o
 .debug_str     0x000027dc       0x72 dist/AWS_IOT/production/__pa_temp_4517/winc_spi.o
 .debug_str     0x0000284e       0x3a dist/AWS_IOT/production/__pa_temp_4517/winc_adapter.o
 .debug_str     0x00002888      0x123 dist/AWS_IOT/production/__pa_temp_4517/winc_hif.o
 .debug_str     0x000029ab       0xdf dist/AWS_IOT/production/__pa_temp_4517/winc_asic.o
 .debug_str     0x00002a8a      0x129 dist/AWS_IOT/production/__pa_temp_4517/winc_drv.o
 .debug_str     0x00002bb3       0x49 dist/AWS_IOT/production/__pa_temp_4517/m2m_ssl.o
 .debug_str     0x00002bfc      0x428 dist/AWS_IOT/production/__pa_temp_4517/m2m_wifi.o
 .debug_str     0x00003024      0x11b dist/AWS_IOT/production/__pa_temp_4517/m2m_ota.o
 .debug_str     0x0000313f       0x2f dist/AWS_IOT/production/__pa_temp_4517/m2m_fwinfo.o
 .debug_str     0x0000316e      0x163 dist/AWS_IOT/production/__pa_temp_4517/socket.o
 .debug_str     0x000032d1       0xbd dist/AWS_IOT/production/__pa_temp_4517/spi_flash.o
 .debug_str     0x0000338e      0x126 build/AWS_IOT/production/mcc_generated_files/mcc.o
 .debug_str     0x000034b4       0x26 build/AWS_IOT/production/mcc_generated_files/delay.o
 .debug_str     0x000034da        0x0 build/AWS_IOT/production/mcc_generated_files/device_config.o
 .debug_str     0x000034da      0x16d dist/AWS_IOT/production/__pa_temp_4517/application_manager.o
 .debug_str     0x00003647        0x0 dist/AWS_IOT/production/__pa_temp_4517/debug_print.o
 .debug_str     0x00003647       0x2c build/AWS_IOT/production/mcc_generated_files/led.o
 .debug_str     0x00003673       0x29 dist/AWS_IOT/production/__pa_temp_4517/sensors_handling.o
 .debug_str     0x0000369c       0x37 dist/AWS_IOT/production/__pa_temp_4517/time_service.o
 .debug_str     0x000036d3       0x20 build/AWS_IOT/production/mcc_generated_files/CryptoAuthenticationLibrary/CryptoAuth_init.o
 .debug_str     0x000036f3       0x1e build/AWS_IOT/production/main.o

.debug_loc      0x00000000    0x1a3c1
 *(.debug_loc)
 .debug_loc     0x00000000      0x324 dist/AWS_IOT/production/__pa_temp_4517/cli.o
 .debug_loc     0x00000324      0x593 dist/AWS_IOT/production/__pa_temp_4517/crypto_client.o
 .debug_loc     0x000008b7      0x3ce dist/AWS_IOT/production/__pa_temp_4517/cloud_service.o
 .debug_loc     0x00000c85      0x381 dist/AWS_IOT/production/__pa_temp_4517/wifi_service.o
 .debug_loc     0x00001006      0x1a9 dist/AWS_IOT/production/__pa_temp_4517/mqtt_service.o
 .debug_loc     0x000011af      0x237 dist/AWS_IOT/production/__pa_temp_4517/aws_cloud_service.o
 .debug_loc     0x000013e6      0x9a5 dist/AWS_IOT/production/__pa_temp_4517/atcacert_client.o
 .debug_loc     0x00001d8b     0x2745 dist/AWS_IOT/production/__pa_temp_4517/atcacert_date.o
 .debug_loc     0x000044d0     0x4f8c dist/AWS_IOT/production/__pa_temp_4517/atcacert_def.o
 .debug_loc     0x0000945c      0x3c0 dist/AWS_IOT/production/__pa_temp_4517/atca_basic.o
 .debug_loc     0x0000981c      0x55c dist/AWS_IOT/production/__pa_temp_4517/atca_basic_ecdh.o
 .debug_loc     0x00009d78      0x1d8 dist/AWS_IOT/production/__pa_temp_4517/atca_basic_genkey.o
 .debug_loc     0x00009f50      0x136 dist/AWS_IOT/production/__pa_temp_4517/atca_basic_lock.o
 .debug_loc     0x0000a086      0x3df dist/AWS_IOT/production/__pa_temp_4517/atca_basic_nonce.o
 .debug_loc     0x0000a465       0x79 dist/AWS_IOT/production/__pa_temp_4517/atca_basic_random.o
 .debug_loc     0x0000a4de      0xd24 dist/AWS_IOT/production/__pa_temp_4517/atca_basic_read.o
 .debug_loc     0x0000b202      0x33f dist/AWS_IOT/production/__pa_temp_4517/atca_basic_secureboot.o
 .debug_loc     0x0000b541      0xc4f dist/AWS_IOT/production/__pa_temp_4517/atca_basic_sha.o
 .debug_loc     0x0000c190      0x37e dist/AWS_IOT/production/__pa_temp_4517/atca_basic_sign.o
 .debug_loc     0x0000c50e       0xa4 dist/AWS_IOT/production/__pa_temp_4517/atca_basic_updateextra.o
 .debug_loc     0x0000c5b2      0xf04 dist/AWS_IOT/production/__pa_temp_4517/atca_basic_verify.o
 .debug_loc     0x0000d4b6      0xb9f dist/AWS_IOT/production/__pa_temp_4517/atca_basic_write.o
 .debug_loc     0x0000e055      0x854 dist/AWS_IOT/production/__pa_temp_4517/sha1_routines.o
 .debug_loc     0x0000e8a9      0x12d dist/AWS_IOT/production/__pa_temp_4517/atca_hal.o
 .debug_loc     0x0000e9d6      0x301 dist/AWS_IOT/production/__pa_temp_4517/atca_i2c_hal.o
 .debug_loc     0x0000ecd7       0xf2 dist/AWS_IOT/production/__pa_temp_4517/hal_i2c_timer.o
 .debug_loc     0x0000edc9      0xad4 dist/AWS_IOT/production/__pa_temp_4517/atca_command.o
 .debug_loc     0x0000f89d      0x17f build/AWS_IOT/production/mcc_generated_files/CryptoAuthenticationLibrary/atca_device.o
 .debug_loc     0x0000fa1c      0x1a1 dist/AWS_IOT/production/__pa_temp_4517/atca_execution.o
 .debug_loc     0x0000fbbd      0x3fd dist/AWS_IOT/production/__pa_temp_4517/atca_iface.o
 .debug_loc     0x0000ffba       0x3a build/AWS_IOT/production/mcc_generated_files/drivers/spi_master.o
 .debug_loc     0x0000fff4      0x6e6 dist/AWS_IOT/production/__pa_temp_4517/timeout.o
 .debug_loc     0x000106da      0x512 dist/AWS_IOT/production/__pa_temp_4517/i2c_simple_master.o
 .debug_loc     0x00010bec      0x123 dist/AWS_IOT/production/__pa_temp_4517/mqtt_comm_layer.o
 .debug_loc     0x00010d0f      0x83b dist/AWS_IOT/production/__pa_temp_4517/mqtt_core.o
 .debug_loc     0x0001154a      0x1f1 dist/AWS_IOT/production/__pa_temp_4517/mqtt_exchange_buffer.o
 .debug_loc     0x0001173b     0x180c dist/AWS_IOT/production/__pa_temp_4517/mqtt_winc_adapter.o
 .debug_loc     0x00012f47       0x78 dist/AWS_IOT/production/__pa_temp_4517/pin_manager.o
 .debug_loc     0x00012fbf       0x2a build/AWS_IOT/production/mcc_generated_files/src/cpuint.o
 .debug_loc     0x00012fe9      0x215 build/AWS_IOT/production/mcc_generated_files/src/spi0.o
 .debug_loc     0x000131fe      0x4fc dist/AWS_IOT/production/__pa_temp_4517/twi0_master.o
 .debug_loc     0x000136fa       0xa4 build/AWS_IOT/production/mcc_generated_files/src/adc0.o
 .debug_loc     0x0001379e      0x142 build/AWS_IOT/production/mcc_generated_files/src/usart2.o
 .debug_loc     0x000138e0      0x93b dist/AWS_IOT/production/__pa_temp_4517/winc_spi.o
 .debug_loc     0x0001421b      0x18f dist/AWS_IOT/production/__pa_temp_4517/winc_adapter.o
 .debug_loc     0x000143aa      0x3b1 dist/AWS_IOT/production/__pa_temp_4517/winc_hif.o
 .debug_loc     0x0001475b      0x1c9 dist/AWS_IOT/production/__pa_temp_4517/winc_asic.o
 .debug_loc     0x00014924       0x9a dist/AWS_IOT/production/__pa_temp_4517/winc_drv.o
 .debug_loc     0x000149be      0x770 dist/AWS_IOT/production/__pa_temp_4517/m2m_ssl.o
 .debug_loc     0x0001512e     0x205a dist/AWS_IOT/production/__pa_temp_4517/m2m_wifi.o
 .debug_loc     0x00017188      0x8c9 dist/AWS_IOT/production/__pa_temp_4517/m2m_ota.o
 .debug_loc     0x00017a51      0x171 dist/AWS_IOT/production/__pa_temp_4517/m2m_fwinfo.o
 .debug_loc     0x00017bc2     0x1942 dist/AWS_IOT/production/__pa_temp_4517/socket.o
 .debug_loc     0x00019504      0x6a9 dist/AWS_IOT/production/__pa_temp_4517/spi_flash.o
 .debug_loc     0x00019bad       0x52 build/AWS_IOT/production/mcc_generated_files/mcc.o
 .debug_loc     0x00019bff      0x14a build/AWS_IOT/production/mcc_generated_files/delay.o
 .debug_loc     0x00019d49      0x1dc dist/AWS_IOT/production/__pa_temp_4517/application_manager.o
 .debug_loc     0x00019f25       0xb8 dist/AWS_IOT/production/__pa_temp_4517/debug_print.o
 .debug_loc     0x00019fdd      0x22e build/AWS_IOT/production/mcc_generated_files/led.o
 .debug_loc     0x0001a20b       0x59 dist/AWS_IOT/production/__pa_temp_4517/sensors_handling.o
 .debug_loc     0x0001a264      0x13f dist/AWS_IOT/production/__pa_temp_4517/time_service.o
 .debug_loc     0x0001a3a3       0x1e build/AWS_IOT/production/mcc_generated_files/CryptoAuthenticationLibrary/CryptoAuth_init.o

.debug_macinfo
 *(.debug_macinfo)

.debug_weaknames
 *(.debug_weaknames)

.debug_funcnames
 *(.debug_funcnames)

.debug_typenames
 *(.debug_typenames)

.debug_varnames
 *(.debug_varnames)

.debug_pubtypes
 *(.debug_pubtypes)

.debug_ranges   0x00000000     0x1cc8
 *(.debug_ranges)
 .debug_ranges  0x00000000       0x78 dist/AWS_IOT/production/__pa_temp_4517/cli.o
 .debug_ranges  0x00000078       0x60 dist/AWS_IOT/production/__pa_temp_4517/crypto_client.o
 .debug_ranges  0x000000d8       0x60 dist/AWS_IOT/production/__pa_temp_4517/cloud_service.o
 .debug_ranges  0x00000138       0xa8 dist/AWS_IOT/production/__pa_temp_4517/wifi_service.o
 .debug_ranges  0x000001e0       0x40 dist/AWS_IOT/production/__pa_temp_4517/mqtt_service.o
 .debug_ranges  0x00000220       0x50 dist/AWS_IOT/production/__pa_temp_4517/aws_cloud_service.o
 .debug_ranges  0x00000270       0x10 build/AWS_IOT/production/mcc_generated_files/credentials_storage/credentials_storage.o
 .debug_ranges  0x00000280       0x88 dist/AWS_IOT/production/__pa_temp_4517/atcacert_client.o
 .debug_ranges  0x00000308      0x1d8 dist/AWS_IOT/production/__pa_temp_4517/atcacert_date.o
 .debug_ranges  0x000004e0      0x208 dist/AWS_IOT/production/__pa_temp_4517/atcacert_def.o
 .debug_ranges  0x000006e8       0x70 dist/AWS_IOT/production/__pa_temp_4517/atca_basic.o
 .debug_ranges  0x00000758       0x38 dist/AWS_IOT/production/__pa_temp_4517/atca_basic_ecdh.o
 .debug_ranges  0x00000790       0x20 dist/AWS_IOT/production/__pa_temp_4517/atca_basic_genkey.o
 .debug_ranges  0x000007b0       0x38 dist/AWS_IOT/production/__pa_temp_4517/atca_basic_lock.o
 .debug_ranges  0x000007e8       0x28 dist/AWS_IOT/production/__pa_temp_4517/atca_basic_nonce.o
 .debug_ranges  0x00000810       0x10 dist/AWS_IOT/production/__pa_temp_4517/atca_basic_random.o
 .debug_ranges  0x00000820       0x58 dist/AWS_IOT/production/__pa_temp_4517/atca_basic_read.o
 .debug_ranges  0x00000878       0x18 dist/AWS_IOT/production/__pa_temp_4517/atca_basic_secureboot.o
 .debug_ranges  0x00000890       0x98 dist/AWS_IOT/production/__pa_temp_4517/atca_basic_sha.o
 .debug_ranges  0x00000928       0x20 dist/AWS_IOT/production/__pa_temp_4517/atca_basic_sign.o
 .debug_ranges  0x00000948       0x10 dist/AWS_IOT/production/__pa_temp_4517/atca_basic_updateextra.o
 .debug_ranges  0x00000958       0x48 dist/AWS_IOT/production/__pa_temp_4517/atca_basic_verify.o
 .debug_ranges  0x000009a0       0x40 dist/AWS_IOT/production/__pa_temp_4517/atca_basic_write.o
 .debug_ranges  0x000009e0       0x30 dist/AWS_IOT/production/__pa_temp_4517/sha1_routines.o
 .debug_ranges  0x00000a10       0x20 dist/AWS_IOT/production/__pa_temp_4517/atca_hal.o
 .debug_ranges  0x00000a30       0x50 dist/AWS_IOT/production/__pa_temp_4517/atca_i2c_hal.o
 .debug_ranges  0x00000a80       0x18 dist/AWS_IOT/production/__pa_temp_4517/hal_i2c_timer.o
 .debug_ranges  0x00000a98      0x100 dist/AWS_IOT/production/__pa_temp_4517/atca_command.o
 .debug_ranges  0x00000b98       0x28 build/AWS_IOT/production/mcc_generated_files/CryptoAuthenticationLibrary/atca_device.o
 .debug_ranges  0x00000bc0       0x18 dist/AWS_IOT/production/__pa_temp_4517/atca_execution.o
 .debug_ranges  0x00000bd8       0x60 dist/AWS_IOT/production/__pa_temp_4517/atca_iface.o
 .debug_ranges  0x00000c38       0x18 build/AWS_IOT/production/mcc_generated_files/drivers/spi_master.o
 .debug_ranges  0x00000c50       0xe0 dist/AWS_IOT/production/__pa_temp_4517/timeout.o
 .debug_ranges  0x00000d30       0x68 dist/AWS_IOT/production/__pa_temp_4517/i2c_simple_master.o
 .debug_ranges  0x00000d98       0x38 dist/AWS_IOT/production/__pa_temp_4517/mqtt_comm_layer.o
 .debug_ranges  0x00000dd0       0xb8 dist/AWS_IOT/production/__pa_temp_4517/mqtt_core.o
 .debug_ranges  0x00000e88       0x28 dist/AWS_IOT/production/__pa_temp_4517/mqtt_exchange_buffer.o
 .debug_ranges  0x00000eb0       0x18 build/AWS_IOT/production/mcc_generated_files/mqtt/mqtt_packetTransfer_interface.o
 .debug_ranges  0x00000ec8      0x108 dist/AWS_IOT/production/__pa_temp_4517/mqtt_winc_adapter.o
 .debug_ranges  0x00000fd0       0xc0 dist/AWS_IOT/production/__pa_temp_4517/pin_manager.o
 .debug_ranges  0x00001090       0x10 build/AWS_IOT/production/mcc_generated_files/src/cpuint.o
 .debug_ranges  0x000010a0       0x80 build/AWS_IOT/production/mcc_generated_files/src/spi0.o
 .debug_ranges  0x00001120       0x80 build/AWS_IOT/production/mcc_generated_files/src/rtc.o
 .debug_ranges  0x000011a0      0x1d0 dist/AWS_IOT/production/__pa_temp_4517/twi0_master.o
 .debug_ranges  0x00001370       0x98 build/AWS_IOT/production/mcc_generated_files/src/adc0.o
 .debug_ranges  0x00001408       0xb0 build/AWS_IOT/production/mcc_generated_files/src/usart2.o
 .debug_ranges  0x000014b8       0x88 dist/AWS_IOT/production/__pa_temp_4517/winc_spi.o
 .debug_ranges  0x00001540       0x68 dist/AWS_IOT/production/__pa_temp_4517/winc_adapter.o
 .debug_ranges  0x000015a8       0x58 dist/AWS_IOT/production/__pa_temp_4517/winc_hif.o
 .debug_ranges  0x00001600       0x58 dist/AWS_IOT/production/__pa_temp_4517/winc_asic.o
 .debug_ranges  0x00001658       0x20 dist/AWS_IOT/production/__pa_temp_4517/winc_drv.o
 .debug_ranges  0x00001678       0x50 dist/AWS_IOT/production/__pa_temp_4517/m2m_ssl.o
 .debug_ranges  0x000016c8      0x2a8 dist/AWS_IOT/production/__pa_temp_4517/m2m_wifi.o
 .debug_ranges  0x00001970       0x78 dist/AWS_IOT/production/__pa_temp_4517/m2m_ota.o
 .debug_ranges  0x000019e8       0x18 dist/AWS_IOT/production/__pa_temp_4517/m2m_fwinfo.o
 .debug_ranges  0x00001a00       0xd0 dist/AWS_IOT/production/__pa_temp_4517/socket.o
 .debug_ranges  0x00001ad0       0x50 dist/AWS_IOT/production/__pa_temp_4517/spi_flash.o
 .debug_ranges  0x00001b20       0x40 build/AWS_IOT/production/mcc_generated_files/mcc.o
 .debug_ranges  0x00001b60       0x18 build/AWS_IOT/production/mcc_generated_files/delay.o
 .debug_ranges  0x00001b78       0x50 dist/AWS_IOT/production/__pa_temp_4517/application_manager.o
 .debug_ranges  0x00001bc8       0x28 dist/AWS_IOT/production/__pa_temp_4517/debug_print.o
 .debug_ranges  0x00001bf0       0x40 build/AWS_IOT/production/mcc_generated_files/led.o
 .debug_ranges  0x00001c30       0x18 dist/AWS_IOT/production/__pa_temp_4517/sensors_handling.o
 .debug_ranges  0x00001c48       0x60 dist/AWS_IOT/production/__pa_temp_4517/time_service.o
 .debug_ranges  0x00001ca8       0x10 build/AWS_IOT/production/mcc_generated_files/CryptoAuthenticationLibrary/CryptoAuth_init.o
 .debug_ranges  0x00001cb8       0x10 build/AWS_IOT/production/main.o

.debug_macro
 *(.debug_macro)
OUTPUT(dist/AWS_IOT/production/AVRIoT.X.production.elf elf32-avr)
LOAD linker stubs
LOAD data_init

.note.gnu.avr.deviceinfo
                0x00000000       0x40
 .note.gnu.avr.deviceinfo
                0x00000000       0x40 /opt/microchip/mplabx/v5.30/packs/Microchip/ATmega_DFP/2.0.12/gcc/dev/atmega4808/avrxmega3/crtatmega4808.o

.bss.test.6405  0x00803271        0x1
 .bss.test.6405
                0x00803271        0x1 dist/AWS_IOT/production/__pa_temp_4517/cli.o

.bss.ateccsn    0x00803235        0x2
 .bss.ateccsn   0x00803235        0x2 dist/AWS_IOT/production/__pa_temp_4517/cli.o

.bss.commandTooLongFlag
                0x00803272        0x1
 .bss.commandTooLongFlag
                0x00803272        0x1 dist/AWS_IOT/production/__pa_temp_4517/cli.o

.bss.index      0x00803273        0x1
 .bss.index     0x00803273        0x1 dist/AWS_IOT/production/__pa_temp_4517/cli.o

.bss.command    0x00802e6b       0x64
 .bss.command   0x00802e6b       0x64 dist/AWS_IOT/production/__pa_temp_4517/cli.o

.bss.g_ecdh_key_slot_index
                0x00803205        0x4
 .bss.g_ecdh_key_slot_index
                0x00803205        0x4 dist/AWS_IOT/production/__pa_temp_4517/crypto_client.o

.bss.subscriptionTopicCount.5634
                0x00803274        0x1
 .bss.subscriptionTopicCount.5634
                0x00803274        0x1 dist/AWS_IOT/production/__pa_temp_4517/cloud_service.o

.bss.wifiConnectionStateChangedCallback
                0x00803237        0x2
 .bss.wifiConnectionStateChangedCallback
                0x00803237        0x2 dist/AWS_IOT/production/__pa_temp_4517/wifi_service.o
                0x00803237                wifiConnectionStateChangedCallback

.bss.responseFromProvisionConnect
                0x00803275        0x1
 .bss.responseFromProvisionConnect
                0x00803275        0x1 dist/AWS_IOT/production/__pa_temp_4517/wifi_service.o

.bss.publishRecvInfo
                0x00803239        0x2
 .bss.publishRecvInfo
                0x00803239        0x2 dist/AWS_IOT/production/__pa_temp_4517/mqtt_service.o

.bss._gDevice   0x0080323b        0x2
 .bss._gDevice  0x0080323b        0x2 dist/AWS_IOT/production/__pa_temp_4517/atca_basic.o
                0x0080323b                _gDevice

.bss.i2c_address
                0x00803276        0x1
 .bss.i2c_address
                0x00803276        0x1 dist/AWS_IOT/production/__pa_temp_4517/atca_i2c_hal.o
                0x00803276                i2c_address

.bss.isRunning  0x00803277        0x1
 .bss.isRunning
                0x00803277        0x1 dist/AWS_IOT/production/__pa_temp_4517/timeout.o
                0x00803277                isRunning

.bss.lastTimerLoad
                0x0080320d        0x4
 .bss.lastTimerLoad
                0x0080320d        0x4 dist/AWS_IOT/production/__pa_temp_4517/timeout.o
                0x0080320d                lastTimerLoad

.bss.absoluteTimeofLastTimeout
                0x00803211        0x4
 .bss.absoluteTimeofLastTimeout
                0x00803211        0x4 dist/AWS_IOT/production/__pa_temp_4517/timeout.o
                0x00803211                absoluteTimeofLastTimeout

.bss.executeQueueHead
                0x0080323d        0x2
 .bss.executeQueueHead
                0x0080323d        0x2 dist/AWS_IOT/production/__pa_temp_4517/timeout.o
                0x0080323d                executeQueueHead

.bss.listHead   0x0080323f        0x2
 .bss.listHead  0x0080323f        0x2 dist/AWS_IOT/production/__pa_temp_4517/timeout.o
                0x0080323f                listHead

.bss.lastSentSize
                0x00803241        0x2
 .bss.lastSentSize
                0x00803241        0x2 dist/AWS_IOT/production/__pa_temp_4517/mqtt_comm_layer.o

.bss.mqttRxBuff
                0x00802942      0x190
 .bss.mqttRxBuff
                0x00802942      0x190 dist/AWS_IOT/production/__pa_temp_4517/mqtt_comm_layer.o

.bss.mqttTxBuff
                0x00802ad2      0x190
 .bss.mqttTxBuff
                0x00802ad2      0x190 dist/AWS_IOT/production/__pa_temp_4517/mqtt_comm_layer.o

.bss.mqttConn   0x0080310a       0x12
 .bss.mqttConn  0x0080310a       0x12 dist/AWS_IOT/production/__pa_temp_4517/mqtt_comm_layer.o

.bss.mqttState  0x00803279        0x1
 .bss.mqttState
                0x00803279        0x1 dist/AWS_IOT/production/__pa_temp_4517/mqtt_core.o

.bss.lastReceivedLength
                0x00803243        0x2
 .bss.lastReceivedLength
                0x00803243        0x2 dist/AWS_IOT/production/__pa_temp_4517/mqtt_core.o

.bss.lastReceivedPacketHeader
                0x0080327a        0x1
 .bss.lastReceivedPacketHeader
                0x0080327a        0x1 dist/AWS_IOT/production/__pa_temp_4517/mqtt_core.o

.bss.lastMQTTHandlerState
                0x0080327b        0x1
 .bss.lastMQTTHandlerState
                0x0080327b        0x1 dist/AWS_IOT/production/__pa_temp_4517/mqtt_core.o

.bss.mqttTimeouts
                0x0080327c        0x1
 .bss.mqttTimeouts
                0x0080327c        0x1 dist/AWS_IOT/production/__pa_temp_4517/mqtt_core.o

.bss.txUnsubscribePacket
                0x00803158        0xd
 .bss.txUnsubscribePacket
                0x00803158        0xd dist/AWS_IOT/production/__pa_temp_4517/mqtt_core.o

.bss.txSubscribePacket
                0x0080313c        0xe
 .bss.txSubscribePacket
                0x0080313c        0xe dist/AWS_IOT/production/__pa_temp_4517/mqtt_core.o

.bss.txPublishPacket
                0x0080312c       0x10
 .bss.txPublishPacket
                0x0080312c       0x10 dist/AWS_IOT/production/__pa_temp_4517/mqtt_core.o

.bss.txConnectPacket
                0x008030b0       0x1d
 .bss.txConnectPacket
                0x008030b0       0x1d dist/AWS_IOT/production/__pa_temp_4517/mqtt_core.o

.bss.mqttRxFlags
                0x0080327d        0x1
 .bss.mqttRxFlags
                0x0080327d        0x1 dist/AWS_IOT/production/__pa_temp_4517/mqtt_core.o

.bss.mqttTxFlags
                0x0080327e        0x1
 .bss.mqttTxFlags
                0x0080327e        0x1 dist/AWS_IOT/production/__pa_temp_4517/mqtt_core.o

.bss.packetRecvInfo
                0x00803245        0x2
 .bss.packetRecvInfo
                0x00803245        0x2 dist/AWS_IOT/production/__pa_temp_4517/mqtt_winc_adapter.o

.bss.bsdErrorNumber
                0x0080327f        0x1
 .bss.bsdErrorNumber
                0x0080327f        0x1 dist/AWS_IOT/production/__pa_temp_4517/mqtt_winc_adapter.o

.bss.PORTF_WAKE_InterruptHandler
                0x00803247        0x2
 .bss.PORTF_WAKE_InterruptHandler
                0x00803247        0x2 dist/AWS_IOT/production/__pa_temp_4517/pin_manager.o

.bss.PORTF_SW1_InterruptHandler
                0x00803249        0x2
 .bss.PORTF_SW1_InterruptHandler
                0x00803249        0x2 dist/AWS_IOT/production/__pa_temp_4517/pin_manager.o

.bss.PORTF_INT_InterruptHandler
                0x0080324b        0x2
 .bss.PORTF_INT_InterruptHandler
                0x0080324b        0x2 dist/AWS_IOT/production/__pa_temp_4517/pin_manager.o

.bss.PORTF_CE_InterruptHandler
                0x0080324d        0x2
 .bss.PORTF_CE_InterruptHandler
                0x0080324d        0x2 dist/AWS_IOT/production/__pa_temp_4517/pin_manager.o

.bss.PORTF_PF0_InterruptHandler
                0x0080324f        0x2
 .bss.PORTF_PF0_InterruptHandler
                0x0080324f        0x2 dist/AWS_IOT/production/__pa_temp_4517/pin_manager.o

.bss.PORTF_PF1_InterruptHandler
                0x00803251        0x2
 .bss.PORTF_PF1_InterruptHandler
                0x00803251        0x2 dist/AWS_IOT/production/__pa_temp_4517/pin_manager.o

.bss.PORTF_SW0_InterruptHandler
                0x00803253        0x2
 .bss.PORTF_SW0_InterruptHandler
                0x00803253        0x2 dist/AWS_IOT/production/__pa_temp_4517/pin_manager.o

.bss.spi0_desc  0x00803280        0x1
 .bss.spi0_desc
                0x00803280        0x1 build/AWS_IOT/production/mcc_generated_files/src/spi0.o

.bss.RTC_PIT_isr_cb
                0x00803255        0x2
 .bss.RTC_PIT_isr_cb
                0x00803255        0x2 build/AWS_IOT/production/mcc_generated_files/src/rtc.o
                0x00803255                RTC_PIT_isr_cb

.bss.RTC_CMP_isr_cb
                0x00803257        0x2
 .bss.RTC_CMP_isr_cb
                0x00803257        0x2 build/AWS_IOT/production/mcc_generated_files/src/rtc.o
                0x00803257                RTC_CMP_isr_cb

.bss.RTC_OVF_isr_cb
                0x00803259        0x2
 .bss.RTC_OVF_isr_cb
                0x00803259        0x2 build/AWS_IOT/production/mcc_generated_files/src/rtc.o
                0x00803259                RTC_OVF_isr_cb

.bss.I2C0_status
                0x0080308c       0x24
 .bss.I2C0_status
                0x0080308c       0x24 dist/AWS_IOT/production/__pa_temp_4517/twi0_master.o
                0x0080308c                I2C0_status

.bss.ADC0_window_cb
                0x0080325b        0x2
 .bss.ADC0_window_cb
                0x0080325b        0x2 build/AWS_IOT/production/mcc_generated_files/src/adc0.o
                0x0080325b                ADC0_window_cb

.bss.USART2_tx_elements
                0x00803281        0x1
 .bss.USART2_tx_elements
                0x00803281        0x1 build/AWS_IOT/production/mcc_generated_files/src/usart2.o

.bss.USART2_tx_tail
                0x00803282        0x1
 .bss.USART2_tx_tail
                0x00803282        0x1 build/AWS_IOT/production/mcc_generated_files/src/usart2.o

.bss.USART2_tx_head
                0x00803283        0x1
 .bss.USART2_tx_head
                0x00803283        0x1 build/AWS_IOT/production/mcc_generated_files/src/usart2.o

.bss.USART2_txbuf
                0x00802f6f       0x40
 .bss.USART2_txbuf
                0x00802f6f       0x40 build/AWS_IOT/production/mcc_generated_files/src/usart2.o

.bss.USART2_rx_elements
                0x00803284        0x1
 .bss.USART2_rx_elements
                0x00803284        0x1 build/AWS_IOT/production/mcc_generated_files/src/usart2.o

.bss.USART2_rx_tail
                0x00803285        0x1
 .bss.USART2_rx_tail
                0x00803285        0x1 build/AWS_IOT/production/mcc_generated_files/src/usart2.o

.bss.USART2_rx_head
                0x00803286        0x1
 .bss.USART2_rx_head
                0x00803286        0x1 build/AWS_IOT/production/mcc_generated_files/src/usart2.o

.bss.USART2_rxbuf
                0x00802faf       0x40
 .bss.USART2_rxbuf
                0x00802faf       0x40 build/AWS_IOT/production/mcc_generated_files/src/usart2.o

.bss.serviceRequest
                0x00803288        0x1
 .bss.serviceRequest
                0x00803288        0x1 dist/AWS_IOT/production/__pa_temp_4517/winc_adapter.o

.bss.gbChipPwrSave
                0x00803289        0x1
 .bss.gbChipPwrSave
                0x00803289        0x1 dist/AWS_IOT/production/__pa_temp_4517/winc_hif.o

.bss.gu16RxSize
                0x00803261        0x2
 .bss.gu16RxSize
                0x00803261        0x2 dist/AWS_IOT/production/__pa_temp_4517/winc_hif.o

.bss.gu32RxAddr
                0x00803219        0x4
 .bss.gu32RxAddr
                0x00803219        0x4 dist/AWS_IOT/production/__pa_temp_4517/winc_hif.o

.bss.gu8ChipSleep
                0x0080328a        0x1
 .bss.gu8ChipSleep
                0x0080328a        0x1 dist/AWS_IOT/production/__pa_temp_4517/winc_hif.o

.bss.gu32ChipID.3383
                0x0080321d        0x4
 .bss.gu32ChipID.3383
                0x0080321d        0x4 dist/AWS_IOT/production/__pa_temp_4517/winc_asic.o

.bss.gu32HIFAddr
                0x00803221        0x4
 .bss.gu32HIFAddr
                0x00803221        0x4 dist/AWS_IOT/production/__pa_temp_4517/m2m_ssl.o

.bss.gpfAppSSLCb
                0x00803263        0x2
 .bss.gpfAppSSLCb
                0x00803263        0x2 dist/AWS_IOT/production/__pa_temp_4517/m2m_ssl.o

.bss.gu8scanInProgress
                0x0080328c        0x1
 .bss.gu8scanInProgress
                0x0080328c        0x1 dist/AWS_IOT/production/__pa_temp_4517/m2m_wifi.o

.bss.gpfAppWifiCb
                0x00803265        0x2
 .bss.gpfAppWifiCb
                0x00803265        0x2 dist/AWS_IOT/production/__pa_temp_4517/m2m_wifi.o

.bss.gu8WifiState
                0x0080328d        0x1
 .bss.gu8WifiState
                0x0080328d        0x1 dist/AWS_IOT/production/__pa_temp_4517/m2m_wifi.o

.bss.gu8ChNum   0x0080328e        0x1
 .bss.gu8ChNum  0x0080328e        0x1 dist/AWS_IOT/production/__pa_temp_4517/m2m_wifi.o

.bss.u8NextUdpSock.3538
                0x0080328f        0x1
 .bss.u8NextUdpSock.3538
                0x0080328f        0x1 dist/AWS_IOT/production/__pa_temp_4517/socket.o

.bss.u8NextTcpSock.3537
                0x00803290        0x1
 .bss.u8NextTcpSock.3537
                0x00803290        0x1 dist/AWS_IOT/production/__pa_temp_4517/socket.o

.bss.gu32PingId
                0x00803225        0x4
 .bss.gu32PingId
                0x00803225        0x4 dist/AWS_IOT/production/__pa_temp_4517/socket.o

.bss.gfpPingCb  0x00803267        0x2
 .bss.gfpPingCb
                0x00803267        0x2 dist/AWS_IOT/production/__pa_temp_4517/socket.o

.bss.gbSocketInit
                0x00803291        0x1
 .bss.gbSocketInit
                0x00803291        0x1 dist/AWS_IOT/production/__pa_temp_4517/socket.o

.bss.gpfAppResolveCb
                0x00803269        0x2
 .bss.gpfAppResolveCb
                0x00803269        0x2 dist/AWS_IOT/production/__pa_temp_4517/socket.o

.bss.gpfAppSocketCb
                0x0080326b        0x2
 .bss.gpfAppSocketCb
                0x0080326b        0x2 dist/AWS_IOT/production/__pa_temp_4517/socket.o

.bss.gu16SessionID