Archive member included to satisfy reference by file (symbol)

/opt/microchip/xc8/v2.10/avr/bin/../lib/gcc/avr/5.4.0/avrxmega3/libgcc.a(_udivmodqi4.o)
                              dist/GOOGLE_IOT/production/__pa_temp_8961/socket.o (__udivmodqi4)
/opt/microchip/xc8/v2.10/avr/bin/../lib/gcc/avr/5.4.0/avrxmega3/libgcc.a(_udivmodhi4.o)
                              dist/GOOGLE_IOT/production/__pa_temp_8961/atcacert_def.o (__udivmodhi4)
/opt/microchip/xc8/v2.10/avr/bin/../lib/gcc/avr/5.4.0/avrxmega3/libgcc.a(_divmodhi4.o)
                              dist/GOOGLE_IOT/production/__pa_temp_8961/atcacert_client.o (__divmodhi4)
/opt/microchip/xc8/v2.10/avr/bin/../lib/gcc/avr/5.4.0/avrxmega3/libgcc.a(_udivmodsi4.o)
                              dist/GOOGLE_IOT/production/__pa_temp_8961/atcacert_date.o (__udivmodsi4)
/opt/microchip/xc8/v2.10/avr/bin/../lib/gcc/avr/5.4.0/avrxmega3/libgcc.a(_divmodsi4.o)
                              dist/GOOGLE_IOT/production/__pa_temp_8961/sensors_handling.o (__divmodsi4)
/opt/microchip/xc8/v2.10/avr/bin/../lib/gcc/avr/5.4.0/avrxmega3/libgcc.a(_exit.o)
                              /opt/microchip/mplabx/v5.30/packs/Microchip/ATmega_DFP/2.0.12/gcc/dev/atmega4808/avrxmega3/crtatmega4808.o (exit)
/opt/microchip/xc8/v2.10/avr/bin/../lib/gcc/avr/5.4.0/avrxmega3/libgcc.a(_tablejump2.o)
                              dist/GOOGLE_IOT/production/__pa_temp_8961/atcacert_def.o (__tablejump2__)
/opt/microchip/xc8/v2.10/avr/bin/../lib/gcc/avr/5.4.0/avrxmega3/libgcc.a(_copy_data.o)
                              dist/GOOGLE_IOT/production/__pa_temp_8961/cli.o (__do_copy_data)
/opt/microchip/xc8/v2.10/avr/bin/../lib/gcc/avr/5.4.0/avrxmega3/libgcc.a(_bswapsi2.o)
                              dist/GOOGLE_IOT/production/__pa_temp_8961/atcacert_date.o (__bswapsi2)
/opt/microchip/xc8/v2.10/avr/bin/../lib/gcc/avr/5.4.0/avrxmega3/libgcc.a(_umulhisi3.o)
                              dist/GOOGLE_IOT/production/__pa_temp_8961/mqtt_core.o (__umulhisi3)
/opt/microchip/xc8/v2.10/avr/bin/../lib/gcc/avr/5.4.0/avrxmega3/libgcc.a(_usmulhisi3.o)
                              dist/GOOGLE_IOT/production/__pa_temp_8961/atcacert_date.o (__usmulhisi3)
/opt/microchip/xc8/v2.10/avr/bin/../lib/gcc/avr/5.4.0/avrxmega3/libgcc.a(_muluhisi3.o)
                              dist/GOOGLE_IOT/production/__pa_temp_8961/atcacert_date.o (__muluhisi3)
/opt/microchip/xc8/v2.10/avr/bin/../lib/gcc/avr/5.4.0/avrxmega3/libgcc.a(_mulshisi3.o)
                              dist/GOOGLE_IOT/production/__pa_temp_8961/atcacert_date.o (__mulshisi3)
/opt/microchip/xc8/v2.10/avr/bin/../lib/gcc/avr/5.4.0/../../../../avr/lib/avrxmega3/libc.a(atoi_M.o)
                              dist/GOOGLE_IOT/production/__pa_temp_8961/cli.o (atoi)
/opt/microchip/xc8/v2.10/avr/bin/../lib/gcc/avr/5.4.0/../../../../avr/lib/avrxmega3/libc.a(tolower.o)
                              dist/GOOGLE_IOT/production/__pa_temp_8961/atca_helpers.o (tolower)
/opt/microchip/xc8/v2.10/avr/bin/../lib/gcc/avr/5.4.0/../../../../avr/lib/avrxmega3/libc.a(toupper.o)
                              dist/GOOGLE_IOT/production/__pa_temp_8961/atca_helpers.o (toupper)
/opt/microchip/xc8/v2.10/avr/bin/../lib/gcc/avr/5.4.0/../../../../avr/lib/avrxmega3/libc.a(strtok.o)
                              dist/GOOGLE_IOT/production/__pa_temp_8961/cli.o (strtok)
/opt/microchip/xc8/v2.10/avr/bin/../lib/gcc/avr/5.4.0/../../../../avr/lib/avrxmega3/libc.a(memcmp.o)
                              dist/GOOGLE_IOT/production/__pa_temp_8961/mqtt_service.o (memcmp)
/opt/microchip/xc8/v2.10/avr/bin/../lib/gcc/avr/5.4.0/../../../../avr/lib/avrxmega3/libc.a(memcpy.o)
                              dist/GOOGLE_IOT/production/__pa_temp_8961/atcacert_client.o (memcpy)
/opt/microchip/xc8/v2.10/avr/bin/../lib/gcc/avr/5.4.0/../../../../avr/lib/avrxmega3/libc.a(memmove.o)
                              dist/GOOGLE_IOT/production/__pa_temp_8961/atcacert_client.o (memmove)
/opt/microchip/xc8/v2.10/avr/bin/../lib/gcc/avr/5.4.0/../../../../avr/lib/avrxmega3/libc.a(memset.o)
                              dist/GOOGLE_IOT/production/__pa_temp_8961/atcacert_def.o (memset)
/opt/microchip/xc8/v2.10/avr/bin/../lib/gcc/avr/5.4.0/../../../../avr/lib/avrxmega3/libc.a(strchr.o)
                              dist/GOOGLE_IOT/production/__pa_temp_8961/cli.o (strchr)
/opt/microchip/xc8/v2.10/avr/bin/../lib/gcc/avr/5.4.0/../../../../avr/lib/avrxmega3/libc.a(strcmp.o)
                              dist/GOOGLE_IOT/production/__pa_temp_8961/cli.o (strcmp)
/opt/microchip/xc8/v2.10/avr/bin/../lib/gcc/avr/5.4.0/../../../../avr/lib/avrxmega3/libc.a(strcpy.o)
                              dist/GOOGLE_IOT/production/__pa_temp_8961/cli.o (strcpy)
/opt/microchip/xc8/v2.10/avr/bin/../lib/gcc/avr/5.4.0/../../../../avr/lib/avrxmega3/libc.a(strncmp.o)
                              dist/GOOGLE_IOT/production/__pa_temp_8961/wifi_service.o (strncmp)
/opt/microchip/xc8/v2.10/avr/bin/../lib/gcc/avr/5.4.0/../../../../avr/lib/avrxmega3/libc.a(strncpy.o)
[...]
Memory Configuration

Name             Origin             Length             Attributes
text             0x00000000         0x0000c000         xr
data             0x00802800         0x00001800         rw !x
eeprom           0x00810000         0x00000100         rw !x
fuse             0x00820000         0x00000009         rw !x
lock             0x00830000         0x00000400         rw !x
signature        0x00840000         0x00000400         rw !x
user_signatures  0x00850000         0x00000400         rw !x
*default*        0x00000000         0xffffffff

Linker script and memory map

LOAD dist/GOOGLE_IOT/production/__pa_temp_8961/libgcc_a__negsi2.o
LOAD dist/GOOGLE_IOT/production/__pa_temp_8961/libc_a_puts.o
LOAD dist/GOOGLE_IOT/production/__pa_temp_8961/libc_a_fputc.o
LOAD dist/GOOGLE_IOT/production/__pa_temp_8961/libc_a_atol.o
Address of section .data set to 0x802800
                0x00004000                __RODATA_PM_OFFSET__ = 0x4000
LOAD /opt/microchip/mplabx/v5.30/packs/Microchip/ATmega_DFP/2.0.12/gcc/dev/atmega4808/avrxmega3/crtatmega4808.o
                0x00000001                __MPLAB_BUILD = 0x1
LOAD dist/GOOGLE_IOT/production/__pa_temp_8961/cli.o
LOAD dist/GOOGLE_IOT/production/__pa_temp_8961/crypto_client.o
LOAD dist/GOOGLE_IOT/production/__pa_temp_8961/cloud_service.o
LOAD dist/GOOGLE_IOT/production/__pa_temp_8961/wifi_service.o
LOAD dist/GOOGLE_IOT/production/__pa_temp_8961/mqtt_service.o
LOAD dist/GOOGLE_IOT/production/__pa_temp_8961/google_cloud_service.o
LOAD build/GOOGLE_IOT/production/mcc_generated_files/credentials_storage/credentials_storage.o
LOAD dist/GOOGLE_IOT/production/__pa_temp_8961/atcacert_client.o
LOAD dist/GOOGLE_IOT/production/__pa_temp_8961/atcacert_date.o
LOAD dist/GOOGLE_IOT/production/__pa_temp_8961/atcacert_def.o
LOAD dist/GOOGLE_IOT/production/__pa_temp_8961/atcacert_der.o
LOAD dist/GOOGLE_IOT/production/__pa_temp_8961/atcacert_host_hw.o
LOAD dist/GOOGLE_IOT/production/__pa_temp_8961/atcacert_host_sw.o
LOAD dist/GOOGLE_IOT/production/__pa_temp_8961/atcacert_pem.o
LOAD dist/GOOGLE_IOT/production/__pa_temp_8961/atca_basic.o
LOAD dist/GOOGLE_IOT/production/__pa_temp_8961/atca_basic_checkmac.o
LOAD dist/GOOGLE_IOT/production/__pa_temp_8961/atca_basic_counter.o
LOAD dist/GOOGLE_IOT/production/__pa_temp_8961/atca_basic_derivekey.o
LOAD dist/GOOGLE_IOT/production/__pa_temp_8961/atca_basic_ecdh.o
LOAD dist/GOOGLE_IOT/production/__pa_temp_8961/atca_basic_gendig.o
LOAD dist/GOOGLE_IOT/production/__pa_temp_8961/atca_basic_genkey.o
LOAD dist/GOOGLE_IOT/production/__pa_temp_8961/atca_basic_hmac.o
LOAD dist/GOOGLE_IOT/production/__pa_temp_8961/atca_basic_info.o
LOAD dist/GOOGLE_IOT/production/__pa_temp_8961/atca_basic_kdf.o
LOAD dist/GOOGLE_IOT/production/__pa_temp_8961/atca_basic_lock.o
LOAD dist/GOOGLE_IOT/production/__pa_temp_8961/atca_basic_mac.o
LOAD dist/GOOGLE_IOT/production/__pa_temp_8961/atca_basic_nonce.o
LOAD dist/GOOGLE_IOT/production/__pa_temp_8961/atca_basic_privwrite.o
LOAD dist/GOOGLE_IOT/production/__pa_temp_8961/atca_basic_random.o
LOAD dist/GOOGLE_IOT/production/__pa_temp_8961/atca_basic_read.o
LOAD dist/GOOGLE_IOT/production/__pa_temp_8961/atca_basic_secureboot.o
LOAD dist/GOOGLE_IOT/production/__pa_temp_8961/atca_basic_selftest.o
LOAD dist/GOOGLE_IOT/production/__pa_temp_8961/atca_basic_sha.o
LOAD dist/GOOGLE_IOT/production/__pa_temp_8961/atca_basic_sign.o
LOAD dist/GOOGLE_IOT/production/__pa_temp_8961/atca_basic_updateextra.o
LOAD dist/GOOGLE_IOT/production/__pa_temp_8961/atca_basic_verify.o
LOAD dist/GOOGLE_IOT/production/__pa_temp_8961/atca_basic_write.o
LOAD dist/GOOGLE_IOT/production/__pa_temp_8961/atca_helpers.o
LOAD dist/GOOGLE_IOT/production/__pa_temp_8961/sha1_routines.o
LOAD dist/GOOGLE_IOT/production/__pa_temp_8961/sha2_routines.o
LOAD build/GOOGLE_IOT/production/mcc_generated_files/CryptoAuthenticationLibrary/crypto/atca_crypto_sw_ecdsa.o
LOAD build/GOOGLE_IOT/production/mcc_generated_files/CryptoAuthenticationLibrary/crypto/atca_crypto_sw_rand.o
LOAD dist/GOOGLE_IOT/production/__pa_temp_8961/atca_crypto_sw_sha1.o
LOAD dist/GOOGLE_IOT/production/__pa_temp_8961/atca_crypto_sw_sha2.o
LOAD dist/GOOGLE_IOT/production/__pa_temp_8961/atca_hal.o
LOAD dist/GOOGLE_IOT/production/__pa_temp_8961/atca_i2c_hal.o
LOAD dist/GOOGLE_IOT/production/__pa_temp_8961/hal_i2c_timer.o
LOAD dist/GOOGLE_IOT/production/__pa_temp_8961/atca_host.o
LOAD dist/GOOGLE_IOT/production/__pa_temp_8961/atca_jwt.o
LOAD build/GOOGLE_IOT/production/mcc_generated_files/CryptoAuthenticationLibrary/atca_cfgs.o
LOAD dist/GOOGLE_IOT/production/__pa_temp_8961/atca_command.o
LOAD build/GOOGLE_IOT/production/mcc_generated_files/CryptoAuthenticationLibrary/atca_device.o
LOAD dist/GOOGLE_IOT/production/__pa_temp_8961/atca_execution.o
LOAD dist/GOOGLE_IOT/production/__pa_temp_8961/atca_iface.o
LOAD build/GOOGLE_IOT/production/mcc_generated_files/drivers/spi_master.o
LOAD dist/GOOGLE_IOT/production/__pa_temp_8961/timeout.o
LOAD dist/GOOGLE_IOT/production/__pa_temp_8961/i2c_simple_master.o
LOAD dist/GOOGLE_IOT/production/__pa_temp_8961/mqtt_comm_layer.o
LOAD dist/GOOGLE_IOT/production/__pa_temp_8961/mqtt_core.o
LOAD dist/GOOGLE_IOT/production/__pa_temp_8961/mqtt_exchange_buffer.o
LOAD build/GOOGLE_IOT/production/mcc_generated_files/mqtt/mqtt_packetTransfer_interface.o
LOAD dist/GOOGLE_IOT/production/__pa_temp_8961/mqtt_winc_adapter.o
LOAD dist/GOOGLE_IOT/production/__pa_temp_8961/pin_manager.o
LOAD build/GOOGLE_IOT/production/mcc_generated_files/src/cpuint.o
LOAD build/GOOGLE_IOT/production/mcc_generated_files/src/spi0.o
LOAD build/GOOGLE_IOT/production/mcc_generated_files/src/protected_io.o
LOAD build/GOOGLE_IOT/production/mcc_generated_files/src/rtc.o
LOAD dist/GOOGLE_IOT/production/__pa_temp_8961/twi0_master.o
LOAD build/GOOGLE_IOT/production/mcc_generated_files/src/adc0.o
LOAD build/GOOGLE_IOT/production/mcc_generated_files/src/usart2.o
LOAD dist/GOOGLE_IOT/production/__pa_temp_8961/winc_spi.o
LOAD dist/GOOGLE_IOT/production/__pa_temp_8961/winc_adapter.o
LOAD dist/GOOGLE_IOT/production/__pa_temp_8961/winc_hif.o
LOAD dist/GOOGLE_IOT/production/__pa_temp_8961/winc_asic.o
LOAD dist/GOOGLE_IOT/production/__pa_temp_8961/winc_drv.o
LOAD dist/GOOGLE_IOT/production/__pa_temp_8961/m2m_ssl.o
LOAD dist/GOOGLE_IOT/production/__pa_temp_8961/m2m_wifi.o
LOAD build/GOOGLE_IOT/production/mcc_generated_files/winc/m2m/m2m_periph.o
LOAD dist/GOOGLE_IOT/production/__pa_temp_8961/m2m_ota.o
LOAD dist/GOOGLE_IOT/production/__pa_temp_8961/m2m_fwinfo.o
LOAD build/GOOGLE_IOT/production/mcc_generated_files/winc/m2m/m2m_crypto.o
LOAD dist/GOOGLE_IOT/production/__pa_temp_8961/socket.o
LOAD dist/GOOGLE_IOT/production/__pa_temp_8961/flexible_flash.o
LOAD dist/GOOGLE_IOT/production/__pa_temp_8961/spi_flash.o
LOAD build/GOOGLE_IOT/production/mcc_generated_files/mcc.o
LOAD build/GOOGLE_IOT/production/mcc_generated_files/delay.o
LOAD build/GOOGLE_IOT/production/mcc_generated_files/device_config.o
LOAD dist/GOOGLE_IOT/production/__pa_temp_8961/application_manager.o
LOAD dist/GOOGLE_IOT/production/__pa_temp_8961/debug_print.o
LOAD build/GOOGLE_IOT/production/mcc_generated_files/led.o
LOAD dist/GOOGLE_IOT/production/__pa_temp_8961/sensors_handling.o
LOAD dist/GOOGLE_IOT/production/__pa_temp_8961/time_service.o
LOAD build/GOOGLE_IOT/production/mcc_generated_files/CryptoAuthenticationLibrary/CryptoAuth_init.o
LOAD build/GOOGLE_IOT/production/main.o
START GROUP
LOAD /opt/microchip/xc8/v2.10/avr/bin/../lib/gcc/avr/5.4.0/../../../../avr/lib/avrxmega3/libm.a
END GROUP
START GROUP
LOAD /opt/microchip/xc8/v2.10/avr/bin/../lib/gcc/avr/5.4.0/avrxmega3/libgcc.a
LOAD /opt/microchip/xc8/v2.10/avr/bin/../lib/gcc/avr/5.4.0/../../../../avr/lib/avrxmega3/libm.a
LOAD /opt/microchip/xc8/v2.10/avr/bin/../lib/gcc/avr/5.4.0/../../../../avr/lib/avrxmega3/libc.a
LOAD /opt/microchip/mplabx/v5.30/packs/Microchip/ATmega_DFP/2.0.12/gcc/dev/atmega4808/avrxmega3/libatmega4808.a
END GROUP
                [0x00000000]                __TEXT_REGION_ORIGIN__ = DEFINED (__TEXT_REGION_ORIGIN__)?__TEXT_REGION_ORIGIN__:0x0
                [0x00802800]                __DATA_REGION_ORIGIN__ = DEFINED (__DATA_REGION_ORIGIN__)?__DATA_REGION_ORIGIN__:0x802000
                [0x0000c000]                __TEXT_REGION_LENGTH__ = DEFINED (__TEXT_REGION_LENGTH__)?__TEXT_REGION_LENGTH__:0x100000
                [0x00001800]                __DATA_REGION_LENGTH__ = DEFINED (__DATA_REGION_LENGTH__)?__DATA_REGION_LENGTH__:0xffa0
                [0x00000100]                __EEPROM_REGION_LENGTH__ = DEFINED (__EEPROM_REGION_LENGTH__)?__EEPROM_REGION_LENGTH__:0x10000
                [0x00000009]                __FUSE_REGION_LENGTH__ = DEFINED (__FUSE_REGION_LENGTH__)?__FUSE_REGION_LENGTH__:0x400
                0x00000400                __LOCK_REGION_LENGTH__ = DEFINED (__LOCK_REGION_LENGTH__)?__LOCK_REGION_LENGTH__:0x400
                0x00000400                __SIGNATURE_REGION_LENGTH__ = DEFINED (__SIGNATURE_REGION_LENGTH__)?__SIGNATURE_REGION_LENGTH__:0x400
                0x00000400                __USER_SIGNATURE_REGION_LENGTH__ = DEFINED (__USER_SIGNATURE_REGION_LENGTH__)?__USER_SIGNATURE_REGION_LENGTH__:0x400
                0x00008000                __RODATA_PM_OFFSET__ = DEFINED (__RODATA_PM_OFFSET__)?__RODATA_PM_OFFSET__:0x8000

.hash
 *(.hash)

.dynsym
 *(.dynsym)

.dynstr
 *(.dynstr)

.gnu.version
 *(.gnu.version)

.gnu.version_d
 *(.gnu.version_d)

.gnu.version_r
 *(.gnu.version_r)

.rel.init
 *(.rel.init)

.rela.init
 *(.rela.init)

.rel.text
 *(.rel.text)
 *(.rel.text.*)
 *(.rel.gnu.linkonce.t*)

.rela.text
 *(.rela.text)
 *(.rela.text.*)
 *(.rela.gnu.linkonce.t*)

.rel.fini
 *(.rel.fini)

.rela.fini
 *(.rela.fini)

.rel.rodata
 *(.rel.rodata)
 *(.rel.rodata.*)
 *(.rel.gnu.linkonce.r*)

.rela.rodata
 *(.rela.rodata)
 *(.rela.rodata.*)
 *(.rela.gnu.linkonce.r*)

.rel.data
 *(.rel.data)
 *(.rel.data.*)
 *(.rel.gnu.linkonce.d*)

.rela.data
 *(.rela.data)
 *(.rela.data.*)
 *(.rela.gnu.linkonce.d*)

.rel.ctors
 *(.rel.ctors)

.rela.ctors
 *(.rela.ctors)

.rel.dtors
 *(.rel.dtors)

.rela.dtors
 *(.rela.dtors)

.rel.got
 *(.rel.got)

.rela.got
 *(.rela.got)

.rel.bss
 *(.rel.bss)

.rela.bss
 *(.rela.bss)

.rel.plt
 *(.rel.plt)

.rela.plt
 *(.rela.plt)

.text           0x00000000      0x436
 *(.vectors)
 .vectors       0x00000000       0x90 /opt/microchip/mplabx/v5.30/packs/Microchip/ATmega_DFP/2.0.12/gcc/dev/atmega4808/avrxmega3/crtatmega4808.o
                0x00000000                __vectors
                0x00000000                __vector_default
 *(.vectors)
 *(.progmem.gcc*)
 .progmem.gcc_sw_table.LED_service
                0x00000090       0x40 build/GOOGLE_IOT/production/mcc_generated_files/led.o
 *(.dinit)
 .dinit         0x000000d0      0x312 data_init
                0x000003e2                . = ALIGN (0x2)
                0x000003e2                __trampolines_start = .
 *(.trampolines)
 .trampolines   0x000003e2        0x0 linker stubs
 *(.trampolines*)
                0x000003e2                __trampolines_end = .
 *libprintf_flt.a:*(.progmem.data)
 *libc.a:*(.progmem.data)
                0x000003e2                . = ALIGN (0x2)
 *(.jumptables)
 *(.jumptables*)
 *(.lowtext)
 *(.lowtext*)
                0x000003e2                __ctors_start = .
 *(.ctors)
                0x000003e2                __ctors_end = .
                0x000003e2                __dtors_start = .
 *(.dtors)
                0x000003e2                __dtors_end = .
 SORT(*)(.ctors)
 SORT(*)(.dtors)
 *(.init0)
 .init0         0x000003e2        0x0 /opt/microchip/mplabx/v5.30/packs/Microchip/ATmega_DFP/2.0.12/gcc/dev/atmega4808/avrxmega3/crtatmega4808.o
                0x000003e2                __init
 *(.init0)
 *(.init1)
 *(.init1)
 *(.init2)
 .init2         0x000003e2        0xc /opt/microchip/mplabx/v5.30/packs/Microchip/ATmega_DFP/2.0.12/gcc/dev/atmega4808/avrxmega3/crtatmega4808.o
 *(.init2)
 *(.init3)
 *(.init3)
 *(.init4)
 .init4         0x000003ee       0x3c /opt/microchip/xc8/v2.10/avr/bin/../lib/gcc/avr/5.4.0/avrxmega3/libgcc.a(_copy_data.o)
                0x000003ee                __do_copy_data
                0x0000041c                __do_clear_bss
 *(.init4)
 *(.init5)
 *(.init5)
 *(.init6)
 *(.init6)
 *(.init7)
 *(.init7)
 *(.init8)
 *(.init8)
 *(.init9)
 .init9         0x0000042a        0x8 /opt/microchip/mplabx/v5.30/packs/Microchip/ATmega_DFP/2.0.12/gcc/dev/atmega4808/avrxmega3/crtatmega4808.o
 *(.init9)
                0x00000432                . = ALIGN (0x2)
 *(.fini9)
 .fini9         0x00000432        0x0 /opt/microchip/xc8/v2.10/avr/bin/../lib/gcc/avr/5.4.0/avrxmega3/libgcc.a(_exit.o)
                0x00000432                exit
                0x00000432                _exit
 *(.fini9)
 *(.fini8)
 *(.fini8)
 *(.fini7)
 *(.fini7)
 *(.fini6)
 *(.fini6)
 *(.fini5)
 *(.fini5)
 *(.fini4)
 *(.fini4)
 *(.fini3)
 *(.fini3)
 *(.fini2)
 *(.fini2)
 *(.fini1)
 *(.fini1)
 *(.fini0)
 .fini0         0x00000432        0x4 /opt/microchip/xc8/v2.10/avr/bin/../lib/gcc/avr/5.4.0/avrxmega3/libgcc.a(_exit.o)
 *(.fini0)
                0x00000436                _etext = .

.rodata         0x00804436      0x8d5 load address 0x00000436
 *(.rodata)
 .rodata        0x00804436      0x1fe dist/GOOGLE_IOT/production/__pa_temp_8961/cli.o
 .rodata        0x00804634       0x4d dist/GOOGLE_IOT/production/__pa_temp_8961/crypto_client.o
 .rodata        0x00804681       0x62 dist/GOOGLE_IOT/production/__pa_temp_8961/wifi_service.o
 .rodata        0x008046e3       0x36 dist/GOOGLE_IOT/production/__pa_temp_8961/google_cloud_service.o
 .rodata        0x00804719      0x16b dist/GOOGLE_IOT/production/__pa_temp_8961/atca_helpers.o
 .rodata        0x00804884        0x8 dist/GOOGLE_IOT/production/__pa_temp_8961/atca_hal.o
 .rodata        0x0080488c       0x13 dist/GOOGLE_IOT/production/__pa_temp_8961/atca_jwt.o
 .rodata        0x0080489f       0x7a dist/GOOGLE_IOT/production/__pa_temp_8961/application_manager.o
 .rodata        0x00804919       0xbd dist/GOOGLE_IOT/production/__pa_temp_8961/debug_print.o
 *(.rodata*)
 .rodata.commands
                0x008049d6       0x20 dist/GOOGLE_IOT/production/__pa_temp_8961/cli.o
                0x008049d6                commands
 .rodata.public_key_x509_header
                0x008049f6       0x1b dist/GOOGLE_IOT/production/__pa_temp_8961/crypto_client.o
                0x008049f6                public_key_x509_header
 .rodata.registryId
                0x00804a11        0x8 dist/GOOGLE_IOT/production/__pa_temp_8961/google_cloud_service.o
                0x00804a11                registryId
 .rodata.projectRegion
                0x00804a19        0xc dist/GOOGLE_IOT/production/__pa_temp_8961/google_cloud_service.o
                0x00804a19                projectRegion
 .rodata.projectId
                0x00804a25        0x8 dist/GOOGLE_IOT/production/__pa_temp_8961/google_cloud_service.o
                0x00804a25                projectId
 .rodata.k.1757
                0x00804a2d      0x100 dist/GOOGLE_IOT/production/__pa_temp_8961/sha2_routines.o
 .rodata.hash_init.1789
                0x00804b2d       0x20 dist/GOOGLE_IOT/production/__pa_temp_8961/sha2_routines.o
 .rodata.g_jwt_header
                0x00804b4d       0x1c dist/GOOGLE_IOT/production/__pa_temp_8961/atca_jwt.o
 .rodata.device_execution_time_608_m2
                0x00804b69       0x42 dist/GOOGLE_IOT/production/__pa_temp_8961/atca_execution.o
 .rodata.device_execution_time_608_m1
                0x00804bab       0x42 dist/GOOGLE_IOT/production/__pa_temp_8961/atca_execution.o
 .rodata.device_execution_time_608_m0
                0x00804bed       0x42 dist/GOOGLE_IOT/production/__pa_temp_8961/atca_execution.o
 .rodata.device_execution_time_508
                0x00804c2f       0x3c dist/GOOGLE_IOT/production/__pa_temp_8961/atca_execution.o
 .rodata.device_execution_time_108
                0x00804c6b       0x39 dist/GOOGLE_IOT/production/__pa_temp_8961/atca_execution.o
 .rodata.device_execution_time_204
                0x00804ca4       0x2a dist/GOOGLE_IOT/production/__pa_temp_8961/atca_execution.o
 .rodata.spiMaster
                0x00804cce       0x14 build/GOOGLE_IOT/production/mcc_generated_files/drivers/spi_master.o
                0x00804cce                spiMaster
 .rodata.u8CmdBuf.3402
                0x00804ce2        0x9 dist/GOOGLE_IOT/production/__pa_temp_8961/winc_spi.o
 .rodata.gHifCallbacks
                0x00804ceb        0xe dist/GOOGLE_IOT/production/__pa_temp_8961/winc_hif.o
 .rodata.level_strings
                0x00804cf9        0x8 dist/GOOGLE_IOT/production/__pa_temp_8961/debug_print.o
 .rodata.severity_strings
                0x00804d01        0xa dist/GOOGLE_IOT/production/__pa_temp_8961/debug_print.o
 *(.gnu.linkonce.r*)

.data           0x00802800        0x0 load address 0x00000d0b
                [!provide]                PROVIDE (__data_start, .)
 *(.gnu.linkonce.d*)
                0x00802800                . = ALIGN (0x2)
                0x00802800                _edata = .
                [!provide]                PROVIDE (__data_end, .)

.bss            0x00802800      0x363
                [!provide]                PROVIDE (__bss_start, .)
 *(COMMON)
 COMMON         0x00802800        0x9 dist/GOOGLE_IOT/production/__pa_temp_8961/crypto_client.o
                0x00802800                g_serial_number
 COMMON         0x00802809       0x10 dist/GOOGLE_IOT/production/__pa_temp_8961/cloud_service.o
                0x00802809                cloudStatus
                0x0080280a                mqttBrokerIP
                0x0080280e                shared_networking_params
                0x0080280f                cloud_packetReceiveCallBackTable
 COMMON         0x00802819       0x16 dist/GOOGLE_IOT/production/__pa_temp_8961/wifi_service.o
                0x00802819                prevNTPServerName
                0x0080282d                callback_funcPtr
 COMMON         0x0080282f       0x64 dist/GOOGLE_IOT/production/__pa_temp_8961/mqtt_service.o
                0x0080282f                cid
 COMMON         0x00802893      0x1ea dist/GOOGLE_IOT/production/__pa_temp_8961/google_cloud_service.o
                0x00802893                mqttPassword
                0x00802a5b                imqtt_publishReceiveCallBackTable
                0x00802a5f                deviceId
 COMMON         0x00802a7d       0x54 build/GOOGLE_IOT/production/mcc_generated_files/credentials_storage/credentials_storage.o
                0x00802a7d                ssid
                0x00802a9c                pass
                0x00802abb                ntpServerName
                0x00802acf                authType
 COMMON         0x00802ad1       0x1b dist/GOOGLE_IOT/production/__pa_temp_8961/atca_basic.o
                0x00802ad1                g_atcab_device
                0x00802ad5                g_atcab_iface
                0x00802ae8                g_atcab_command
 COMMON         0x00802aec        0x2 build/GOOGLE_IOT/production/mcc_generated_files/mqtt/mqtt_packetTransfer_interface.o
                0x00802aec                publishRecvCallback
 COMMON         0x00802aee       0x65 dist/GOOGLE_IOT/production/__pa_temp_8961/application_manager.o
                0x00802aee                mqttSubscribeTopic
                0x00802b52                retValCryptoClientSerialNumber
 COMMON         0x00802b53        0x6 /opt/microchip/xc8/v2.10/avr/bin/../lib/gcc/avr/5.4.0/../../../../avr/lib/avrxmega3/libc.a(iob.o)
                0x00802b53                __iob
 COMMON         0x00802b59        0x4 /opt/microchip/xc8/v2.10/avr/bin/../lib/gcc/avr/5.4.0/../../../../avr/lib/avrxmega3/libc.a(system_time.o)
                0x00802b59                __system_time
 COMMON         0x00802b5d        0x4 /opt/microchip/xc8/v2.10/avr/bin/../lib/gcc/avr/5.4.0/../../../../avr/lib/avrxmega3/libc.a(utc_offset.o)
                0x00802b5d                __utc_offset
 COMMON         0x00802b61        0x2 /opt/microchip/xc8/v2.10/avr/bin/../lib/gcc/avr/5.4.0/../../../../avr/lib/avrxmega3/libc.a(dst_pointer.o)
                0x00802b61                __dst_ptr
                [!provide]                PROVIDE (__bss_end, .)
                0x00000d0b                __data_load_start = LOADADDR (.data)
                0x00000d0b                __data_load_end = (__data_load_start + SIZEOF (.data))

.noinit         0x00802b63        0x0
                [!provide]                PROVIDE (__noinit_start, .)
 *(.noinit*)
                [!provide]                PROVIDE (__noinit_end, .)
                0x00802b63                _end = .

.eeprom         0x00810000        0x0
 *(.eeprom*)
                0x00810000                __eeprom_end = .

.fuse           0x00820000        0x9
 *(.fuse)
 .fuse          0x00820000        0x9 build/GOOGLE_IOT/production/mcc_generated_files/device_config.o
                0x00820000                __fuse
 *(.lfuse)
 *(.hfuse)
 *(.efuse)

.lock
 *(.lock*)

.signature
 *(.signature*)

.user_signatures
 *(.user_signatures*)

.stab
 *(.stab)

.stabstr
 *(.stabstr)

.stab.excl
 *(.stab.excl)

.stab.exclstr
 *(.stab.exclstr)

.stab.index
 *(.stab.index)

.stab.indexstr
 *(.stab.indexstr)

.comment        0x00000000       0x5b
 *(.comment)
 .comment       0x00000000       0x2c dist/GOOGLE_IOT/production/__pa_temp_8961/libc_a_puts.o
                                 0x2d (size before relaxing)
 .comment       0x0000002c       0x2d dist/GOOGLE_IOT/production/__pa_temp_8961/libc_a_fputc.o
 .comment       0x0000002c       0x2f dist/GOOGLE_IOT/production/__pa_temp_8961/cli.o
                                 0x30 (size before relaxing)
 .comment       0x0000005b       0x30 dist/GOOGLE_IOT/production/__pa_temp_8961/crypto_client.o
 .comment       0x0000005b       0x30 dist/GOOGLE_IOT/production/__pa_temp_8961/cloud_service.o
 .comment       0x0000005b       0x30 dist/GOOGLE_IOT/production/__pa_temp_8961/wifi_service.o
 .comment       0x0000005b       0x30 dist/GOOGLE_IOT/production/__pa_temp_8961/mqtt_service.o
 .comment       0x0000005b       0x30 dist/GOOGLE_IOT/production/__pa_temp_8961/google_cloud_service.o
 .comment       0x0000005b       0x30 build/GOOGLE_IOT/production/mcc_generated_files/credentials_storage/credentials_storage.o
 .comment       0x0000005b       0x30 dist/GOOGLE_IOT/production/__pa_temp_8961/atcacert_client.o
 .comment       0x0000005b       0x30 dist/GOOGLE_IOT/production/__pa_temp_8961/atcacert_date.o
 .comment       0x0000005b       0x30 dist/GOOGLE_IOT/production/__pa_temp_8961/atcacert_def.o
 .comment       0x0000005b       0x30 dist/GOOGLE_IOT/production/__pa_temp_8961/atca_basic.o
 .comment       0x0000005b       0x30 dist/GOOGLE_IOT/production/__pa_temp_8961/atca_basic_genkey.o
 .comment       0x0000005b       0x30 dist/GOOGLE_IOT/production/__pa_temp_8961/atca_basic_lock.o
 .comment       0x0000005b       0x30 dist/GOOGLE_IOT/production/__pa_temp_8961/atca_basic_nonce.o
 .comment       0x0000005b       0x30 dist/GOOGLE_IOT/production/__pa_temp_8961/atca_basic_random.o
 .comment       0x0000005b       0x30 dist/GOOGLE_IOT/production/__pa_temp_8961/atca_basic_read.o
 .comment       0x0000005b       0x30 dist/GOOGLE_IOT/production/__pa_temp_8961/atca_basic_secureboot.o
 .comment       0x0000005b       0x30 dist/GOOGLE_IOT/production/__pa_temp_8961/atca_basic_sha.o
 .comment       0x0000005b       0x30 dist/GOOGLE_IOT/production/__pa_temp_8961/atca_basic_sign.o
 .comment       0x0000005b       0x30 dist/GOOGLE_IOT/production/__pa_temp_8961/atca_basic_updateextra.o
 .comment       0x0000005b       0x30 dist/GOOGLE_IOT/production/__pa_temp_8961/atca_basic_write.o
 .comment       0x0000005b       0x30 dist/GOOGLE_IOT/production/__pa_temp_8961/atca_helpers.o
 .comment       0x0000005b       0x30 dist/GOOGLE_IOT/production/__pa_temp_8961/sha1_routines.o
 .comment       0x0000005b       0x30 dist/GOOGLE_IOT/production/__pa_temp_8961/sha2_routines.o
 .comment       0x0000005b       0x30 dist/GOOGLE_IOT/production/__pa_temp_8961/atca_crypto_sw_sha2.o
 .comment       0x0000005b       0x30 dist/GOOGLE_IOT/production/__pa_temp_8961/atca_hal.o
 .comment       0x0000005b       0x30 dist/GOOGLE_IOT/production/__pa_temp_8961/atca_i2c_hal.o
 .comment       0x0000005b       0x30 dist/GOOGLE_IOT/production/__pa_temp_8961/hal_i2c_timer.o
 .comment       0x0000005b       0x30 dist/GOOGLE_IOT/production/__pa_temp_8961/atca_jwt.o
 .comment       0x0000005b       0x30 dist/GOOGLE_IOT/production/__pa_temp_8961/atca_command.o
 .comment       0x0000005b       0x30 build/GOOGLE_IOT/production/mcc_generated_files/CryptoAuthenticationLibrary/atca_device.o
 .comment       0x0000005b       0x30 dist/GOOGLE_IOT/production/__pa_temp_8961/atca_execution.o
 .comment       0x0000005b       0x30 dist/GOOGLE_IOT/production/__pa_temp_8961/atca_iface.o
 .comment       0x0000005b       0x30 build/GOOGLE_IOT/production/mcc_generated_files/drivers/spi_master.o
 .comment       0x0000005b       0x30 dist/GOOGLE_IOT/production/__pa_temp_8961/timeout.o
 .comment       0x0000005b       0x30 dist/GOOGLE_IOT/production/__pa_temp_8961/i2c_simple_master.o
 .comment       0x0000005b       0x30 dist/GOOGLE_IOT/production/__pa_temp_8961/mqtt_comm_layer.o
 .comment       0x0000005b       0x30 dist/GOOGLE_IOT/production/__pa_temp_8961/mqtt_core.o
 .comment       0x0000005b       0x30 dist/GOOGLE_IOT/production/__pa_temp_8961/mqtt_exchange_buffer.o
 .comment       0x0000005b       0x30 build/GOOGLE_IOT/production/mcc_generated_files/mqtt/mqtt_packetTransfer_interface.o
 .comment       0x0000005b       0x30 dist/GOOGLE_IOT/production/__pa_temp_8961/mqtt_winc_adapter.o
 .comment       0x0000005b       0x30 dist/GOOGLE_IOT/production/__pa_temp_8961/pin_manager.o
 .comment       0x0000005b       0x30 build/GOOGLE_IOT/production/mcc_generated_files/src/cpuint.o
 .comment       0x0000005b       0x30 build/GOOGLE_IOT/production/mcc_generated_files/src/spi0.o
 .comment       0x0000005b       0x30 build/GOOGLE_IOT/production/mcc_generated_files/src/rtc.o
 .comment       0x0000005b       0x30 dist/GOOGLE_IOT/production/__pa_temp_8961/twi0_master.o
 .comment       0x0000005b       0x30 build/GOOGLE_IOT/production/mcc_generated_files/src/adc0.o
 .comment       0x0000005b       0x30 build/GOOGLE_IOT/production/mcc_generated_files/src/usart2.o
 .comment       0x0000005b       0x30 dist/GOOGLE_IOT/production/__pa_temp_8961/winc_spi.o
 .comment       0x0000005b       0x30 dist/GOOGLE_IOT/production/__pa_temp_8961/winc_adapter.o
 .comment       0x0000005b       0x30 dist/GOOGLE_IOT/production/__pa_temp_8961/winc_hif.o
 .comment       0x0000005b       0x30 dist/GOOGLE_IOT/production/__pa_temp_8961/winc_asic.o
 .comment       0x0000005b       0x30 dist/GOOGLE_IOT/production/__pa_temp_8961/winc_drv.o
 .comment       0x0000005b       0x30 dist/GOOGLE_IOT/production/__pa_temp_8961/m2m_ssl.o
 .comment       0x0000005b       0x30 dist/GOOGLE_IOT/production/__pa_temp_8961/m2m_wifi.o
 .comment       0x0000005b       0x30 dist/GOOGLE_IOT/production/__pa_temp_8961/m2m_ota.o
 .comment       0x0000005b       0x30 dist/GOOGLE_IOT/production/__pa_temp_8961/m2m_fwinfo.o
 .comment       0x0000005b       0x30 dist/GOOGLE_IOT/production/__pa_temp_8961/socket.o
 .comment       0x0000005b       0x30 dist/GOOGLE_IOT/production/__pa_temp_8961/spi_flash.o
 .comment       0x0000005b       0x30 build/GOOGLE_IOT/production/mcc_generated_files/mcc.o
 .comment       0x0000005b       0x30 build/GOOGLE_IOT/production/mcc_generated_files/delay.o
 .comment       0x0000005b       0x30 build/GOOGLE_IOT/production/mcc_generated_files/device_config.o
 .comment       0x0000005b       0x30 dist/GOOGLE_IOT/production/__pa_temp_8961/application_manager.o
 .comment       0x0000005b       0x30 dist/GOOGLE_IOT/production/__pa_temp_8961/debug_print.o
 .comment       0x0000005b       0x30 build/GOOGLE_IOT/production/mcc_generated_files/led.o
 .comment       0x0000005b       0x30 dist/GOOGLE_IOT/production/__pa_temp_8961/sensors_handling.o
 .comment       0x0000005b       0x30 dist/GOOGLE_IOT/production/__pa_temp_8961/time_service.o
 .comment       0x0000005b       0x30 build/GOOGLE_IOT/production/mcc_generated_files/CryptoAuthenticationLibrary/CryptoAuth_init.o
 .comment       0x0000005b       0x30 build/GOOGLE_IOT/production/main.o
 .comment       0x0000005b       0x2d /opt/microchip/xc8/v2.10/avr/bin/../lib/gcc/avr/5.4.0/../../../../avr/lib/avrxmega3/libc.a(atoi_M.o)
 .comment       0x0000005b       0x2d /opt/microchip/xc8/v2.10/avr/bin/../lib/gcc/avr/5.4.0/../../../../avr/lib/avrxmega3/libc.a(strtok.o)
 .comment       0x0000005b       0x2d /opt/microchip/xc8/v2.10/avr/bin/../lib/gcc/avr/5.4.0/../../../../avr/lib/avrxmega3/libc.a(iob.o)
 .comment       0x0000005b       0x2d /opt/microchip/xc8/v2.10/avr/bin/../lib/gcc/avr/5.4.0/../../../../avr/lib/avrxmega3/libc.a(printf.o)
 .comment       0x0000005b       0x2d /opt/microchip/xc8/v2.10/avr/bin/../lib/gcc/avr/5.4.0/../../../../avr/lib/avrxmega3/libc.a(snprintf.o)
 .comment       0x0000005b       0x2d /opt/microchip/xc8/v2.10/avr/bin/../lib/gcc/avr/5.4.0/../../../../avr/lib/avrxmega3/libc.a(sprintf.o)
 .comment       0x0000005b       0x2d /opt/microchip/xc8/v2.10/avr/bin/../lib/gcc/avr/5.4.0/../../../../avr/lib/avrxmega3/libc.a(vprintf.o)
 .comment       0x0000005b       0x2d /opt/microchip/xc8/v2.10/avr/bin/../lib/gcc/avr/5.4.0/../../../../avr/lib/avrxmega3/libc.a(difftime.o)
 .comment       0x0000005b       0x2d /opt/microchip/xc8/v2.10/avr/bin/../lib/gcc/avr/5.4.0/../../../../avr/lib/avrxmega3/libc.a(localtime_r.o)
 .comment       0x0000005b       0x2d /opt/microchip/xc8/v2.10/avr/bin/../lib/gcc/avr/5.4.0/../../../../avr/lib/avrxmega3/libc.a(mktime.o)
 .comment       0x0000005b       0x2d /opt/microchip/xc8/v2.10/avr/bin/../lib/gcc/avr/5.4.0/../../../../avr/lib/avrxmega3/libc.a(set_system_time.o)
 .comment       0x0000005b       0x2d /opt/microchip/xc8/v2.10/avr/bin/../lib/gcc/avr/5.4.0/../../../../avr/lib/avrxmega3/libc.a(system_time.o)
 .comment       0x0000005b       0x2d /opt/microchip/xc8/v2.10/avr/bin/../lib/gcc/avr/5.4.0/../../../../avr/lib/avrxmega3/libc.a(utc_offset.o)
 .comment       0x0000005b       0x2d /opt/microchip/xc8/v2.10/avr/bin/../lib/gcc/avr/5.4.0/../../../../avr/lib/avrxmega3/libc.a(vfprintf_std.o)
 .comment       0x0000005b       0x2d /opt/microchip/xc8/v2.10/avr/bin/../lib/gcc/avr/5.4.0/../../../../avr/lib/avrxmega3/libc.a(dst_pointer.o)
 .comment       0x0000005b       0x2d /opt/microchip/xc8/v2.10/avr/bin/../lib/gcc/avr/5.4.0/../../../../avr/lib/avrxmega3/libc.a(gmtime_r.o)
 .comment       0x0000005b       0x2d /opt/microchip/xc8/v2.10/avr/bin/../lib/gcc/avr/5.4.0/../../../../avr/lib/avrxmega3/libc.a(mk_gmtime.o)
 .comment       0x0000005b       0x2d /opt/microchip/xc8/v2.10/avr/bin/../lib/gcc/avr/5.4.0/../../../../avr/lib/avrxmega3/libc.a(isLeap.o)

.note.gnu.build-id
 *(.note.gnu.build-id)

.debug
 *(.debug)

.line
 *(.line)

.debug_srcinfo
 *(.debug_srcinfo)

.debug_sfnames
 *(.debug_sfnames)

.debug_aranges  0x00000000     0x1dd0
 *(.debug_aranges)
 .debug_aranges
                0x00000000       0x70 dist/GOOGLE_IOT/production/__pa_temp_8961/cli.o
 .debug_aranges
                0x00000070       0x30 dist/GOOGLE_IOT/production/__pa_temp_8961/crypto_client.o
 .debug_aranges
                0x000000a0       0x70 dist/GOOGLE_IOT/production/__pa_temp_8961/cloud_service.o
 .debug_aranges
                0x00000110       0x68 dist/GOOGLE_IOT/production/__pa_temp_8961/wifi_service.o
 .debug_aranges
                0x00000178       0x50 dist/GOOGLE_IOT/production/__pa_temp_8961/mqtt_service.o
 .debug_aranges
                0x000001c8       0x58 dist/GOOGLE_IOT/production/__pa_temp_8961/google_cloud_service.o
 .debug_aranges
                0x00000220       0x20 build/GOOGLE_IOT/production/mcc_generated_files/credentials_storage/credentials_storage.o
 .debug_aranges
                0x00000240       0x48 dist/GOOGLE_IOT/production/__pa_temp_8961/atcacert_client.o
 .debug_aranges
                0x00000288       0xb0 dist/GOOGLE_IOT/production/__pa_temp_8961/atcacert_date.o
 .debug_aranges
                0x00000338      0x158 dist/GOOGLE_IOT/production/__pa_temp_8961/atcacert_def.o
 .debug_aranges
                0x00000490       0x80 dist/GOOGLE_IOT/production/__pa_temp_8961/atca_basic.o
 .debug_aranges
                0x00000510       0x30 dist/GOOGLE_IOT/production/__pa_temp_8961/atca_basic_genkey.o
 .debug_aranges
                0x00000540       0x48 dist/GOOGLE_IOT/production/__pa_temp_8961/atca_basic_lock.o
 .debug_aranges
                0x00000588       0x38 dist/GOOGLE_IOT/production/__pa_temp_8961/atca_basic_nonce.o
 .debug_aranges
                0x000005c0       0x20 dist/GOOGLE_IOT/production/__pa_temp_8961/atca_basic_random.o
 .debug_aranges
                0x000005e0       0x68 dist/GOOGLE_IOT/production/__pa_temp_8961/atca_basic_read.o
 .debug_aranges
                0x00000648       0x28 dist/GOOGLE_IOT/production/__pa_temp_8961/atca_basic_secureboot.o
 .debug_aranges
                0x00000670       0x90 dist/GOOGLE_IOT/production/__pa_temp_8961/atca_basic_sha.o
 .debug_aranges
                0x00000700       0x30 dist/GOOGLE_IOT/production/__pa_temp_8961/atca_basic_sign.o
 .debug_aranges
                0x00000730       0x20 dist/GOOGLE_IOT/production/__pa_temp_8961/atca_basic_updateextra.o
 .debug_aranges
                0x00000750       0x50 dist/GOOGLE_IOT/production/__pa_temp_8961/atca_basic_write.o
 .debug_aranges
                0x000007a0       0xe0 dist/GOOGLE_IOT/production/__pa_temp_8961/atca_helpers.o
 .debug_aranges
                0x00000880       0x40 dist/GOOGLE_IOT/production/__pa_temp_8961/sha1_routines.o
 .debug_aranges
                0x000008c0       0x40 dist/GOOGLE_IOT/production/__pa_temp_8961/sha2_routines.o
 .debug_aranges
                0x00000900       0x38 dist/GOOGLE_IOT/production/__pa_temp_8961/atca_crypto_sw_sha2.o
 .debug_aranges
                0x00000938       0x30 dist/GOOGLE_IOT/production/__pa_temp_8961/atca_hal.o
 .debug_aranges
                0x00000968       0x60 dist/GOOGLE_IOT/production/__pa_temp_8961/atca_i2c_hal.o
 .debug_aranges
                0x000009c8       0x28 dist/GOOGLE_IOT/production/__pa_temp_8961/hal_i2c_timer.o
 .debug_aranges
                0x000009f0       0x48 dist/GOOGLE_IOT/production/__pa_temp_8961/atca_jwt.o
 .debug_aranges
                0x00000a38      0x110 dist/GOOGLE_IOT/production/__pa_temp_8961/atca_command.o
 .debug_aranges
                0x00000b48       0x38 build/GOOGLE_IOT/production/mcc_generated_files/CryptoAuthenticationLibrary/atca_device.o
 .debug_aranges
                0x00000b80       0x28 dist/GOOGLE_IOT/production/__pa_temp_8961/atca_execution.o
 .debug_aranges
                0x00000ba8       0x70 dist/GOOGLE_IOT/production/__pa_temp_8961/atca_iface.o
 .debug_aranges
                0x00000c18       0x28 build/GOOGLE_IOT/production/mcc_generated_files/drivers/spi_master.o
 .debug_aranges
                0x00000c40       0xc0 dist/GOOGLE_IOT/production/__pa_temp_8961/timeout.o
 .debug_aranges
                0x00000d00       0x78 dist/GOOGLE_IOT/production/__pa_temp_8961/i2c_simple_master.o
 .debug_aranges
                0x00000d78       0x48 dist/GOOGLE_IOT/production/__pa_temp_8961/mqtt_comm_layer.o
 .debug_aranges
                0x00000dc0       0xb0 dist/GOOGLE_IOT/production/__pa_temp_8961/mqtt_core.o
 .debug_aranges
                0x00000e70       0x38 dist/GOOGLE_IOT/production/__pa_temp_8961/mqtt_exchange_buffer.o
 .debug_aranges
                0x00000ea8       0x28 build/GOOGLE_IOT/production/mcc_generated_files/mqtt/mqtt_packetTransfer_interface.o
 .debug_aranges
                0x00000ed0       0xc8 dist/GOOGLE_IOT/production/__pa_temp_8961/mqtt_winc_adapter.o
 .debug_aranges
                0x00000f98       0xd0 dist/GOOGLE_IOT/production/__pa_temp_8961/pin_manager.o
 .debug_aranges
                0x00001068       0x20 build/GOOGLE_IOT/production/mcc_generated_files/src/cpuint.o
 .debug_aranges
                0x00001088       0x90 build/GOOGLE_IOT/production/mcc_generated_files/src/spi0.o
 .debug_aranges
                0x00001118       0x20 build/GOOGLE_IOT/production/mcc_generated_files/src/protected_io.o
 .debug_aranges
                0x00001138       0x90 build/GOOGLE_IOT/production/mcc_generated_files/src/rtc.o
 .debug_aranges
                0x000011c8      0x1e0 dist/GOOGLE_IOT/production/__pa_temp_8961/twi0_master.o
 .debug_aranges
                0x000013a8       0xa8 build/GOOGLE_IOT/production/mcc_generated_files/src/adc0.o
 .debug_aranges
                0x00001450       0xc0 build/GOOGLE_IOT/production/mcc_generated_files/src/usart2.o
 .debug_aranges
                0x00001510       0x98 dist/GOOGLE_IOT/production/__pa_temp_8961/winc_spi.o
 .debug_aranges
                0x000015a8       0x78 dist/GOOGLE_IOT/production/__pa_temp_8961/winc_adapter.o
 .debug_aranges
                0x00001620       0x68 dist/GOOGLE_IOT/production/__pa_temp_8961/winc_hif.o
 .debug_aranges
                0x00001688       0x68 dist/GOOGLE_IOT/production/__pa_temp_8961/winc_asic.o
 .debug_aranges
                0x000016f0       0x30 dist/GOOGLE_IOT/production/__pa_temp_8961/winc_drv.o
 .debug_aranges
                0x00001720       0x60 dist/GOOGLE_IOT/production/__pa_temp_8961/m2m_ssl.o
 .debug_aranges
                0x00001780      0x240 dist/GOOGLE_IOT/production/__pa_temp_8961/m2m_wifi.o
 .debug_aranges
                0x000019c0       0x88 dist/GOOGLE_IOT/production/__pa_temp_8961/m2m_ota.o
 .debug_aranges
                0x00001a48       0x28 dist/GOOGLE_IOT/production/__pa_temp_8961/m2m_fwinfo.o
 .debug_aranges
                0x00001a70       0xc8 dist/GOOGLE_IOT/production/__pa_temp_8961/socket.o
 .debug_aranges
                0x00001b38       0x60 dist/GOOGLE_IOT/production/__pa_temp_8961/spi_flash.o
 .debug_aranges
                0x00001b98       0x50 build/GOOGLE_IOT/production/mcc_generated_files/mcc.o
 .debug_aranges
                0x00001be8       0x28 build/GOOGLE_IOT/production/mcc_generated_files/delay.o
 .debug_aranges
                0x00001c10       0x18 build/GOOGLE_IOT/production/mcc_generated_files/device_config.o
 .debug_aranges
                0x00001c28       0x48 dist/GOOGLE_IOT/production/__pa_temp_8961/application_manager.o
 .debug_aranges
                0x00001c70       0x38 dist/GOOGLE_IOT/production/__pa_temp_8961/debug_print.o
 .debug_aranges
                0x00001ca8       0x50 build/GOOGLE_IOT/production/mcc_generated_files/led.o
 .debug_aranges
                0x00001cf8       0x28 dist/GOOGLE_IOT/production/__pa_temp_8961/sensors_handling.o
 .debug_aranges
                0x00001d20       0x70 dist/GOOGLE_IOT/production/__pa_temp_8961/time_service.o
 .debug_aranges
                0x00001d90       0x20 build/GOOGLE_IOT/production/mcc_generated_files/CryptoAuthenticationLibrary/CryptoAuth_init.o
 .debug_aranges
                0x00001db0       0x20 build/GOOGLE_IOT/production/main.o

.debug_pubnames
 *(.debug_pubnames)

.debug_info     0x00000000    0x4a411
 *(.debug_info .gnu.linkonce.wi.*)
 .debug_info    0x00000000     0x229c /opt/microchip/mplabx/v5.30/packs/Microchip/ATmega_DFP/2.0.12/gcc/dev/atmega4808/avrxmega3/crtatmega4808.o
 .debug_info    0x0000229c     0x1238 dist/GOOGLE_IOT/production/__pa_temp_8961/cli.o
 .debug_info    0x000034d4      0xe7a dist/GOOGLE_IOT/production/__pa_temp_8961/crypto_client.o
 .debug_info    0x0000434e     0x1897 dist/GOOGLE_IOT/production/__pa_temp_8961/cloud_service.o
 .debug_info    0x00005be5     0x1d7b dist/GOOGLE_IOT/production/__pa_temp_8961/wifi_service.o
 .debug_info    0x00007960      0xd0e dist/GOOGLE_IOT/production/__pa_temp_8961/mqtt_service.o
 .debug_info    0x0000866e     0x1122 dist/GOOGLE_IOT/production/__pa_temp_8961/google_cloud_service.o
 .debug_info    0x00009790      0x331 build/GOOGLE_IOT/production/mcc_generated_files/credentials_storage/credentials_storage.o
 .debug_info    0x00009ac1     0x18d2 dist/GOOGLE_IOT/production/__pa_temp_8961/atcacert_client.o
 .debug_info    0x0000b393     0x1a5d dist/GOOGLE_IOT/production/__pa_temp_8961/atcacert_date.o
 .debug_info    0x0000cdf0     0x4703 dist/GOOGLE_IOT/production/__pa_temp_8961/atcacert_def.o
 .debug_info    0x000114f3     0x1218 dist/GOOGLE_IOT/production/__pa_temp_8961/atca_basic.o
 .debug_info    0x0001270b      0xe82 dist/GOOGLE_IOT/production/__pa_temp_8961/atca_basic_genkey.o
 .debug_info    0x0001358d      0xeca dist/GOOGLE_IOT/production/__pa_temp_8961/atca_basic_lock.o
 .debug_info    0x00014457      0xefc dist/GOOGLE_IOT/production/__pa_temp_8961/atca_basic_nonce.o
 .debug_info    0x00015353      0xd1c dist/GOOGLE_IOT/production/__pa_temp_8961/atca_basic_random.o
 .debug_info    0x0001606f     0x1b3d dist/GOOGLE_IOT/production/__pa_temp_8961/atca_basic_read.o
 .debug_info    0x00017bac     0x1317 dist/GOOGLE_IOT/production/__pa_temp_8961/atca_basic_secureboot.o
 .debug_info    0x00018ec3     0x19df dist/GOOGLE_IOT/production/__pa_temp_8961/atca_basic_sha.o
 .debug_info    0x0001a8a2      0xf41 dist/GOOGLE_IOT/production/__pa_temp_8961/atca_basic_sign.o
 .debug_info    0x0001b7e3      0xd35 dist/GOOGLE_IOT/production/__pa_temp_8961/atca_basic_updateextra.o
 .debug_info    0x0001c518     0x19c5 dist/GOOGLE_IOT/production/__pa_temp_8961/atca_basic_write.o
 .debug_info    0x0001dedd     0x1998 dist/GOOGLE_IOT/production/__pa_temp_8961/atca_helpers.o
 .debug_info    0x0001f875      0x6b3 dist/GOOGLE_IOT/production/__pa_temp_8961/sha1_routines.o
 .debug_info    0x0001ff28      0x82c dist/GOOGLE_IOT/production/__pa_temp_8961/sha2_routines.o
 .debug_info    0x00020754      0x947 dist/GOOGLE_IOT/production/__pa_temp_8961/atca_crypto_sw_sha2.o
 .debug_info    0x0002109b      0xd6a dist/GOOGLE_IOT/production/__pa_temp_8961/atca_hal.o
 .debug_info    0x00021e05      0xfcd dist/GOOGLE_IOT/production/__pa_temp_8961/atca_i2c_hal.o
 .debug_info    0x00022dd2      0x3c1 dist/GOOGLE_IOT/production/__pa_temp_8961/hal_i2c_timer.o
 .debug_info    0x00023193      0xc0b dist/GOOGLE_IOT/production/__pa_temp_8961/atca_jwt.o
 .debug_info    0x00023d9e     0x1284 dist/GOOGLE_IOT/production/__pa_temp_8961/atca_command.o
 .debug_info    0x00025022      0xcf8 build/GOOGLE_IOT/production/mcc_generated_files/CryptoAuthenticationLibrary/atca_device.o
 .debug_info    0x00025d1a     0x1006 dist/GOOGLE_IOT/production/__pa_temp_8961/atca_execution.o
 .debug_info    0x00026d20      0xfec dist/GOOGLE_IOT/production/__pa_temp_8961/atca_iface.o
 .debug_info    0x00027d0c      0x4df build/GOOGLE_IOT/production/mcc_generated_files/drivers/spi_master.o
 .debug_info    0x000281eb      0xd72 dist/GOOGLE_IOT/production/__pa_temp_8961/timeout.o
 .debug_info    0x00028f5d      0xc32 dist/GOOGLE_IOT/production/__pa_temp_8961/i2c_simple_master.o
 .debug_info    0x00029b8f      0x63a dist/GOOGLE_IOT/production/__pa_temp_8961/mqtt_comm_layer.o
 .debug_info    0x0002a1c9     0x30e1 dist/GOOGLE_IOT/production/__pa_temp_8961/mqtt_core.o
 .debug_info    0x0002d2aa      0x4c9 dist/GOOGLE_IOT/production/__pa_temp_8961/mqtt_exchange_buffer.o
 .debug_info    0x0002d773      0x34f build/GOOGLE_IOT/production/mcc_generated_files/mqtt/mqtt_packetTransfer_interface.o
 .debug_info    0x0002dac2     0x2464 dist/GOOGLE_IOT/production/__pa_temp_8961/mqtt_winc_adapter.o
 .debug_info    0x0002ff26     0x11c6 dist/GOOGLE_IOT/production/__pa_temp_8961/pin_manager.o
 .debug_info    0x000310ec      0x3c8 build/GOOGLE_IOT/production/mcc_generated_files/src/cpuint.o
 .debug_info    0x000314b4      0x78b build/GOOGLE_IOT/production/mcc_generated_files/src/spi0.o
 .debug_info    0x00031c3f       0x95 build/GOOGLE_IOT/production/mcc_generated_files/src/protected_io.o
 .debug_info    0x00031cd4      0x89e build/GOOGLE_IOT/production/mcc_generated_files/src/rtc.o
 .debug_info    0x00032572     0x1978 dist/GOOGLE_IOT/production/__pa_temp_8961/twi0_master.o
 .debug_info    0x00033eea      0xb12 build/GOOGLE_IOT/production/mcc_generated_files/src/adc0.o
 .debug_info    0x000349fc      0xb0c build/GOOGLE_IOT/production/mcc_generated_files/src/usart2.o
 .debug_info    0x00035508      0xe36 dist/GOOGLE_IOT/production/__pa_temp_8961/winc_spi.o
 .debug_info    0x0003633e      0xb2b dist/GOOGLE_IOT/production/__pa_temp_8961/winc_adapter.o
 .debug_info    0x00036e69      0xb49 dist/GOOGLE_IOT/production/__pa_temp_8961/winc_hif.o
 .debug_info    0x000379b2      0xddc dist/GOOGLE_IOT/production/__pa_temp_8961/winc_asic.o
 .debug_info    0x0003878e      0x552 dist/GOOGLE_IOT/production/__pa_temp_8961/winc_drv.o
 .debug_info    0x00038ce0      0xfe3 dist/GOOGLE_IOT/production/__pa_temp_8961/m2m_ssl.o
 .debug_info    0x00039cc3     0x5ab4 dist/GOOGLE_IOT/production/__pa_temp_8961/m2m_wifi.o
 .debug_info    0x0003f777     0x18ea dist/GOOGLE_IOT/production/__pa_temp_8961/m2m_ota.o
 .debug_info    0x00041061      0x65b dist/GOOGLE_IOT/production/__pa_temp_8961/m2m_fwinfo.o
 .debug_info    0x000416bc     0x248d dist/GOOGLE_IOT/production/__pa_temp_8961/socket.o
 .debug_info    0x00043b49     0x14ea dist/GOOGLE_IOT/production/__pa_temp_8961/spi_flash.o
 .debug_info    0x00045033      0xa55 build/GOOGLE_IOT/production/mcc_generated_files/mcc.o
 .debug_info    0x00045a88      0x3fa build/GOOGLE_IOT/production/mcc_generated_files/delay.o
 .debug_info    0x00045e82      0x7dc build/GOOGLE_IOT/production/mcc_generated_files/device_config.o
 .debug_info    0x0004665e     0x12fe dist/GOOGLE_IOT/production/__pa_temp_8961/application_manager.o
 .debug_info    0x0004795c      0x65b dist/GOOGLE_IOT/production/__pa_temp_8961/debug_print.o
 .debug_info    0x00047fb7      0xa30 build/GOOGLE_IOT/production/mcc_generated_files/led.o
 .debug_info    0x000489e7      0x338 dist/GOOGLE_IOT/production/__pa_temp_8961/sensors_handling.o
 .debug_info    0x00048d1f      0x871 dist/GOOGLE_IOT/production/__pa_temp_8961/time_service.o
 .debug_info    0x00049590      0xc9d build/GOOGLE_IOT/production/mcc_generated_files/CryptoAuthenticationLibrary/CryptoAuth_init.o
 .debug_info    0x0004a22d      0x1e4 build/GOOGLE_IOT/production/main.o

.debug_abbrev   0x00000000     0xaba7
 *(.debug_abbrev)
 .debug_abbrev  0x00000000     0x20c2 /opt/microchip/mplabx/v5.30/packs/Microchip/ATmega_DFP/2.0.12/gcc/dev/atmega4808/avrxmega3/crtatmega4808.o
 .debug_abbrev  0x000020c2      0x41f dist/GOOGLE_IOT/production/__pa_temp_8961/cli.o
 .debug_abbrev  0x000024e1      0x17c dist/GOOGLE_IOT/production/__pa_temp_8961/crypto_client.o
 .debug_abbrev  0x0000265d      0x408 dist/GOOGLE_IOT/production/__pa_temp_8961/cloud_service.o
 .debug_abbrev  0x00002a65      0x2fa dist/GOOGLE_IOT/production/__pa_temp_8961/wifi_service.o
 .debug_abbrev  0x00002d5f      0x2a3 dist/GOOGLE_IOT/production/__pa_temp_8961/mqtt_service.o
 .debug_abbrev  0x00003002      0x2a0 dist/GOOGLE_IOT/production/__pa_temp_8961/google_cloud_service.o
 .debug_abbrev  0x000032a2       0x5c build/GOOGLE_IOT/production/mcc_generated_files/credentials_storage/credentials_storage.o
 .debug_abbrev  0x000032fe      0x285 dist/GOOGLE_IOT/production/__pa_temp_8961/atcacert_client.o
 .debug_abbrev  0x00003583      0x324 dist/GOOGLE_IOT/production/__pa_temp_8961/atcacert_date.o
 .debug_abbrev  0x000038a7      0x3a9 dist/GOOGLE_IOT/production/__pa_temp_8961/atcacert_def.o
 .debug_abbrev  0x00003c50      0x23b dist/GOOGLE_IOT/production/__pa_temp_8961/atca_basic.o
 .debug_abbrev  0x00003e8b      0x18a dist/GOOGLE_IOT/production/__pa_temp_8961/atca_basic_genkey.o
 .debug_abbrev  0x00004015      0x187 dist/GOOGLE_IOT/production/__pa_temp_8961/atca_basic_lock.o
 .debug_abbrev  0x0000419c      0x18e dist/GOOGLE_IOT/production/__pa_temp_8961/atca_basic_nonce.o
 .debug_abbrev  0x0000432a      0x158 dist/GOOGLE_IOT/production/__pa_temp_8961/atca_basic_random.o
 .debug_abbrev  0x00004482      0x35d dist/GOOGLE_IOT/production/__pa_temp_8961/atca_basic_read.o
 .debug_abbrev  0x000047df      0x1d2 dist/GOOGLE_IOT/production/__pa_temp_8961/atca_basic_secureboot.o
 .debug_abbrev  0x000049b1      0x2cb dist/GOOGLE_IOT/production/__pa_temp_8961/atca_basic_sha.o
 .debug_abbrev  0x00004c7c      0x1c7 dist/GOOGLE_IOT/production/__pa_temp_8961/atca_basic_sign.o
 .debug_abbrev  0x00004e43      0x158 dist/GOOGLE_IOT/production/__pa_temp_8961/atca_basic_updateextra.o
 .debug_abbrev  0x00004f9b      0x336 dist/GOOGLE_IOT/production/__pa_temp_8961/atca_basic_write.o
 .debug_abbrev  0x000052d1      0x309 dist/GOOGLE_IOT/production/__pa_temp_8961/atca_helpers.o
 .debug_abbrev  0x000055da       0xf4 dist/GOOGLE_IOT/production/__pa_temp_8961/sha1_routines.o
 .debug_abbrev  0x000056ce      0x159 dist/GOOGLE_IOT/production/__pa_temp_8961/sha2_routines.o
 .debug_abbrev  0x00005827      0x174 dist/GOOGLE_IOT/production/__pa_temp_8961/atca_crypto_sw_sha2.o
 .debug_abbrev  0x0000599b      0x1aa dist/GOOGLE_IOT/production/__pa_temp_8961/atca_hal.o
 .debug_abbrev  0x00005b45      0x1cd dist/GOOGLE_IOT/production/__pa_temp_8961/atca_i2c_hal.o
 .debug_abbrev  0x00005d12      0x10d dist/GOOGLE_IOT/production/__pa_temp_8961/hal_i2c_timer.o
 .debug_abbrev  0x00005e1f      0x221 dist/GOOGLE_IOT/production/__pa_temp_8961/atca_jwt.o
 .debug_abbrev  0x00006040      0x1ab dist/GOOGLE_IOT/production/__pa_temp_8961/atca_command.o
 .debug_abbrev  0x000061eb      0x147 build/GOOGLE_IOT/production/mcc_generated_files/CryptoAuthenticationLibrary/atca_device.o
 .debug_abbrev  0x00006332      0x1b5 dist/GOOGLE_IOT/production/__pa_temp_8961/atca_execution.o
 .debug_abbrev  0x000064e7      0x204 dist/GOOGLE_IOT/production/__pa_temp_8961/atca_iface.o
 .debug_abbrev  0x000066eb      0x12c build/GOOGLE_IOT/production/mcc_generated_files/drivers/spi_master.o
 .debug_abbrev  0x00006817      0x2f5 dist/GOOGLE_IOT/production/__pa_temp_8961/timeout.o
 .debug_abbrev  0x00006b0c      0x14e dist/GOOGLE_IOT/production/__pa_temp_8961/i2c_simple_master.o
 .debug_abbrev  0x00006c5a      0x16a dist/GOOGLE_IOT/production/__pa_temp_8961/mqtt_comm_layer.o
 .debug_abbrev  0x00006dc4      0x36a dist/GOOGLE_IOT/production/__pa_temp_8961/mqtt_core.o
 .debug_abbrev  0x0000712e       0xee dist/GOOGLE_IOT/production/__pa_temp_8961/mqtt_exchange_buffer.o
 .debug_abbrev  0x0000721c       0x9b build/GOOGLE_IOT/production/mcc_generated_files/mqtt/mqtt_packetTransfer_interface.o
 .debug_abbrev  0x000072b7      0x3ba dist/GOOGLE_IOT/production/__pa_temp_8961/mqtt_winc_adapter.o
 .debug_abbrev  0x00007671      0x1a7 dist/GOOGLE_IOT/production/__pa_temp_8961/pin_manager.o
 .debug_abbrev  0x00007818       0xfa build/GOOGLE_IOT/production/mcc_generated_files/src/cpuint.o
 .debug_abbrev  0x00007912      0x1f3 build/GOOGLE_IOT/production/mcc_generated_files/src/spi0.o
 .debug_abbrev  0x00007b05       0x14 build/GOOGLE_IOT/production/mcc_generated_files/src/protected_io.o
 .debug_abbrev  0x00007b19      0x152 build/GOOGLE_IOT/production/mcc_generated_files/src/rtc.o
 .debug_abbrev  0x00007c6b      0x3d8 dist/GOOGLE_IOT/production/__pa_temp_8961/twi0_master.o
 .debug_abbrev  0x00008043      0x23a build/GOOGLE_IOT/production/mcc_generated_files/src/adc0.o
 .debug_abbrev  0x0000827d      0x305 build/GOOGLE_IOT/production/mcc_generated_files/src/usart2.o
 .debug_abbrev  0x00008582      0x297 dist/GOOGLE_IOT/production/__pa_temp_8961/winc_spi.o
 .debug_abbrev  0x00008819      0x20e dist/GOOGLE_IOT/production/__pa_temp_8961/winc_adapter.o
 .debug_abbrev  0x00008a27      0x20d dist/GOOGLE_IOT/production/__pa_temp_8961/winc_hif.o
 .debug_abbrev  0x00008c34      0x1de dist/GOOGLE_IOT/production/__pa_temp_8961/winc_asic.o
 .debug_abbrev  0x00008e12       0xac dist/GOOGLE_IOT/production/__pa_temp_8961/winc_drv.o
 .debug_abbrev  0x00008ebe      0x244 dist/GOOGLE_IOT/production/__pa_temp_8961/m2m_ssl.o
 .debug_abbrev  0x00009102      0x3c8 dist/GOOGLE_IOT/production/__pa_temp_8961/m2m_wifi.o
 .debug_abbrev  0x000094ca      0x26c dist/GOOGLE_IOT/production/__pa_temp_8961/m2m_ota.o
 .debug_abbrev  0x00009736      0x141 dist/GOOGLE_IOT/production/__pa_temp_8961/m2m_fwinfo.o
 .debug_abbrev  0x00009877      0x358 dist/GOOGLE_IOT/production/__pa_temp_8961/socket.o
 .debug_abbrev  0x00009bcf      0x1d1 dist/GOOGLE_IOT/production/__pa_temp_8961/spi_flash.o
 .debug_abbrev  0x00009da0      0x172 build/GOOGLE_IOT/production/mcc_generated_files/mcc.o
 .debug_abbrev  0x00009f12      0x11e build/GOOGLE_IOT/production/mcc_generated_files/delay.o
 .debug_abbrev  0x0000a030       0x85 build/GOOGLE_IOT/production/mcc_generated_files/device_config.o
 .debug_abbrev  0x0000a0b5      0x31a dist/GOOGLE_IOT/production/__pa_temp_8961/application_manager.o
 .debug_abbrev  0x0000a3cf      0x18e dist/GOOGLE_IOT/production/__pa_temp_8961/debug_print.o
 .debug_abbrev  0x0000a55d      0x21e build/GOOGLE_IOT/production/mcc_generated_files/led.o
 .debug_abbrev  0x0000a77b       0x90 dist/GOOGLE_IOT/production/__pa_temp_8961/sensors_handling.o
 .debug_abbrev  0x0000a80b      0x205 dist/GOOGLE_IOT/production/__pa_temp_8961/time_service.o
 .debug_abbrev  0x0000aa10      0x13a build/GOOGLE_IOT/production/mcc_generated_files/CryptoAuthenticationLibrary/CryptoAuth_init.o
 .debug_abbrev  0x0000ab4a       0x5d build/GOOGLE_IOT/production/main.o

.debug_line     0x00000000    0x1291c
 *(.debug_line .debug_line.* .debug_line_end)
 .debug_line    0x00000000      0x16f /opt/microchip/mplabx/v5.30/packs/Microchip/ATmega_DFP/2.0.12/gcc/dev/atmega4808/avrxmega3/crtatmega4808.o
 .debug_line    0x0000016f      0x63a dist/GOOGLE_IOT/production/__pa_temp_8961/cli.o
 .debug_line    0x000007a9      0x34e dist/GOOGLE_IOT/production/__pa_temp_8961/crypto_client.o
 .debug_line    0x00000af7      0x615 dist/GOOGLE_IOT/production/__pa_temp_8961/cloud_service.o
 .debug_line    0x0000110c      0x56a dist/GOOGLE_IOT/production/__pa_temp_8961/wifi_service.o
 .debug_line    0x00001676      0x2e1 dist/GOOGLE_IOT/production/__pa_temp_8961/mqtt_service.o
 .debug_line    0x00001957      0x47b dist/GOOGLE_IOT/production/__pa_temp_8961/google_cloud_service.o
 .debug_line    0x00001dd2       0x7d build/GOOGLE_IOT/production/mcc_generated_files/credentials_storage/credentials_storage.o
 .debug_line    0x00001e4f      0x53f dist/GOOGLE_IOT/production/__pa_temp_8961/atcacert_client.o
 .debug_line    0x0000238e      0xb7d dist/GOOGLE_IOT/production/__pa_temp_8961/atcacert_date.o
 .debug_line    0x00002f0b     0x14cb dist/GOOGLE_IOT/production/__pa_temp_8961/atcacert_def.o
 .debug_line    0x000043d6      0x492 dist/GOOGLE_IOT/production/__pa_temp_8961/atca_basic.o
 .debug_line    0x00004868      0x1cd dist/GOOGLE_IOT/production/__pa_temp_8961/atca_basic_genkey.o
 .debug_line    0x00004a35      0x1f2 dist/GOOGLE_IOT/production/__pa_temp_8961/atca_basic_lock.o
 .debug_line    0x00004c27      0x231 dist/GOOGLE_IOT/production/__pa_temp_8961/atca_basic_nonce.o
 .debug_line    0x00004e58      0x193 dist/GOOGLE_IOT/production/__pa_temp_8961/atca_basic_random.o
 .debug_line    0x00004feb      0x626 dist/GOOGLE_IOT/production/__pa_temp_8961/atca_basic_read.o
 .debug_line    0x00005611      0x310 dist/GOOGLE_IOT/production/__pa_temp_8961/atca_basic_secureboot.o
 .debug_line    0x00005921      0x574 dist/GOOGLE_IOT/production/__pa_temp_8961/atca_basic_sha.o
 .debug_line    0x00005e95      0x20d dist/GOOGLE_IOT/production/__pa_temp_8961/atca_basic_sign.o
 .debug_line    0x000060a2      0x186 dist/GOOGLE_IOT/production/__pa_temp_8961/atca_basic_updateextra.o
 .debug_line    0x00006228      0x64a dist/GOOGLE_IOT/production/__pa_temp_8961/atca_basic_write.o
 .debug_line    0x00006872      0xa1d dist/GOOGLE_IOT/production/__pa_temp_8961/atca_helpers.o
 .debug_line    0x0000728f      0x332 dist/GOOGLE_IOT/production/__pa_temp_8961/sha1_routines.o
 .debug_line    0x000075c1      0x2dd dist/GOOGLE_IOT/production/__pa_temp_8961/sha2_routines.o
 .debug_line    0x0000789e      0x20b dist/GOOGLE_IOT/production/__pa_temp_8961/atca_crypto_sw_sha2.o
 .debug_line    0x00007aa9      0x1de dist/GOOGLE_IOT/production/__pa_temp_8961/atca_hal.o
 .debug_line    0x00007c87      0x328 dist/GOOGLE_IOT/production/__pa_temp_8961/atca_i2c_hal.o
 .debug_line    0x00007faf      0x12b dist/GOOGLE_IOT/production/__pa_temp_8961/hal_i2c_timer.o
 .debug_line    0x000080da      0x528 dist/GOOGLE_IOT/production/__pa_temp_8961/atca_jwt.o
 .debug_line    0x00008602      0x779 dist/GOOGLE_IOT/production/__pa_temp_8961/atca_command.o
 .debug_line    0x00008d7b      0x199 build/GOOGLE_IOT/production/mcc_generated_files/CryptoAuthenticationLibrary/atca_device.o
 .debug_line    0x00008f14      0x28d dist/GOOGLE_IOT/production/__pa_temp_8961/atca_execution.o
 .debug_line    0x000091a1      0x2c1 dist/GOOGLE_IOT/production/__pa_temp_8961/atca_iface.o
 .debug_line    0x00009462      0x137 build/GOOGLE_IOT/production/mcc_generated_files/drivers/spi_master.o
 .debug_line    0x00009599      0x59b dist/GOOGLE_IOT/production/__pa_temp_8961/timeout.o
 .debug_line    0x00009b34      0x393 dist/GOOGLE_IOT/production/__pa_temp_8961/i2c_simple_master.o
 .debug_line    0x00009ec7      0x276 dist/GOOGLE_IOT/production/__pa_temp_8961/mqtt_comm_layer.o
 .debug_line    0x0000a13d      0xb31 dist/GOOGLE_IOT/production/__pa_temp_8961/mqtt_core.o
 .debug_line    0x0000ac6e      0x1e6 dist/GOOGLE_IOT/production/__pa_temp_8961/mqtt_exchange_buffer.o
 .debug_line    0x0000ae54       0xda build/GOOGLE_IOT/production/mcc_generated_files/mqtt/mqtt_packetTransfer_interface.o
 .debug_line    0x0000af2e      0x769 dist/GOOGLE_IOT/production/__pa_temp_8961/mqtt_winc_adapter.o
 .debug_line    0x0000b697      0x528 dist/GOOGLE_IOT/production/__pa_temp_8961/pin_manager.o
 .debug_line    0x0000bbbf      0x168 build/GOOGLE_IOT/production/mcc_generated_files/src/cpuint.o
 .debug_line    0x0000bd27      0x350 build/GOOGLE_IOT/production/mcc_generated_files/src/spi0.o
 .debug_line    0x0000c077       0x66 build/GOOGLE_IOT/production/mcc_generated_files/src/protected_io.o
 .debug_line    0x0000c0dd      0x2f3 build/GOOGLE_IOT/production/mcc_generated_files/src/rtc.o
 .debug_line    0x0000c3d0      0x9f2 dist/GOOGLE_IOT/production/__pa_temp_8961/twi0_master.o
 .debug_line    0x0000cdc2      0x33e build/GOOGLE_IOT/production/mcc_generated_files/src/adc0.o
 .debug_line    0x0000d100      0x42b build/GOOGLE_IOT/production/mcc_generated_files/src/usart2.o
 .debug_line    0x0000d52b      0x556 dist/GOOGLE_IOT/production/__pa_temp_8961/winc_spi.o
 .debug_line    0x0000da81      0x3be dist/GOOGLE_IOT/production/__pa_temp_8961/winc_adapter.o
 .debug_line    0x0000de3f      0x36d dist/GOOGLE_IOT/production/__pa_temp_8961/winc_hif.o
 .debug_line    0x0000e1ac      0x369 dist/GOOGLE_IOT/production/__pa_temp_8961/winc_asic.o
 .debug_line    0x0000e515      0x1b6 dist/GOOGLE_IOT/production/__pa_temp_8961/winc_drv.o
 .debug_line    0x0000e6cb      0x3f5 dist/GOOGLE_IOT/production/__pa_temp_8961/m2m_ssl.o
 .debug_line    0x0000eac0     0x111e dist/GOOGLE_IOT/production/__pa_temp_8961/m2m_wifi.o
 .debug_line    0x0000fbde      0x517 dist/GOOGLE_IOT/production/__pa_temp_8961/m2m_ota.o
 .debug_line    0x000100f5      0x1d3 dist/GOOGLE_IOT/production/__pa_temp_8961/m2m_fwinfo.o
 .debug_line    0x000102c8      0xd3f dist/GOOGLE_IOT/production/__pa_temp_8961/socket.o
 .debug_line    0x00011007      0x4b7 dist/GOOGLE_IOT/production/__pa_temp_8961/spi_flash.o
 .debug_line    0x000114be      0x346 build/GOOGLE_IOT/production/mcc_generated_files/mcc.o
 .debug_line    0x00011804      0x10f build/GOOGLE_IOT/production/mcc_generated_files/delay.o
 .debug_line    0x00011913       0xcd build/GOOGLE_IOT/production/mcc_generated_files/device_config.o
 .debug_line    0x000119e0      0x548 dist/GOOGLE_IOT/production/__pa_temp_8961/application_manager.o
 .debug_line    0x00011f28      0x15e dist/GOOGLE_IOT/production/__pa_temp_8961/debug_print.o
 .debug_line    0x00012086      0x382 build/GOOGLE_IOT/production/mcc_generated_files/led.o
 .debug_line    0x00012408      0x11c dist/GOOGLE_IOT/production/__pa_temp_8961/sensors_handling.o
 .debug_line    0x00012524      0x222 dist/GOOGLE_IOT/production/__pa_temp_8961/time_service.o
 .debug_line    0x00012746      0x165 build/GOOGLE_IOT/production/mcc_generated_files/CryptoAuthenticationLibrary/CryptoAuth_init.o
 .debug_line    0x000128ab       0x71 build/GOOGLE_IOT/production/main.o

.debug_frame    0x00000000     0x67fc
 *(.debug_frame)
 .debug_frame   0x00000000      0x17c dist/GOOGLE_IOT/production/__pa_temp_8961/cli.o
 .debug_frame   0x0000017c       0xf0 dist/GOOGLE_IOT/production/__pa_temp_8961/crypto_client.o
 .debug_frame   0x0000026c       0xf8 dist/GOOGLE_IOT/production/__pa_temp_8961/cloud_service.o
 .debug_frame   0x00000364      0x118 dist/GOOGLE_IOT/production/__pa_temp_8961/wifi_service.o
 .debug_frame   0x0000047c       0xe8 dist/GOOGLE_IOT/production/__pa_temp_8961/mqtt_service.o
 .debug_frame   0x00000564      0x100 dist/GOOGLE_IOT/production/__pa_temp_8961/google_cloud_service.o
 .debug_frame   0x00000664       0x24 build/GOOGLE_IOT/production/mcc_generated_files/credentials_storage/credentials_storage.o
 .debug_frame   0x00000688      0x1ec dist/GOOGLE_IOT/production/__pa_temp_8961/atcacert_client.o
 .debug_frame   0x00000874      0x364 dist/GOOGLE_IOT/production/__pa_temp_8961/atcacert_date.o
 .debug_frame   0x00000bd8      0xa04 dist/GOOGLE_IOT/production/__pa_temp_8961/atcacert_def.o
 .debug_frame   0x000015dc      0x158 dist/GOOGLE_IOT/production/__pa_temp_8961/atca_basic.o
 .debug_frame   0x00001734       0x64 dist/GOOGLE_IOT/production/__pa_temp_8961/atca_basic_genkey.o
 .debug_frame   0x00001798       0x90 dist/GOOGLE_IOT/production/__pa_temp_8961/atca_basic_lock.o
 .debug_frame   0x00001828       0x90 dist/GOOGLE_IOT/production/__pa_temp_8961/atca_basic_nonce.o
 .debug_frame   0x000018b8       0x40 dist/GOOGLE_IOT/production/__pa_temp_8961/atca_basic_random.o
 .debug_frame   0x000018f8      0x2d4 dist/GOOGLE_IOT/production/__pa_temp_8961/atca_basic_read.o
 .debug_frame   0x00001bcc       0xb8 dist/GOOGLE_IOT/production/__pa_temp_8961/atca_basic_secureboot.o
 .debug_frame   0x00001c84      0x338 dist/GOOGLE_IOT/production/__pa_temp_8961/atca_basic_sha.o
 .debug_frame   0x00001fbc       0x84 dist/GOOGLE_IOT/production/__pa_temp_8961/atca_basic_sign.o
 .debug_frame   0x00002040       0x40 dist/GOOGLE_IOT/production/__pa_temp_8961/atca_basic_updateextra.o
 .debug_frame   0x00002080      0x220 dist/GOOGLE_IOT/production/__pa_temp_8961/atca_basic_write.o
 .debug_frame   0x000022a0      0x434 dist/GOOGLE_IOT/production/__pa_temp_8961/atca_helpers.o
 .debug_frame   0x000026d4      0x178 dist/GOOGLE_IOT/production/__pa_temp_8961/sha1_routines.o
 .debug_frame   0x0000284c      0x190 dist/GOOGLE_IOT/production/__pa_temp_8961/sha2_routines.o
 .debug_frame   0x000029dc       0x84 dist/GOOGLE_IOT/production/__pa_temp_8961/atca_crypto_sw_sha2.o
 .debug_frame   0x00002a60       0x60 dist/GOOGLE_IOT/production/__pa_temp_8961/atca_hal.o
 .debug_frame   0x00002ac0      0x110 dist/GOOGLE_IOT/production/__pa_temp_8961/atca_i2c_hal.o
 .debug_frame   0x00002bd0       0x34 dist/GOOGLE_IOT/production/__pa_temp_8961/hal_i2c_timer.o
 .debug_frame   0x00002c04      0x1c8 dist/GOOGLE_IOT/production/__pa_temp_8961/atca_jwt.o
 .debug_frame   0x00002dcc      0x238 dist/GOOGLE_IOT/production/__pa_temp_8961/atca_command.o
 .debug_frame   0x00003004       0x68 build/GOOGLE_IOT/production/mcc_generated_files/CryptoAuthenticationLibrary/atca_device.o
 .debug_frame   0x0000306c       0x74 dist/GOOGLE_IOT/production/__pa_temp_8961/atca_execution.o
 .debug_frame   0x000030e0      0x110 dist/GOOGLE_IOT/production/__pa_temp_8961/atca_iface.o
 .debug_frame   0x000031f0       0x34 build/GOOGLE_IOT/production/mcc_generated_files/drivers/spi_master.o
 .debug_frame   0x00003224      0x29c dist/GOOGLE_IOT/production/__pa_temp_8961/timeout.o
 .debug_frame   0x000034c0      0x18c dist/GOOGLE_IOT/production/__pa_temp_8961/i2c_simple_master.o
 .debug_frame   0x0000364c       0x90 dist/GOOGLE_IOT/production/__pa_temp_8961/mqtt_comm_layer.o
 .debug_frame   0x000036dc      0x248 dist/GOOGLE_IOT/production/__pa_temp_8961/mqtt_core.o
 .debug_frame   0x00003924       0x94 dist/GOOGLE_IOT/production/__pa_temp_8961/mqtt_exchange_buffer.o
 .debug_frame   0x000039b8       0x34 build/GOOGLE_IOT/production/mcc_generated_files/mqtt/mqtt_packetTransfer_interface.o
 .debug_frame   0x000039ec      0x31c dist/GOOGLE_IOT/production/__pa_temp_8961/mqtt_winc_adapter.o
 .debug_frame   0x00003d08      0x300 dist/GOOGLE_IOT/production/__pa_temp_8961/pin_manager.o
 .debug_frame   0x00004008       0x24 build/GOOGLE_IOT/production/mcc_generated_files/src/cpuint.o
 .debug_frame   0x0000402c      0x114 build/GOOGLE_IOT/production/mcc_generated_files/src/spi0.o
 .debug_frame   0x00004140      0x1b4 build/GOOGLE_IOT/production/mcc_generated_files/src/rtc.o
 .debug_frame   0x000042f4      0x3dc dist/GOOGLE_IOT/production/__pa_temp_8961/twi0_master.o
 .debug_frame   0x000046d0      0x18c build/GOOGLE_IOT/production/mcc_generated_files/src/adc0.o
 .debug_frame   0x0000485c      0x210 build/GOOGLE_IOT/production/mcc_generated_files/src/usart2.o
 .debug_frame   0x00004a6c      0x2ac dist/GOOGLE_IOT/production/__pa_temp_8961/winc_spi.o
 .debug_frame   0x00004d18      0x170 dist/GOOGLE_IOT/production/__pa_temp_8961/winc_adapter.o
 .debug_frame   0x00004e88      0x16c dist/GOOGLE_IOT/production/__pa_temp_8961/winc_hif.o
 .debug_frame   0x00004ff4      0x194 dist/GOOGLE_IOT/production/__pa_temp_8961/winc_asic.o
 .debug_frame   0x00005188       0x58 dist/GOOGLE_IOT/production/__pa_temp_8961/winc_drv.o
 .debug_frame   0x000051e0      0x190 dist/GOOGLE_IOT/production/__pa_temp_8961/m2m_ssl.o
 .debug_frame   0x00005370      0x8a8 dist/GOOGLE_IOT/production/__pa_temp_8961/m2m_wifi.o
 .debug_frame   0x00005c18      0x184 dist/GOOGLE_IOT/production/__pa_temp_8961/m2m_ota.o
 .debug_frame   0x00005d9c       0x54 dist/GOOGLE_IOT/production/__pa_temp_8961/m2m_fwinfo.o
 .debug_frame   0x00005df0      0x350 dist/GOOGLE_IOT/production/__pa_temp_8961/socket.o
 .debug_frame   0x00006140      0x26c dist/GOOGLE_IOT/production/__pa_temp_8961/spi_flash.o
 .debug_frame   0x000063ac       0x94 build/GOOGLE_IOT/production/mcc_generated_files/mcc.o
 .debug_frame   0x00006440       0x34 build/GOOGLE_IOT/production/mcc_generated_files/delay.o
 .debug_frame   0x00006474      0x140 dist/GOOGLE_IOT/production/__pa_temp_8961/application_manager.o
 .debug_frame   0x000065b4       0x64 dist/GOOGLE_IOT/production/__pa_temp_8961/debug_print.o
 .debug_frame   0x00006618       0x84 build/GOOGLE_IOT/production/mcc_generated_files/led.o
 .debug_frame   0x0000669c       0x34 dist/GOOGLE_IOT/production/__pa_temp_8961/sensors_handling.o
 .debug_frame   0x000066d0       0xe4 dist/GOOGLE_IOT/production/__pa_temp_8961/time_service.o
 .debug_frame   0x000067b4       0x24 build/GOOGLE_IOT/production/mcc_generated_files/CryptoAuthenticationLibrary/CryptoAuth_init.o
 .debug_frame   0x000067d8       0x24 build/GOOGLE_IOT/production/main.o

.debug_str      0x00000000     0x3642
 *(.debug_str)
 .debug_str     0x00000000      0xecd /opt/microchip/mplabx/v5.30/packs/Microchip/ATmega_DFP/2.0.12/gcc/dev/atmega4808/avrxmega3/crtatmega4808.o
 .debug_str     0x00000ecd      0x104 dist/GOOGLE_IOT/production/__pa_temp_8961/cli.o
 .debug_str     0x00000fd1       0xb3 dist/GOOGLE_IOT/production/__pa_temp_8961/crypto_client.o
 .debug_str     0x00001084      0x1d3 dist/GOOGLE_IOT/production/__pa_temp_8961/cloud_service.o
 .debug_str     0x00001257      0x1e1 dist/GOOGLE_IOT/production/__pa_temp_8961/wifi_service.o
 .debug_str     0x00001438       0xd9 dist/GOOGLE_IOT/production/__pa_temp_8961/mqtt_service.o
 .debug_str     0x00001511      0x161 dist/GOOGLE_IOT/production/__pa_temp_8961/google_cloud_service.o
 .debug_str     0x00001672        0x0 build/GOOGLE_IOT/production/mcc_generated_files/credentials_storage/credentials_storage.o
 .debug_str     0x00001672      0x19f dist/GOOGLE_IOT/production/__pa_temp_8961/atcacert_client.o
 .debug_str     0x00001811       0x83 dist/GOOGLE_IOT/production/__pa_temp_8961/atcacert_date.o
 .debug_str     0x00001894      0x2d6 dist/GOOGLE_IOT/production/__pa_temp_8961/atcacert_def.o
 .debug_str     0x00001b6a       0x9d dist/GOOGLE_IOT/production/__pa_temp_8961/atca_basic.o
 .debug_str     0x00001c07       0x30 dist/GOOGLE_IOT/production/__pa_temp_8961/atca_basic_genkey.o
 .debug_str     0x00001c37       0x21 dist/GOOGLE_IOT/production/__pa_temp_8961/atca_basic_lock.o
 .debug_str     0x00001c58       0x25 dist/GOOGLE_IOT/production/__pa_temp_8961/atca_basic_nonce.o
 .debug_str     0x00001c7d       0x1e dist/GOOGLE_IOT/production/__pa_temp_8961/atca_basic_random.o
 .debug_str     0x00001c9b       0xc6 dist/GOOGLE_IOT/production/__pa_temp_8961/atca_basic_read.o
 .debug_str     0x00001d61       0xbf dist/GOOGLE_IOT/production/__pa_temp_8961/atca_basic_secureboot.o
 .debug_str     0x00001e20       0x7d dist/GOOGLE_IOT/production/__pa_temp_8961/atca_basic_sha.o
 .debug_str     0x00001e9d       0x4b dist/GOOGLE_IOT/production/__pa_temp_8961/atca_basic_sign.o
 .debug_str     0x00001ee8       0x23 dist/GOOGLE_IOT/production/__pa_temp_8961/atca_basic_updateextra.o
 .debug_str     0x00001f0b       0xd7 dist/GOOGLE_IOT/production/__pa_temp_8961/atca_basic_write.o
 .debug_str     0x00001fe2       0x85 dist/GOOGLE_IOT/production/__pa_temp_8961/atca_helpers.o
 .debug_str     0x00002067        0x0 dist/GOOGLE_IOT/production/__pa_temp_8961/sha1_routines.o
 .debug_str     0x00002067        0xc dist/GOOGLE_IOT/production/__pa_temp_8961/sha2_routines.o
 .debug_str     0x00002073       0x3a dist/GOOGLE_IOT/production/__pa_temp_8961/atca_crypto_sw_sha2.o
 .debug_str     0x000020ad       0x4f dist/GOOGLE_IOT/production/__pa_temp_8961/atca_hal.o
 .debug_str     0x000020fc       0x63 dist/GOOGLE_IOT/production/__pa_temp_8961/atca_i2c_hal.o
 .debug_str     0x0000215f       0x26 dist/GOOGLE_IOT/production/__pa_temp_8961/hal_i2c_timer.o
 .debug_str     0x00002185       0x6a dist/GOOGLE_IOT/production/__pa_temp_8961/atca_jwt.o
 .debug_str     0x000021ef       0x1a dist/GOOGLE_IOT/production/__pa_temp_8961/atca_command.o
 .debug_str     0x00002209       0x2f build/GOOGLE_IOT/production/mcc_generated_files/CryptoAuthenticationLibrary/atca_device.o
 .debug_str     0x00002238       0x5f dist/GOOGLE_IOT/production/__pa_temp_8961/atca_execution.o
 .debug_str     0x00002297       0x7d dist/GOOGLE_IOT/production/__pa_temp_8961/atca_iface.o
 .debug_str     0x00002314       0x17 build/GOOGLE_IOT/production/mcc_generated_files/drivers/spi_master.o
 .debug_str     0x0000232b       0xaa dist/GOOGLE_IOT/production/__pa_temp_8961/timeout.o
 .debug_str     0x000023d5       0x8b dist/GOOGLE_IOT/production/__pa_temp_8961/i2c_simple_master.o
 .debug_str     0x00002460       0x67 dist/GOOGLE_IOT/production/__pa_temp_8961/mqtt_comm_layer.o
 .debug_str     0x000024c7      0x14a dist/GOOGLE_IOT/production/__pa_temp_8961/mqtt_core.o
 .debug_str     0x00002611        0xe dist/GOOGLE_IOT/production/__pa_temp_8961/mqtt_exchange_buffer.o
 .debug_str     0x0000261f        0x0 build/GOOGLE_IOT/production/mcc_generated_files/mqtt/mqtt_packetTransfer_interface.o
 .debug_str     0x0000261f       0x58 dist/GOOGLE_IOT/production/__pa_temp_8961/mqtt_winc_adapter.o
 .debug_str     0x00002677       0x60 dist/GOOGLE_IOT/production/__pa_temp_8961/pin_manager.o
 .debug_str     0x000026d7       0x13 build/GOOGLE_IOT/production/mcc_generated_files/src/cpuint.o
 .debug_str     0x000026ea       0x17 build/GOOGLE_IOT/production/mcc_generated_files/src/spi0.o
 .debug_str     0x00002701        0x9 build/GOOGLE_IOT/production/mcc_generated_files/src/rtc.o
 .debug_str     0x0000270a        0xf dist/GOOGLE_IOT/production/__pa_temp_8961/twi0_master.o
 .debug_str     0x00002719        0x8 build/GOOGLE_IOT/production/mcc_generated_files/src/adc0.o
 .debug_str     0x00002721        0x0 build/GOOGLE_IOT/production/mcc_generated_files/src/usart2.o
 .debug_str     0x00002721       0x72 dist/GOOGLE_IOT/production/__pa_temp_8961/winc_spi.o
 .debug_str     0x00002793       0x3a dist/GOOGLE_IOT/production/__pa_temp_8961/winc_adapter.o
 .debug_str     0x000027cd      0x123 dist/GOOGLE_IOT/production/__pa_temp_8961/winc_hif.o
 .debug_str     0x000028f0       0xdf dist/GOOGLE_IOT/production/__pa_temp_8961/winc_asic.o
 .debug_str     0x000029cf      0x129 dist/GOOGLE_IOT/production/__pa_temp_8961/winc_drv.o
 .debug_str     0x00002af8       0x49 dist/GOOGLE_IOT/production/__pa_temp_8961/m2m_ssl.o
 .debug_str     0x00002b41      0x428 dist/GOOGLE_IOT/production/__pa_temp_8961/m2m_wifi.o
 .debug_str     0x00002f69      0x11b dist/GOOGLE_IOT/production/__pa_temp_8961/m2m_ota.o
 .debug_str     0x00003084       0x2f dist/GOOGLE_IOT/production/__pa_temp_8961/m2m_fwinfo.o
 .debug_str     0x000030b3      0x163 dist/GOOGLE_IOT/production/__pa_temp_8961/socket.o
 .debug_str     0x00003216       0xbd dist/GOOGLE_IOT/production/__pa_temp_8961/spi_flash.o
 .debug_str     0x000032d3      0x126 build/GOOGLE_IOT/production/mcc_generated_files/mcc.o
 .debug_str     0x000033f9       0x26 build/GOOGLE_IOT/production/mcc_generated_files/delay.o
 .debug_str     0x0000341f        0x0 build/GOOGLE_IOT/production/mcc_generated_files/device_config.o
 .debug_str     0x0000341f      0x159 dist/GOOGLE_IOT/production/__pa_temp_8961/application_manager.o
 .debug_str     0x00003578        0x0 dist/GOOGLE_IOT/production/__pa_temp_8961/debug_print.o
 .debug_str     0x00003578       0x2c build/GOOGLE_IOT/production/mcc_generated_files/led.o
 .debug_str     0x000035a4       0x29 dist/GOOGLE_IOT/production/__pa_temp_8961/sensors_handling.o
 .debug_str     0x000035cd       0x37 dist/GOOGLE_IOT/production/__pa_temp_8961/time_service.o
 .debug_str     0x00003604       0x20 build/GOOGLE_IOT/production/mcc_generated_files/CryptoAuthenticationLibrary/CryptoAuth_init.o
 .debug_str     0x00003624       0x1e build/GOOGLE_IOT/production/main.o

.debug_loc      0x00000000    0x1be79
 *(.debug_loc)
 .debug_loc     0x00000000      0x324 dist/GOOGLE_IOT/production/__pa_temp_8961/cli.o
 .debug_loc     0x00000324      0x1f2 dist/GOOGLE_IOT/production/__pa_temp_8961/crypto_client.o
 .debug_loc     0x00000516      0x3ce dist/GOOGLE_IOT/production/__pa_temp_8961/cloud_service.o
 .debug_loc     0x000008e4      0x358 dist/GOOGLE_IOT/production/__pa_temp_8961/wifi_service.o
 .debug_loc     0x00000c3c      0x1a9 dist/GOOGLE_IOT/production/__pa_temp_8961/mqtt_service.o
 .debug_loc     0x00000de5      0x1f9 dist/GOOGLE_IOT/production/__pa_temp_8961/google_cloud_service.o
 .debug_loc     0x00000fde      0x9a5 dist/GOOGLE_IOT/production/__pa_temp_8961/atcacert_client.o
 .debug_loc     0x00001983     0x2745 dist/GOOGLE_IOT/production/__pa_temp_8961/atcacert_date.o
 .debug_loc     0x000040c8     0x4f8c dist/GOOGLE_IOT/production/__pa_temp_8961/atcacert_def.o
 .debug_loc     0x00009054      0x3c0 dist/GOOGLE_IOT/production/__pa_temp_8961/atca_basic.o
 .debug_loc     0x00009414      0x1d8 dist/GOOGLE_IOT/production/__pa_temp_8961/atca_basic_genkey.o
 .debug_loc     0x000095ec      0x136 dist/GOOGLE_IOT/production/__pa_temp_8961/atca_basic_lock.o
 .debug_loc     0x00009722      0x3df dist/GOOGLE_IOT/production/__pa_temp_8961/atca_basic_nonce.o
 .debug_loc     0x00009b01       0x79 dist/GOOGLE_IOT/production/__pa_temp_8961/atca_basic_random.o
 .debug_loc     0x00009b7a      0xd24 dist/GOOGLE_IOT/production/__pa_temp_8961/atca_basic_read.o
 .debug_loc     0x0000a89e      0x33f dist/GOOGLE_IOT/production/__pa_temp_8961/atca_basic_secureboot.o
 .debug_loc     0x0000abdd      0xc4f dist/GOOGLE_IOT/production/__pa_temp_8961/atca_basic_sha.o
 .debug_loc     0x0000b82c      0x37e dist/GOOGLE_IOT/production/__pa_temp_8961/atca_basic_sign.o
 .debug_loc     0x0000bbaa       0xa4 dist/GOOGLE_IOT/production/__pa_temp_8961/atca_basic_updateextra.o
 .debug_loc     0x0000bc4e      0xb9f dist/GOOGLE_IOT/production/__pa_temp_8961/atca_basic_write.o
 .debug_loc     0x0000c7ed     0x1eaf dist/GOOGLE_IOT/production/__pa_temp_8961/atca_helpers.o
 .debug_loc     0x0000e69c      0x854 dist/GOOGLE_IOT/production/__pa_temp_8961/sha1_routines.o
 .debug_loc     0x0000eef0      0xd8b dist/GOOGLE_IOT/production/__pa_temp_8961/sha2_routines.o
 .debug_loc     0x0000fc7b      0x1f4 dist/GOOGLE_IOT/production/__pa_temp_8961/atca_crypto_sw_sha2.o
 .debug_loc     0x0000fe6f      0x12d dist/GOOGLE_IOT/production/__pa_temp_8961/atca_hal.o
 .debug_loc     0x0000ff9c      0x301 dist/GOOGLE_IOT/production/__pa_temp_8961/atca_i2c_hal.o
 .debug_loc     0x0001029d       0xf2 dist/GOOGLE_IOT/production/__pa_temp_8961/hal_i2c_timer.o
 .debug_loc     0x0001038f      0x4e2 dist/GOOGLE_IOT/production/__pa_temp_8961/atca_jwt.o
 .debug_loc     0x00010871      0xad4 dist/GOOGLE_IOT/production/__pa_temp_8961/atca_command.o
 .debug_loc     0x00011345      0x17f build/GOOGLE_IOT/production/mcc_generated_files/CryptoAuthenticationLibrary/atca_device.o
 .debug_loc     0x000114c4      0x1a1 dist/GOOGLE_IOT/production/__pa_temp_8961/atca_execution.o
 .debug_loc     0x00011665      0x3fd dist/GOOGLE_IOT/production/__pa_temp_8961/atca_iface.o
 .debug_loc     0x00011a62       0x3a build/GOOGLE_IOT/production/mcc_generated_files/drivers/spi_master.o
 .debug_loc     0x00011a9c      0x6e6 dist/GOOGLE_IOT/production/__pa_temp_8961/timeout.o
 .debug_loc     0x00012182      0x512 dist/GOOGLE_IOT/production/__pa_temp_8961/i2c_simple_master.o
 .debug_loc     0x00012694      0x123 dist/GOOGLE_IOT/production/__pa_temp_8961/mqtt_comm_layer.o
 .debug_loc     0x000127b7      0x83b dist/GOOGLE_IOT/production/__pa_temp_8961/mqtt_core.o
 .debug_loc     0x00012ff2      0x1f1 dist/GOOGLE_IOT/production/__pa_temp_8961/mqtt_exchange_buffer.o
 .debug_loc     0x000131e3     0x180c dist/GOOGLE_IOT/production/__pa_temp_8961/mqtt_winc_adapter.o
 .debug_loc     0x000149ef       0x78 dist/GOOGLE_IOT/production/__pa_temp_8961/pin_manager.o
 .debug_loc     0x00014a67       0x2a build/GOOGLE_IOT/production/mcc_generated_files/src/cpuint.o
 .debug_loc     0x00014a91      0x215 build/GOOGLE_IOT/production/mcc_generated_files/src/spi0.o
 .debug_loc     0x00014ca6      0x4fc dist/GOOGLE_IOT/production/__pa_temp_8961/twi0_master.o
 .debug_loc     0x000151a2       0xa4 build/GOOGLE_IOT/production/mcc_generated_files/src/adc0.o
 .debug_loc     0x00015246      0x142 build/GOOGLE_IOT/production/mcc_generated_files/src/usart2.o
 .debug_loc     0x00015388      0x93b dist/GOOGLE_IOT/production/__pa_temp_8961/winc_spi.o
 .debug_loc     0x00015cc3      0x18f dist/GOOGLE_IOT/production/__pa_temp_8961/winc_adapter.o
 .debug_loc     0x00015e52      0x3b1 dist/GOOGLE_IOT/production/__pa_temp_8961/winc_hif.o
 .debug_loc     0x00016203      0x1c9 dist/GOOGLE_IOT/production/__pa_temp_8961/winc_asic.o
 .debug_loc     0x000163cc       0x9a dist/GOOGLE_IOT/production/__pa_temp_8961/winc_drv.o
 .debug_loc     0x00016466      0x770 dist/GOOGLE_IOT/production/__pa_temp_8961/m2m_ssl.o
 .debug_loc     0x00016bd6     0x205a dist/GOOGLE_IOT/production/__pa_temp_8961/m2m_wifi.o
 .debug_loc     0x00018c30      0x8c9 dist/GOOGLE_IOT/production/__pa_temp_8961/m2m_ota.o
 .debug_loc     0x000194f9      0x171 dist/GOOGLE_IOT/production/__pa_temp_8961/m2m_fwinfo.o
 .debug_loc     0x0001966a     0x1942 dist/GOOGLE_IOT/production/__pa_temp_8961/socket.o
 .debug_loc     0x0001afac      0x6a9 dist/GOOGLE_IOT/production/__pa_temp_8961/spi_flash.o
 .debug_loc     0x0001b655       0x52 build/GOOGLE_IOT/production/mcc_generated_files/mcc.o
 .debug_loc     0x0001b6a7      0x14a build/GOOGLE_IOT/production/mcc_generated_files/delay.o
 .debug_loc     0x0001b7f1      0x1ec dist/GOOGLE_IOT/production/__pa_temp_8961/application_manager.o
 .debug_loc     0x0001b9dd       0xb8 dist/GOOGLE_IOT/production/__pa_temp_8961/debug_print.o
 .debug_loc     0x0001ba95      0x22e build/GOOGLE_IOT/production/mcc_generated_files/led.o
 .debug_loc     0x0001bcc3       0x59 dist/GOOGLE_IOT/production/__pa_temp_8961/sensors_handling.o
 .debug_loc     0x0001bd1c      0x13f dist/GOOGLE_IOT/production/__pa_temp_8961/time_service.o
 .debug_loc     0x0001be5b       0x1e build/GOOGLE_IOT/production/mcc_generated_files/CryptoAuthenticationLibrary/CryptoAuth_init.o

.debug_macinfo
 *(.debug_macinfo)

.debug_weaknames
 *(.debug_weaknames)

.debug_funcnames
 *(.debug_funcnames)

.debug_typenames
 *(.debug_typenames)

.debug_varnames
 *(.debug_varnames)

.debug_pubtypes
 *(.debug_pubtypes)

.debug_ranges   0x00000000     0x1db8
 *(.debug_ranges)
 .debug_ranges  0x00000000       0x78 dist/GOOGLE_IOT/production/__pa_temp_8961/cli.o
 .debug_ranges  0x00000078       0x20 dist/GOOGLE_IOT/production/__pa_temp_8961/crypto_client.o
 .debug_ranges  0x00000098       0x60 dist/GOOGLE_IOT/production/__pa_temp_8961/cloud_service.o
 .debug_ranges  0x000000f8       0xa0 dist/GOOGLE_IOT/production/__pa_temp_8961/wifi_service.o
 .debug_ranges  0x00000198       0x40 dist/GOOGLE_IOT/production/__pa_temp_8961/mqtt_service.o
 .debug_ranges  0x000001d8       0x48 dist/GOOGLE_IOT/production/__pa_temp_8961/google_cloud_service.o
 .debug_ranges  0x00000220       0x10 build/GOOGLE_IOT/production/mcc_generated_files/credentials_storage/credentials_storage.o
 .debug_ranges  0x00000230       0x88 dist/GOOGLE_IOT/production/__pa_temp_8961/atcacert_client.o
 .debug_ranges  0x000002b8      0x1d8 dist/GOOGLE_IOT/production/__pa_temp_8961/atcacert_date.o
 .debug_ranges  0x00000490      0x208 dist/GOOGLE_IOT/production/__pa_temp_8961/atcacert_def.o
 .debug_ranges  0x00000698       0x70 dist/GOOGLE_IOT/production/__pa_temp_8961/atca_basic.o
 .debug_ranges  0x00000708       0x20 dist/GOOGLE_IOT/production/__pa_temp_8961/atca_basic_genkey.o
 .debug_ranges  0x00000728       0x38 dist/GOOGLE_IOT/production/__pa_temp_8961/atca_basic_lock.o
 .debug_ranges  0x00000760       0x28 dist/GOOGLE_IOT/production/__pa_temp_8961/atca_basic_nonce.o
 .debug_ranges  0x00000788       0x10 dist/GOOGLE_IOT/production/__pa_temp_8961/atca_basic_random.o
 .debug_ranges  0x00000798       0x58 dist/GOOGLE_IOT/production/__pa_temp_8961/atca_basic_read.o
 .debug_ranges  0x000007f0       0x18 dist/GOOGLE_IOT/production/__pa_temp_8961/atca_basic_secureboot.o
 .debug_ranges  0x00000808       0x98 dist/GOOGLE_IOT/production/__pa_temp_8961/atca_basic_sha.o
 .debug_ranges  0x000008a0       0x20 dist/GOOGLE_IOT/production/__pa_temp_8961/atca_basic_sign.o
 .debug_ranges  0x000008c0       0x10 dist/GOOGLE_IOT/production/__pa_temp_8961/atca_basic_updateextra.o
 .debug_ranges  0x000008d0       0x40 dist/GOOGLE_IOT/production/__pa_temp_8961/atca_basic_write.o
 .debug_ranges  0x00000910      0x130 dist/GOOGLE_IOT/production/__pa_temp_8961/atca_helpers.o
 .debug_ranges  0x00000a40       0x30 dist/GOOGLE_IOT/production/__pa_temp_8961/sha1_routines.o
 .debug_ranges  0x00000a70       0x30 dist/GOOGLE_IOT/production/__pa_temp_8961/sha2_routines.o
 .debug_ranges  0x00000aa0       0x28 dist/GOOGLE_IOT/production/__pa_temp_8961/atca_crypto_sw_sha2.o
 .debug_ranges  0x00000ac8       0x20 dist/GOOGLE_IOT/production/__pa_temp_8961/atca_hal.o
 .debug_ranges  0x00000ae8       0x50 dist/GOOGLE_IOT/production/__pa_temp_8961/atca_i2c_hal.o
 .debug_ranges  0x00000b38       0x18 dist/GOOGLE_IOT/production/__pa_temp_8961/hal_i2c_timer.o
 .debug_ranges  0x00000b50       0x38 dist/GOOGLE_IOT/production/__pa_temp_8961/atca_jwt.o
 .debug_ranges  0x00000b88      0x100 dist/GOOGLE_IOT/production/__pa_temp_8961/atca_command.o
 .debug_ranges  0x00000c88       0x28 build/GOOGLE_IOT/production/mcc_generated_files/CryptoAuthenticationLibrary/atca_device.o
 .debug_ranges  0x00000cb0       0x18 dist/GOOGLE_IOT/production/__pa_temp_8961/atca_execution.o
 .debug_ranges  0x00000cc8       0x60 dist/GOOGLE_IOT/production/__pa_temp_8961/atca_iface.o
 .debug_ranges  0x00000d28       0x18 build/GOOGLE_IOT/production/mcc_generated_files/drivers/spi_master.o
 .debug_ranges  0x00000d40       0xe0 dist/GOOGLE_IOT/production/__pa_temp_8961/timeout.o
 .debug_ranges  0x00000e20       0x68 dist/GOOGLE_IOT/production/__pa_temp_8961/i2c_simple_master.o
 .debug_ranges  0x00000e88       0x38 dist/GOOGLE_IOT/production/__pa_temp_8961/mqtt_comm_layer.o
 .debug_ranges  0x00000ec0       0xb8 dist/GOOGLE_IOT/production/__pa_temp_8961/mqtt_core.o
 .debug_ranges  0x00000f78       0x28 dist/GOOGLE_IOT/production/__pa_temp_8961/mqtt_exchange_buffer.o
 .debug_ranges  0x00000fa0       0x18 build/GOOGLE_IOT/production/mcc_generated_files/mqtt/mqtt_packetTransfer_interface.o
 .debug_ranges  0x00000fb8      0x108 dist/GOOGLE_IOT/production/__pa_temp_8961/mqtt_winc_adapter.o
 .debug_ranges  0x000010c0       0xc0 dist/GOOGLE_IOT/production/__pa_temp_8961/pin_manager.o
 .debug_ranges  0x00001180       0x10 build/GOOGLE_IOT/production/mcc_generated_files/src/cpuint.o
 .debug_ranges  0x00001190       0x80 build/GOOGLE_IOT/production/mcc_generated_files/src/spi0.o
 .debug_ranges  0x00001210       0x80 build/GOOGLE_IOT/production/mcc_generated_files/src/rtc.o
 .debug_ranges  0x00001290      0x1d0 dist/GOOGLE_IOT/production/__pa_temp_8961/twi0_master.o
 .debug_ranges  0x00001460       0x98 build/GOOGLE_IOT/production/mcc_generated_files/src/adc0.o
 .debug_ranges  0x000014f8       0xb0 build/GOOGLE_IOT/production/mcc_generated_files/src/usart2.o
 .debug_ranges  0x000015a8       0x88 dist/GOOGLE_IOT/production/__pa_temp_8961/winc_spi.o
 .debug_ranges  0x00001630       0x68 dist/GOOGLE_IOT/production/__pa_temp_8961/winc_adapter.o
 .debug_ranges  0x00001698       0x58 dist/GOOGLE_IOT/production/__pa_temp_8961/winc_hif.o
 .debug_ranges  0x000016f0       0x58 dist/GOOGLE_IOT/production/__pa_temp_8961/winc_asic.o
 .debug_ranges  0x00001748       0x20 dist/GOOGLE_IOT/production/__pa_temp_8961/winc_drv.o
 .debug_ranges  0x00001768       0x50 dist/GOOGLE_IOT/production/__pa_temp_8961/m2m_ssl.o
 .debug_ranges  0x000017b8      0x2a8 dist/GOOGLE_IOT/production/__pa_temp_8961/m2m_wifi.o
 .debug_ranges  0x00001a60       0x78 dist/GOOGLE_IOT/production/__pa_temp_8961/m2m_ota.o
 .debug_ranges  0x00001ad8       0x18 dist/GOOGLE_IOT/production/__pa_temp_8961/m2m_fwinfo.o
 .debug_ranges  0x00001af0       0xd0 dist/GOOGLE_IOT/production/__pa_temp_8961/socket.o
 .debug_ranges  0x00001bc0       0x50 dist/GOOGLE_IOT/production/__pa_temp_8961/spi_flash.o
 .debug_ranges  0x00001c10       0x40 build/GOOGLE_IOT/production/mcc_generated_files/mcc.o
 .debug_ranges  0x00001c50       0x18 build/GOOGLE_IOT/production/mcc_generated_files/delay.o
 .debug_ranges  0x00001c68       0x50 dist/GOOGLE_IOT/production/__pa_temp_8961/application_manager.o
 .debug_ranges  0x00001cb8       0x28 dist/GOOGLE_IOT/production/__pa_temp_8961/debug_print.o
 .debug_ranges  0x00001ce0       0x40 build/GOOGLE_IOT/production/mcc_generated_files/led.o
 .debug_ranges  0x00001d20       0x18 dist/GOOGLE_IOT/production/__pa_temp_8961/sensors_handling.o
 .debug_ranges  0x00001d38       0x60 dist/GOOGLE_IOT/production/__pa_temp_8961/time_service.o
 .debug_ranges  0x00001d98       0x10 build/GOOGLE_IOT/production/mcc_generated_files/CryptoAuthenticationLibrary/CryptoAuth_init.o
 .debug_ranges  0x00001da8       0x10 build/GOOGLE_IOT/production/main.o

.debug_macro
 *(.debug_macro)
OUTPUT(dist/GOOGLE_IOT/production/AVRIoT.X.production.elf elf32-avr)
LOAD linker stubs
LOAD data_init

.note.gnu.avr.deviceinfo
                0x00000000       0x40
 .note.gnu.avr.deviceinfo
                0x00000000       0x40 /opt/microchip/mplabx/v5.30/packs/Microchip/ATmega_DFP/2.0.12/gcc/dev/atmega4808/avrxmega3/crtatmega4808.o

.bss.test.6298  0x00803354        0x1
 .bss.test.6298
                0x00803354        0x1 dist/GOOGLE_IOT/production/__pa_temp_8961/cli.o

.bss.ateccsn    0x00803318        0x2
 .bss.ateccsn   0x00803318        0x2 dist/GOOGLE_IOT/production/__pa_temp_8961/cli.o

.bss.commandTooLongFlag
                0x00803355        0x1
 .bss.commandTooLongFlag
                0x00803355        0x1 dist/GOOGLE_IOT/production/__pa_temp_8961/cli.o

.bss.index      0x00803356        0x1
 .bss.index     0x00803356        0x1 dist/GOOGLE_IOT/production/__pa_temp_8961/cli.o

.bss.command    0x00802fc4       0x64
 .bss.command   0x00802fc4       0x64 dist/GOOGLE_IOT/production/__pa_temp_8961/cli.o

.bss.subscriptionTopicCount.5633
                0x00803357        0x1
 .bss.subscriptionTopicCount.5633
                0x00803357        0x1 dist/GOOGLE_IOT/production/__pa_temp_8961/cloud_service.o

.bss.wifiConnectionStateChangedCallback
                0x0080331a        0x2
 .bss.wifiConnectionStateChangedCallback
                0x0080331a        0x2 dist/GOOGLE_IOT/production/__pa_temp_8961/wifi_service.o
                0x0080331a                wifiConnectionStateChangedCallback

.bss.responseFromProvisionConnect
                0x00803358        0x1
 .bss.responseFromProvisionConnect
                0x00803358        0x1 dist/GOOGLE_IOT/production/__pa_temp_8961/wifi_service.o

.bss.publishRecvInfo
                0x0080331c        0x2
 .bss.publishRecvInfo
                0x0080331c        0x2 dist/GOOGLE_IOT/production/__pa_temp_8961/mqtt_service.o

.bss._gDevice   0x0080331e        0x2
 .bss._gDevice  0x0080331e        0x2 dist/GOOGLE_IOT/production/__pa_temp_8961/atca_basic.o
                0x0080331e                _gDevice

.bss.i2c_address
                0x00803359        0x1
 .bss.i2c_address
                0x00803359        0x1 dist/GOOGLE_IOT/production/__pa_temp_8961/atca_i2c_hal.o
                0x00803359                i2c_address

.bss.isRunning  0x0080335a        0x1
 .bss.isRunning
                0x0080335a        0x1 dist/GOOGLE_IOT/production/__pa_temp_8961/timeout.o
                0x0080335a                isRunning

.bss.lastTimerLoad
                0x008032f0        0x4
 .bss.lastTimerLoad
                0x008032f0        0x4 dist/GOOGLE_IOT/production/__pa_temp_8961/timeout.o
                0x008032f0                lastTimerLoad

.bss.absoluteTimeofLastTimeout
                0x008032f4        0x4
 .bss.absoluteTimeofLastTimeout
                0x008032f4        0x4 dist/GOOGLE_IOT/production/__pa_temp_8961/timeout.o
                0x008032f4                absoluteTimeofLastTimeout

.bss.executeQueueHead
                0x00803320        0x2
 .bss.executeQueueHead
                0x00803320        0x2 dist/GOOGLE_IOT/production/__pa_temp_8961/timeout.o
                0x00803320                executeQueueHead

.bss.listHead   0x00803322        0x2
 .bss.listHead  0x00803322        0x2 dist/GOOGLE_IOT/production/__pa_temp_8961/timeout.o
                0x00803322                listHead

.bss.lastSentSize
                0x00803324        0x2
 .bss.lastSentSize
                0x00803324        0x2 dist/GOOGLE_IOT/production/__pa_temp_8961/mqtt_comm_layer.o

.bss.mqttRxBuff
                0x00802b63      0x190
 .bss.mqttRxBuff
                0x00802b63      0x190 dist/GOOGLE_IOT/production/__pa_temp_8961/mqtt_comm_layer.o

.bss.mqttTxBuff
                0x00802cf3      0x190
 .bss.mqttTxBuff
                0x00802cf3      0x190 dist/GOOGLE_IOT/production/__pa_temp_8961/mqtt_comm_layer.o

.bss.mqttConn   0x008031e9       0x12
 .bss.mqttConn  0x008031e9       0x12 dist/GOOGLE_IOT/production/__pa_temp_8961/mqtt_comm_layer.o

.bss.mqttState  0x0080335c        0x1
 .bss.mqttState
                0x0080335c        0x1 dist/GOOGLE_IOT/production/__pa_temp_8961/mqtt_core.o

.bss.lastReceivedLength
                0x00803326        0x2
 .bss.lastReceivedLength
                0x00803326        0x2 dist/GOOGLE_IOT/production/__pa_temp_8961/mqtt_core.o

.bss.lastReceivedPacketHeader
                0x0080335d        0x1
 .bss.lastReceivedPacketHeader
                0x0080335d        0x1 dist/GOOGLE_IOT/production/__pa_temp_8961/mqtt_core.o

.bss.lastMQTTHandlerState
                0x0080335e        0x1
 .bss.lastMQTTHandlerState
                0x0080335e        0x1 dist/GOOGLE_IOT/production/__pa_temp_8961/mqtt_core.o

.bss.mqttTimeouts
                0x0080335f        0x1
 .bss.mqttTimeouts
                0x0080335f        0x1 dist/GOOGLE_IOT/production/__pa_temp_8961/mqtt_core.o

.bss.txUnsubscribePacket
                0x00803237        0xd
 .bss.txUnsubscribePacket
                0x00803237        0xd dist/GOOGLE_IOT/production/__pa_temp_8961/mqtt_core.o

.bss.txSubscribePacket
                0x0080321b        0xe
 .bss.txSubscribePacket
                0x0080321b        0xe dist/GOOGLE_IOT/production/__pa_temp_8961/mqtt_core.o

.bss.txPublishPacket
                0x0080320b       0x10
 .bss.txPublishPacket
                0x0080320b       0x10 dist/GOOGLE_IOT/production/__pa_temp_8961/mqtt_core.o

.bss.txConnectPacket
                0x0080318f       0x1d
 .bss.txConnectPacket
                0x0080318f       0x1d dist/GOOGLE_IOT/production/__pa_temp_8961/mqtt_core.o

.bss.mqttRxFlags
                0x00803360        0x1
 .bss.mqttRxFlags
                0x00803360        0x1 dist/GOOGLE_IOT/production/__pa_temp_8961/mqtt_core.o

.bss.mqttTxFlags
                0x00803361        0x1
 .bss.mqttTxFlags
                0x00803361        0x1 dist/GOOGLE_IOT/production/__pa_temp_8961/mqtt_core.o

.bss.packetRecvInfo
                0x00803328        0x2
 .bss.packetRecvInfo
                0x00803328        0x2 dist/GOOGLE_IOT/production/__pa_temp_8961/mqtt_winc_adapter.o

.bss.bsdErrorNumber
                0x00803362        0x1
 .bss.bsdErrorNumber
                0x00803362        0x1 dist/GOOGLE_IOT/production/__pa_temp_8961/mqtt_winc_adapter.o

.bss.PORTF_WAKE_InterruptHandler
                0x0080332a        0x2
 .bss.PORTF_WAKE_InterruptHandler
                0x0080332a        0x2 dist/GOOGLE_IOT/production/__pa_temp_8961/pin_manager.o

.bss.PORTF_SW1_InterruptHandler
                0x0080332c        0x2
 .bss.PORTF_SW1_InterruptHandler
                0x0080332c        0x2 dist/GOOGLE_IOT/production/__pa_temp_8961/pin_manager.o

.bss.PORTF_INT_InterruptHandler
                0x0080332e        0x2
 .bss.PORTF_INT_InterruptHandler
                0x0080332e        0x2 dist/GOOGLE_IOT/production/__pa_temp_8961/pin_manager.o

.bss.PORTF_CE_InterruptHandler
                0x00803330        0x2
 .bss.PORTF_CE_InterruptHandler
                0x00803330        0x2 dist/GOOGLE_IOT/production/__pa_temp_8961/pin_manager.o

.bss.PORTF_PF0_InterruptHandler
                0x00803332        0x2
 .bss.PORTF_PF0_InterruptHandler
                0x00803332        0x2 dist/GOOGLE_IOT/production/__pa_temp_8961/pin_manager.o

.bss.PORTF_PF1_InterruptHandler
                0x00803334        0x2
 .bss.PORTF_PF1_InterruptHandler
                0x00803334        0x2 dist/GOOGLE_IOT/production/__pa_temp_8961/pin_manager.o

.bss.PORTF_SW0_InterruptHandler
                0x00803336        0x2
 .bss.PORTF_SW0_InterruptHandler
                0x00803336        0x2 dist/GOOGLE_IOT/production/__pa_temp_8961/pin_manager.o

.bss.spi0_desc  0x00803363        0x1
 .bss.spi0_desc
                0x00803363        0x1 build/GOOGLE_IOT/production/mcc_generated_files/src/spi0.o

.bss.RTC_PIT_isr_cb
                0x00803338        0x2
 .bss.RTC_PIT_isr_cb
                0x00803338        0x2 build/GOOGLE_IOT/production/mcc_generated_files/src/rtc.o
                0x00803338                RTC_PIT_isr_cb
